10-26 00:38:34.731 13013 13013 I RSMC-SERVICE-Service: notifySysStatus: STOP_CAP_SUCC,-2,16
10-26 00:38:34.731 13013 13013 I RSMC-SERVICE-Service: rsmc-process: smc service set acq status: 1,16,16,0,-2,true,-1,false
10-26 00:38:34.731 13013 13013 I RSMC-SERVICE-NativeAdaptor: in SetAcqEnable status:1,prn:16
10-26 00:38:34.731 13013 13013 I RSMC-SERVICE-NativeAdaptor: sendMsg enter
10-26 00:38:34.732  1853 17247 I HwSmcManager: setRsmcMsgToFwk intent type: 0
10-26 00:38:34.732   906   949 I RSMC-msg-native: rsmc-process: process hidl msg, msgLen is 20, Func:NativeRecvHidlData
10-26 00:38:34.732 13013 13013 I RSMC-SERVICE-NativeAdaptor: sendMsg msg send succ, type: 0
10-26 00:38:34.732   906   953 D RSMC-MAINLOOP: process cb idx:0,cb:0x7831d24cf4,fd:6
10-26 00:38:34.732   906   953 D RSMC-msg-native: ProcessFrkMsg enter, type:12
10-26 00:38:34.732   906   953 I RSMC-CtrlMsg: rsmc-process: SetSmoothCnt is 255!
10-26 00:38:34.732   906   953 I RSMC-CtrlMsg: rsmc-process:  InitMeasReportCnt!
10-26 00:38:34.732   906   953 I RSMC-ATCMD: CmdSend: fid(95) $SMACQ,1,16,0
10-26 00:38:34.732   906   953 I RSMC-ATCMD: rsmc-process: S-M-A-C-Q,1,16,0! Func:BdSmcAcq
10-26 00:38:34.732   906   953 D RSMC-MAINLOOP: main poll next wait 3921 ms
10-26 00:38:34.732   906 24207 D RSMC-PHY-CMD: CmdReadProcess: PHY_DATA >> len 15 cmd $SMACQ,1,16,0
10-26 00:38:34.732   906 24207 D RSMC-110X-PHY: RsmcAcq: enable=1,prn=16,crazy=0
10-26 00:38:34.732   906 24207 I RSMC-110X-PHY: PhyProcess: msg type = 401, status=2
10-26 00:38:34.732   906 24207 I RSMC-PHY-ACQ: StartAcqTimer: 1000
10-26 00:38:34.732   906 24207 I RSMC-PHY-ACQ: StopAcqTimer
10-26 00:38:34.732   906 24207 I RSMC-PHY-110X-CHANNEL-MANAGER: BeamGetTimeOffset: prn=16,timeoffset=52018.657000
10-26 00:38:34.732   906 24207 D RSMC-110XPHY-ADAPTOR: SendAcqCmd
10-26 00:38:34.733   906 24207 I RSMC-110XPHY-ADAPTOR: 110X_DATA >> $SMRACQ=1,16,D1A,48,52018657,0,1,0,500
10-26 00:38:34.733   906 24207 I RSMC-PHY-ACQ: StartRdrTimer: 8000
10-26 00:38:34.733   906 24207 I RSMC-PHY-ACQ: StopRdrTimer
10-26 00:38:34.734   906 24206 I RSMC-110XPHY-ADAPTOR: 110X_DATA << $SMRACQ,0,1,16,0
10-26 00:38:34.734   906 24206 I RSMC-PHY-ACQ: UnsolidAcqProc: 1
10-26 00:38:34.734   906 24206 I RSMC-PHY-ACQ: StopAcqTimer
10-26 00:38:34.734   906 24206 I RSMC-PHY-CMD: UnsoliRsmcAcq:enter 1
10-26 00:38:34.734   906 24206 D RSMC-PHY-CMD: PHY_DATA << $SMACQ,OK
10-26 00:38:34.734   906   953 D RSMC-MAINLOOP: process cb idx:1,cb:0x7831d21f28,fd:78
10-26 00:38:34.734   906   953 I RSMC-ATCMD: rsmc-process: S-M-A-C-Q OK! Func:UnsoliBdSmcMsgAcq
10-26 00:38:34.734   906   953 D RSMC-MAINLOOP: main poll next wait 3920 ms
10-26 00:38:35.455  2240  2240 W HIGNSS  : PE_RSMC:[CalCurAveClkDrift]curClkDriftCnt: 0
10-26 00:38:35.459   906 24206 I RSMC-110XPHY-ADAPTOR: 110X_DATA << $SMRFER,22,-243,40,991
10-26 00:38:35.459   906 24206 I RSMC-110XPHY-ADAPTOR: 110X_DATA << $SMRINT,65
10-26 00:38:35.643 13013 24242 I RSMC-SERVICE-SatAliMgr: bundle:Bundle[{targetPitch=43.4723082035268, mobilePitch=12.1, mobileAzimuth=193.4, trueNorthAzimuth=238.4, cnr=0, pitchAngleDelta=31, eventValue0=0.4721849858760834, eventValue1=0.3859489858150482, eventValue2=0.7568939924240112, eventValue3=0.234935000538826, azimuthDelta=-4, targetAzimuth=188.97671771107272, sateIdx=61, trueNorthPitch=-52.141357}]
10-26 00:38:35.781   906 24206 I RSMC-110XPHY-ADAPTOR: 110X_DATA << $SMRRDR,1,16,15
10-26 00:38:35.781   906 24206 I RSMC-PHY-ACQ: StopRdrTimer
10-26 00:38:35.781   906 24206 I RSMC-PHY-ACQ: RdssAcqRdrHandle: rst:1
10-26 00:38:35.781   906 24206 E RSMC-PHY-ACQ: RdssAcqRdrHandle: rst err!
10-26 00:38:35.781   906 24206 D RSMC-PHY-CMD: PHY_DATA << $SMSTA,6,0
10-26 00:38:35.781   906 24206 I RSMC-110X-PHY: PHY_STATE: 2 -> 2
10-26 00:38:35.782   906   953 D RSMC-MAINLOOP: process cb idx:1,cb:0x7831d21f28,fd:78
10-26 00:38:35.782   906   953 I RSMC-ATCMD: UnsoliBdSmcMsgPhyStatusRpt:staus=6,cause=0
10-26 00:38:35.782   906   953 I RSMC-CtrlMsg: rsmc-process: phy status is 6! Func:BdspPhyStatusRptProcess
10-26 00:38:35.782   906   953 I RSMC-CtrlMsg: BdspGetTxToRxPolicy: txToRxPolicy = 2
10-26 00:38:35.782   906   953 I RSMC-context: rsmc-process: SysStatus report! status = 2, cause = 0! FUNC:NotifySmcSysStatusCb
10-26 00:38:35.782   906   953 D RSMC-msg-native: send data to framework
10-26 00:38:35.783 13013 13013 I RSMC-SERVICE-NativeAdaptor: handleRecvMsg msg len:8, type:1
10-26 00:38:35.783 13013 13013 I RSMC-SERVICE-NativeAdaptor: recvMsg processCb type: 1
10-26 00:38:35.783   906   953 D RSMC-msg-native: send to framework msg succ
10-26 00:38:35.783   906   953 I RSMC-CtrlMsg: rsmc-process: status from 1 to 1!
10-26 00:38:35.783   906   953 D RSMC-MAINLOOP: main poll next wait 2870 ms
10-26 00:38:35.783 13013 13013 I RSMC-SERVICE-Service: notifySysStatus CAP_FAIL_STATUS 0,true
10-26 00:38:35.783 13013 13013 I RSMC-SERVICE-SatAliMgr: in notifyAcqStatus 0
10-26 00:38:35.783 13013 13013 I RSMC-SERVICE-SatAliMgr: handleAcqFail:false,false,0,true
10-26 00:38:35.783 13013 13013 I RSMC-SERVICE-SatAliMgr: handle110XAcqFail: isSafeMode=false, isFirstSatAcq=true, m110xAcqTimeOut=0
10-26 00:38:35.783 13013 13013 I RSMC-SERVICE-SatAliMgr: handle110XAcqFail4Rev: isSafeMode=false, isFirstSatAcq=true, m110xAcqTimeOut=0
10-26 00:38:35.784 13013 13013 I RSMC-SERVICE-Service: rsmc-process: smc service set acq status: 1,16,16,0,0,true,-1,false
10-26 00:38:35.784 13013 13013 I RSMC-SERVICE-NativeAdaptor: in SetAcqEnable status:0,prn:16
10-26 00:38:35.784 13013 13013 I RSMC-SERVICE-NativeAdaptor: sendMsg enter
10-26 00:38:35.785  1853  2464 I HwSmcManager: setRsmcMsgToFwk intent type: 0
10-26 00:38:35.785 13013 13013 I RSMC-SERVICE-NativeAdaptor: sendMsg msg send succ, type: 0
10-26 00:38:35.786   906   949 I RSMC-msg-native: rsmc-process: process hidl msg, msgLen is 20, Func:NativeRecvHidlData
10-26 00:38:35.786   906   953 D RSMC-MAINLOOP: process cb idx:0,cb:0x7831d24cf4,fd:6
10-26 00:38:35.786   906   953 D RSMC-msg-native: ProcessFrkMsg enter, type:12
10-26 00:38:35.786   906   953 I RSMC-CtrlMsg: rsmc-process: SetSmoothCnt is 255!
10-26 00:38:35.786   906   953 I RSMC-CtrlMsg: rsmc-process:  InitMeasReportCnt!
10-26 00:38:35.786   906   953 I RSMC-ATCMD: CmdSend: fid(95) $SMACQ,0,16,0
10-26 00:38:35.786   906 24207 D RSMC-PHY-CMD: CmdReadProcess: PHY_DATA >> len 15 cmd $SMACQ,0,16,0
10-26 00:38:35.786   906   953 I RSMC-ATCMD: rsmc-process: S-M-A-C-Q,0,16,0! Func:BdSmcAcq
10-26 00:38:35.786   906 24207 D RSMC-110X-PHY: RsmcAcq: enable=0,prn=16,crazy=0
10-26 00:38:35.786   906   953 D RSMC-MAINLOOP: main poll next wait 2867 ms
10-26 00:38:35.786   906 24207 I RSMC-110X-PHY: PhyProcess: msg type = 405, status=2
10-26 00:38:35.786   906 24207 I RSMC-PHY-ACQ: RdssAcqStopReqEventProc: enter
10-26 00:38:35.786   906 24207 I RSMC-PHY-ACQ: StopRdrTimer
10-26 00:38:35.786   906 24207 D RSMC-110XPHY-ADAPTOR: SendAcqCmd
10-26 00:38:35.786   906 24207 I RSMC-110XPHY-ADAPTOR: 110X_DATA >> $SMRACQ=0
10-26 00:38:35.786   906 24207 I RSMC-110X-PHY: PHY_STATE: 2 -> 2
10-26 00:38:35.788   906 24206 I RSMC-110XPHY-ADAPTOR: 110X_DATA << $SMRACQ,0,0,0,0
10-26 00:38:35.788   906 24206 I RSMC-PHY-ACQ: UnsolidAcqProc: 1
10-26 00:38:35.788   906 24206 I RSMC-PHY-ACQ: StopAcqTimer
10-26 00:38:35.788   906 24206 I RSMC-PHY-CMD: UnsoliRsmcAcq:enter 1
10-26 00:38:35.788   906 24206 D RSMC-PHY-CMD: PHY_DATA << $SMACQ,OK
10-26 00:38:35.788   906   953 D RSMC-MAINLOOP: process cb idx:1,cb:0x7831d21f28,fd:78
10-26 00:38:35.788   906   953 I RSMC-ATCMD: rsmc-process: S-M-A-C-Q OK! Func:UnsoliBdSmcMsgAcq
10-26 00:38:35.788   906   953 I RSMC-context: rsmc-process: SysStatus report! status = 7, cause = 0! FUNC:NotifySmcSysStatusCb
10-26 00:38:35.788   906   953 D RSMC-msg-native: send data to framework
10-26 00:38:35.789   906   953 D RSMC-msg-native: send to framework msg succ
10-26 00:38:35.789   906   953 I RSMC-CtrlMsg: rsmc-process: status from 1 to 1!
10-26 00:38:35.789   906   953 D RSMC-MAINLOOP: main poll next wait 2864 ms
10-26 00:38:35.789 13013 13013 I RSMC-SERVICE-NativeAdaptor: handleRecvMsg msg len:8, type:1
10-26 00:38:35.789 13013 13013 I RSMC-SERVICE-NativeAdaptor: recvMsg processCb type: 1
10-26 00:38:35.789 13013 13013 I RSMC-SERVICE-Service: notifySysStatus: STOP_CAP_SUCC,-2,16
10-26 00:38:35.789 13013 13013 I RSMC-SERVICE-Service: rsmc-process: smc service set acq status: 1,16,16,0,-2,true,-1,false
10-26 00:38:35.790 13013 13013 I RSMC-SERVICE-NativeAdaptor: in SetAcqEnable status:1,prn:16
10-26 00:38:35.790 13013 13013 I RSMC-SERVICE-NativeAdaptor: sendMsg enter
10-26 00:38:35.790  1853  2464 I HwSmcManager: setRsmcMsgToFwk intent type: 0
10-26 00:38:35.790 13013 13013 I RSMC-SERVICE-NativeAdaptor: sendMsg msg send succ, type: 0
10-26 00:38:35.791   906   949 I RSMC-msg-native: rsmc-process: process hidl msg, msgLen is 20, Func:NativeRecvHidlData
10-26 00:38:35.791   906   953 D RSMC-MAINLOOP: process cb idx:0,cb:0x7831d24cf4,fd:6
10-26 00:38:35.791   906   953 D RSMC-msg-native: ProcessFrkMsg enter, type:12
10-26 00:38:35.791   906   953 I RSMC-CtrlMsg: rsmc-process: SetSmoothCnt is 255!
10-26 00:38:35.791   906   953 I RSMC-CtrlMsg: rsmc-process:  InitMeasReportCnt!
10-26 00:38:35.791   906   953 I RSMC-ATCMD: CmdSend: fid(95) $SMACQ,1,16,0
10-26 00:38:35.791   906   953 I RSMC-ATCMD: rsmc-process: S-M-A-C-Q,1,16,0! Func:BdSmcAcq
10-26 00:38:35.791   906   953 D RSMC-MAINLOOP: main poll next wait 2863 ms
10-26 00:38:35.791   906 24207 D RSMC-PHY-CMD: CmdReadProcess: PHY_DATA >> len 15 cmd $SMACQ,1,16,0
10-26 00:38:35.791   906 24207 D RSMC-110X-PHY: RsmcAcq: enable=1,prn=16,crazy=0
10-26 00:38:35.791   906 24207 I RSMC-110X-PHY: PhyProcess: msg type = 401, status=2
10-26 00:38:35.791   906 24207 I RSMC-PHY-ACQ: StartAcqTimer: 1000
10-26 00:38:35.791   906 24207 I RSMC-PHY-ACQ: StopAcqTimer
10-26 00:38:35.791   906 24207 I RSMC-PHY-110X-CHANNEL-MANAGER: BeamGetTimeOffset: prn=16,timeoffset=52018.657000
10-26 00:38:35.791   906 24207 D RSMC-110XPHY-ADAPTOR: SendAcqCmd
10-26 00:38:35.791   906 24207 I RSMC-110XPHY-ADAPTOR: 110X_DATA >> $SMRACQ=1,16,D1A,48,52018657,0,1,0,500
10-26 00:38:35.791   906 24207 I RSMC-PHY-ACQ: StartRdrTimer: 8000
10-26 00:38:35.791   906 24207 I RSMC-PHY-ACQ: StopRdrTimer
10-26 00:38:35.793   906 24206 I RSMC-110XPHY-ADAPTOR: 110X_DATA << $SMRACQ,0,1,16,0
10-26 00:38:35.793   906 24206 I RSMC-PHY-ACQ: UnsolidAcqProc: 1
10-26 00:38:35.793   906 24206 I RSMC-PHY-ACQ: StopAcqTimer
10-26 00:38:35.793   906 24206 I RSMC-PHY-CMD: UnsoliRsmcAcq:enter 1
10-26 00:38:35.793   906 24206 D RSMC-PHY-CMD: PHY_DATA << $SMACQ,OK
10-26 00:38:35.793   906   953 D RSMC-MAINLOOP: process cb idx:1,cb:0x7831d21f28,fd:78
10-26 00:38:35.793   906   953 I RSMC-ATCMD: rsmc-process: S-M-A-C-Q OK! Func:UnsoliBdSmcMsgAcq
10-26 00:38:35.793   906   953 D RSMC-MAINLOOP: main poll next wait 2861 ms
10-26 00:38:36.456  2240  2240 W HIGNSS  : PE_RSMC:[CalCurAveClkDrift]curClkDriftCnt: 0
10-26 00:38:36.463   906 24206 I RSMC-110XPHY-ADAPTOR: 110X_DATA << $SMRFER,22,-243,40,991
10-26 00:38:36.463   906 24206 I RSMC-110XPHY-ADAPTOR: 110X_DATA << $SMRINT,69
10-26 00:38:36.645 13013 24242 I RSMC-SERVICE-SatAliMgr: bundle:Bundle[{targetPitch=43.4723082035268, mobilePitch=15.4, mobileAzimuth=194.3, trueNorthAzimuth=239.3, cnr=0, pitchAngleDelta=28, eventValue0=0.5012949705123901, eventValue1=0.44979599118232727, eventValue2=0.7149950265884399, eventValue3=0.18752799928188324, azimuthDelta=-5, targetAzimuth=188.97671771107272, sateIdx=61, trueNorthPitch=-55.359314}]
10-26 00:38:37.092   906 24206 I RSMC-110XPHY-ADAPTOR: 110X_DATA << $SMRRDR,0,16,0
10-26 00:38:37.092   906 24206 I RSMC-PHY-ACQ: StopRdrTimer
10-26 00:38:37.092   906 24206 I RSMC-PHY-ACQ: RdssAcqRdrHandle: rst:0
10-26 00:38:37.092   906 24206 I RSMC-110X-PHY: PHY_STATE: 2 -> 3
10-26 00:38:37.092   906 24206 D RSMC-PHY-CMD: PHY_DATA << $SMSTA,8,0
10-26 00:38:37.092   906 24206 I RSMC-110XPHY-ADAPTOR: 110X_DATA << $SMRRXR,1298,0,0
10-26 00:38:37.093   906   953 D RSMC-MAINLOOP: process cb idx:1,cb:0x7831d21f28,fd:78
10-26 00:38:37.093   906   953 I RSMC-ATCMD: UnsoliBdSmcMsgPhyStatusRpt:staus=8,cause=0
10-26 00:38:37.093   906   953 I RSMC-CtrlMsg: rsmc-process: phy status is 8! Func:BdspPhyStatusRptProcess
10-26 00:38:37.093   906   953 I RSMC-CtrlMsg: rsmc-process: status from 1 to 2!
10-26 00:38:37.093   906   953 D RSMC-MAINLOOP: main poll next wait 1559 ms
10-26 00:38:37.406   906 24206 I RSMC-110XPHY-ADAPTOR: 110X_DATA << $SMRDRX,1,16
10-26 00:38:37.456  2240  2240 W HIGNSS  : PE_RSMC:[CalCurAveClkDrift]curClkDriftCnt: 0
10-26 00:38:37.463   906 24206 I RSMC-110XPHY-ADAPTOR: 110X_DATA << $SMRFER,22,-243,40,991
10-26 00:38:37.463   906 24206 I RSMC-110XPHY-ADAPTOR: 110X_DATA << $SMRINT,80
10-26 00:38:37.477 13013 24242 I RSMC-SERVICE-SatAliMgr: in checkDeltaAngle to start acq
10-26 00:38:37.477 13013 24242 I RSMC-SERVICE-SatAliMgr: handleSafeMode mCurrentAcqRes = 0, true
10-26 00:38:37.477 13013 24242 I RSMC-SERVICE-SatAliMgr: stopTimer
10-26 00:38:37.477 13013 24242 I RSMC-SERVICE-SatAliMgr: startAcqCycle:false,true,0
10-26 00:38:37.478 13013 24242 I RSMC-SERVICE-Service: rsmc-process: smc service set acq status: 1,16,16,0,0,true,-1,false
10-26 00:38:37.478 13013 24242 I RSMC-SERVICE-NativeAdaptor: in SetAcqEnable status:0,prn:16
10-26 00:38:37.479 13013 13013 I RSMC-SERVICE-Service: rsmc-process: whether is mail query services status:4type:3
10-26 00:38:37.480 13013 13013 I RSMC-SERVICE-NativeAdaptor: sendMsg enter
10-26 00:38:37.481 13013 24201 I RSMC-SERVICE-Service: handleSysStatusToApk Bundle[{status=4, cause=7}]
10-26 00:38:37.483  1853  2464 I HwSmcManager: setRsmcMsgToFwk intent type: 0
10-26 00:38:37.484 13013 13013 I RSMC-SERVICE-NativeAdaptor: sendMsg msg send succ, type: 0
10-26 00:38:37.484   906   949 I RSMC-msg-native: rsmc-process: process hidl msg, msgLen is 20, Func:NativeRecvHidlData
10-26 00:38:37.484   906   953 D RSMC-MAINLOOP: process cb idx:0,cb:0x7831d24cf4,fd:6
10-26 00:38:37.484   906   953 D RSMC-msg-native: ProcessFrkMsg enter, type:12
10-26 00:38:37.484   906   953 I RSMC-CtrlMsg: rsmc-process: SetSmoothCnt is 255!
10-26 00:38:37.484   906   953 I RSMC-CtrlMsg: rsmc-process:  InitMeasReportCnt!
10-26 00:38:37.484   906   953 I RSMC-ATCMD: CmdSend: fid(95) $SMACQ,0,16,0
10-26 00:38:37.484   906   953 I RSMC-ATCMD: rsmc-process: S-M-A-C-Q,0,16,0! Func:BdSmcAcq
10-26 00:38:37.484   906   953 D RSMC-MAINLOOP: main poll next wait 1168 ms
10-26 00:38:37.485   906 24207 D RSMC-PHY-CMD: CmdReadProcess: PHY_DATA >> len 15 cmd $SMACQ,0,16,0
10-26 00:38:37.485   906 24207 D RSMC-110X-PHY: RsmcAcq: enable=0,prn=16,crazy=0
10-26 00:38:37.485   906 24207 I RSMC-110X-PHY: PhyProcess: msg type = 405, status=3
10-26 00:38:37.485   906 24207 I RSMC-PHY-ACQ: RdssAcqStopReqEventProc: enter
10-26 00:38:37.485   906 24207 I RSMC-PHY-ACQ: StopRdrTimer
10-26 00:38:37.485   906 24207 D RSMC-110XPHY-ADAPTOR: SendAcqCmd
10-26 00:38:37.485   906 24207 I RSMC-110XPHY-ADAPTOR: 110X_DATA >> $SMRACQ=0
10-26 00:38:37.485   906 24207 I RSMC-110X-PHY: PHY_STATE: 3 -> 2
10-26 00:38:37.487   906 24206 I RSMC-110XPHY-ADAPTOR: 110X_DATA << $SMRACQ,0,0,0,0
10-26 00:38:37.487   906 24206 I RSMC-PHY-ACQ: UnsolidAcqProc: 1
10-26 00:38:37.487   906 24206 I RSMC-PHY-ACQ: StopAcqTimer
10-26 00:38:37.487   906 24206 I RSMC-PHY-CMD: UnsoliRsmcAcq:enter 1
10-26 00:38:37.487   906 24206 D RSMC-PHY-CMD: PHY_DATA << $SMACQ,OK
10-26 00:38:37.487   906   953 D RSMC-MAINLOOP: process cb idx:1,cb:0x7831d21f28,fd:78
10-26 00:38:37.487   906   953 I RSMC-ATCMD: rsmc-process: S-M-A-C-Q OK! Func:UnsoliBdSmcMsgAcq
10-26 00:38:37.487   906   953 I RSMC-context: rsmc-process: SysStatus report! status = 7, cause = 0! FUNC:NotifySmcSysStatusCb
10-26 00:38:37.487   906   953 D RSMC-msg-native: send data to framework
10-26 00:38:37.488 13013 13013 I RSMC-SERVICE-NativeAdaptor: handleRecvMsg msg len:8, type:1
10-26 00:38:37.488 13013 13013 I RSMC-SERVICE-NativeAdaptor: recvMsg processCb type: 1
10-26 00:38:37.488   906   953 D RSMC-msg-native: send to framework msg succ
10-26 00:38:37.488 13013 13013 I RSMC-SERVICE-Service: notifySysStatus: STOP_CAP_SUCC,-2,16
10-26 00:38:37.488   906   953 I RSMC-CtrlMsg: rsmc-process: status from 2 to 1!
10-26 00:38:37.488   906   953 D RSMC-MAINLOOP: main poll next wait 1165 ms
10-26 00:38:37.488 13013 13013 I RSMC-SERVICE-Service: rsmc-process: smc service set acq status: 1,16,16,0,-2,true,-1,false
10-26 00:38:37.488 13013 13013 I RSMC-SERVICE-NativeAdaptor: in SetAcqEnable status:1,prn:16
10-26 00:38:37.488 13013 13013 I RSMC-SERVICE-NativeAdaptor: sendMsg enter
10-26 00:38:37.488  1853  2464 I HwSmcManager: setRsmcMsgToFwk intent type: 0
10-26 00:38:37.489 13013 13013 I RSMC-SERVICE-NativeAdaptor: sendMsg msg send succ, type: 0
10-26 00:38:37.489   906   949 I RSMC-msg-native: rsmc-process: process hidl msg, msgLen is 20, Func:NativeRecvHidlData
10-26 00:38:37.489   906   953 D RSMC-MAINLOOP: process cb idx:0,cb:0x7831d24cf4,fd:6
10-26 00:38:37.489   906   953 D RSMC-msg-native: ProcessFrkMsg enter, type:12
10-26 00:38:37.489   906   953 I RSMC-CtrlMsg: rsmc-process: SetSmoothCnt is 255!
10-26 00:38:37.489   906   953 I RSMC-CtrlMsg: rsmc-process:  InitMeasReportCnt!
10-26 00:38:37.489   906   953 I RSMC-ATCMD: CmdSend: fid(95) $SMACQ,1,16,0
10-26 00:38:37.489   906   953 I RSMC-ATCMD: rsmc-process: S-M-A-C-Q,1,16,0! Func:BdSmcAcq
10-26 00:38:37.489   906   953 D RSMC-MAINLOOP: main poll next wait 1163 ms
10-26 00:38:37.489   906 24207 D RSMC-PHY-CMD: CmdReadProcess: PHY_DATA >> len 15 cmd $SMACQ,1,16,0
10-26 00:38:37.489   906 24207 D RSMC-110X-PHY: RsmcAcq: enable=1,prn=16,crazy=0
10-26 00:38:37.489   906 24207 I RSMC-110X-PHY: PhyProcess: msg type = 401, status=2
10-26 00:38:37.489   906 24207 I RSMC-PHY-ACQ: StartAcqTimer: 1000
10-26 00:38:37.489   906 24207 I RSMC-PHY-ACQ: StopAcqTimer
10-26 00:38:37.490   906 24207 I RSMC-PHY-110X-CHANNEL-MANAGER: BeamGetTimeOffset: prn=16,timeoffset=52018.657000
10-26 00:38:37.490   906 24207 D RSMC-110XPHY-ADAPTOR: SendAcqCmd
10-26 00:38:37.490   906 24207 I RSMC-110XPHY-ADAPTOR: 110X_DATA >> $SMRACQ=1,16,D1A,48,52018657,0,1,0,500
10-26 00:38:37.490   906 24207 I RSMC-PHY-ACQ: StartRdrTimer: 8000
10-26 00:38:37.490   906 24207 I RSMC-PHY-ACQ: StopRdrTimer
10-26 00:38:37.491   906 24206 I RSMC-110XPHY-ADAPTOR: 110X_DATA << $SMRACQ,0,1,16,0
10-26 00:38:37.491   906 24206 I RSMC-PHY-ACQ: UnsolidAcqProc: 1
10-26 00:38:37.491   906 24206 I RSMC-PHY-ACQ: StopAcqTimer
10-26 00:38:37.491   906 24206 I RSMC-PHY-CMD: UnsoliRsmcAcq:enter 1
10-26 00:38:37.491   906 24206 D RSMC-PHY-CMD: PHY_DATA << $SMACQ,OK
10-26 00:38:37.491   906   953 D RSMC-MAINLOOP: process cb idx:1,cb:0x7831d21f28,fd:78
10-26 00:38:37.491   906   953 I RSMC-ATCMD: rsmc-process: S-M-A-C-Q OK! Func:UnsoliBdSmcMsgAcq
10-26 00:38:37.492   906   953 D RSMC-MAINLOOP: main poll next wait 1161 ms
10-26 00:38:37.688 13013 24242 I RSMC-SERVICE-SatAliMgr: bundle:Bundle[{targetPitch=43.4723082035268, mobilePitch=35.3, mobileAzimuth=194.8, trueNorthAzimuth=239.8, cnr=0, pitchAngleDelta=8, eventValue0=0.48119598627090454, eventValue1=0.5118929743766785, eventValue2=0.6809030175209045, eventValue3=0.20684699714183807, azimuthDelta=-5, targetAzimuth=188.97671771107272, sateIdx=61, trueNorthPitch=-75.268776}]
10-26 00:38:38.456  2240  2240 W HIGNSS  : PE_RSMC:[CalCurAveClkDrift]curClkDriftCnt: 0
10-26 00:38:38.463   906 24206 I RSMC-110XPHY-ADAPTOR: 110X_DATA << $SMRFER,22,-243,40,991
10-26 00:38:38.463   906 24206 I RSMC-110XPHY-ADAPTOR: 110X_DATA << $SMRINT,73
10-26 00:38:38.538   906 24206 I RSMC-110XPHY-ADAPTOR: 110X_DATA << $SMRRDR,1,16,15
10-26 00:38:38.538   906 24206 I RSMC-PHY-ACQ: StopRdrTimer
10-26 00:38:38.538   906 24206 I RSMC-PHY-ACQ: RdssAcqRdrHandle: rst:1
10-26 00:38:38.538   906 24206 E RSMC-PHY-ACQ: RdssAcqRdrHandle: rst err!
10-26 00:38:38.538   906 24206 D RSMC-PHY-CMD: PHY_DATA << $SMSTA,6,0
10-26 00:38:38.538   906 24206 I RSMC-110X-PHY: PHY_STATE: 2 -> 2
10-26 00:38:38.539   906   953 D RSMC-MAINLOOP: process cb idx:1,cb:0x7831d21f28,fd:78
10-26 00:38:38.539   906   953 I RSMC-ATCMD: UnsoliBdSmcMsgPhyStatusRpt:staus=6,cause=0
10-26 00:38:38.539   906   953 I RSMC-CtrlMsg: rsmc-process: phy status is 6! Func:BdspPhyStatusRptProcess
10-26 00:38:38.539   906   953 I RSMC-CtrlMsg: BdspGetTxToRxPolicy: txToRxPolicy = 2
10-26 00:38:38.539   906   953 I RSMC-context: rsmc-process: SysStatus report! status = 2, cause = 0! FUNC:NotifySmcSysStatusCb
10-26 00:38:38.539   906   953 D RSMC-msg-native: send data to framework
10-26 00:38:38.540 13013 13013 I RSMC-SERVICE-NativeAdaptor: handleRecvMsg msg len:8, type:1
10-26 00:38:38.540   906   953 D RSMC-msg-native: send to framework msg succ
10-26 00:38:38.540   906   953 I RSMC-CtrlMsg: rsmc-process: status from 1 to 1!
10-26 00:38:38.540   906   953 D RSMC-MAINLOOP: main poll next wait 112 ms
10-26 00:38:38.540 13013 13013 I RSMC-SERVICE-NativeAdaptor: recvMsg processCb type: 1
10-26 00:38:38.540 13013 13013 I RSMC-SERVICE-Service: notifySysStatus CAP_FAIL_STATUS 0,true
10-26 00:38:38.540 13013 13013 I RSMC-SERVICE-SatAliMgr: in notifyAcqStatus 0
10-26 00:38:38.541 13013 13013 I RSMC-SERVICE-SatAliMgr: handleAcqFail:false,true,0,true
10-26 00:38:38.541 13013 13013 I RSMC-SERVICE-SatAliMgr: handle110XAcqFail: isSafeMode=true, isFirstSatAcq=true, m110xAcqTimeOut=0
10-26 00:38:38.541 13013 13013 I RSMC-SERVICE-SatAliMgr: handle110XAcqFail4Rev: isSafeMode=true, isFirstSatAcq=true, m110xAcqTimeOut=0
10-26 00:38:38.541 13013 13013 I RSMC-SERVICE-SatAliMgr: handle110XAcqFail4Rev: getCurrentAcqPrn=16
10-26 00:38:38.541 13013 13013 I RSMC-SERVICE-Service: rsmc-process: smc service set acq status: 1,16,16,0,0,true,-1,false
10-26 00:38:38.541 13013 13013 I RSMC-SERVICE-NativeAdaptor: in SetAcqEnable status:0,prn:16
10-26 00:38:38.541 13013 13013 I RSMC-SERVICE-NativeAdaptor: sendMsg enter
10-26 00:38:38.541  1853  2464 I HwSmcManager: setRsmcMsgToFwk intent type: 0
10-26 00:38:38.542 13013 13013 I RSMC-SERVICE-NativeAdaptor: sendMsg msg send succ, type: 0
10-26 00:38:38.543   906   949 I RSMC-msg-native: rsmc-process: process hidl msg, msgLen is 20, Func:NativeRecvHidlData
10-26 00:38:38.543   906   953 D RSMC-MAINLOOP: process cb idx:0,cb:0x7831d24cf4,fd:6
10-26 00:38:38.543   906   953 D RSMC-msg-native: ProcessFrkMsg enter, type:12
10-26 00:38:38.543   906   953 I RSMC-CtrlMsg: rsmc-process: SetSmoothCnt is 255!
10-26 00:38:38.543   906   953 I RSMC-CtrlMsg: rsmc-process:  InitMeasReportCnt!
10-26 00:38:38.543   906   953 I RSMC-ATCMD: CmdSend: fid(95) $SMACQ,0,16,0
10-26 00:38:38.544   906   953 I RSMC-ATCMD: rsmc-process: S-M-A-C-Q,0,16,0! Func:BdSmcAcq
10-26 00:38:38.544   906   953 D RSMC-MAINLOOP: main poll next wait 109 ms
10-26 00:38:38.544   906 24207 D RSMC-PHY-CMD: CmdReadProcess: PHY_DATA >> len 15 cmd $SMACQ,0,16,0
10-26 00:38:38.544   906 24207 D RSMC-110X-PHY: RsmcAcq: enable=0,prn=16,crazy=0
10-26 00:38:38.544   906 24207 I RSMC-110X-PHY: PhyProcess: msg type = 405, status=2
10-26 00:38:38.544   906 24207 I RSMC-PHY-ACQ: RdssAcqStopReqEventProc: enter
10-26 00:38:38.544   906 24207 I RSMC-PHY-ACQ: StopRdrTimer
10-26 00:38:38.544   906 24207 D RSMC-110XPHY-ADAPTOR: SendAcqCmd
10-26 00:38:38.544   906 24207 I RSMC-110XPHY-ADAPTOR: 110X_DATA >> $SMRACQ=0
10-26 00:38:38.544   906 24207 I RSMC-110X-PHY: PHY_STATE: 2 -> 2
10-26 00:38:38.545   906 24206 I RSMC-110XPHY-ADAPTOR: 110X_DATA << $SMRACQ,0,0,0,0
10-26 00:38:38.546   906 24206 I RSMC-PHY-ACQ: UnsolidAcqProc: 1
10-26 00:38:38.546   906 24206 I RSMC-PHY-ACQ: StopAcqTimer
10-26 00:38:38.546   906 24206 I RSMC-PHY-CMD: UnsoliRsmcAcq:enter 1
10-26 00:38:38.546   906 24206 D RSMC-PHY-CMD: PHY_DATA << $SMACQ,OK
10-26 00:38:38.546   906   953 D RSMC-MAINLOOP: process cb idx:1,cb:0x7831d21f28,fd:78
10-26 00:38:38.546   906   953 I RSMC-ATCMD: rsmc-process: S-M-A-C-Q OK! Func:UnsoliBdSmcMsgAcq
10-26 00:38:38.546   906   953 I RSMC-context: rsmc-process: SysStatus report! status = 7, cause = 0! FUNC:NotifySmcSysStatusCb
10-26 00:38:38.546   906   953 D RSMC-msg-native: send data to framework
10-26 00:38:38.547 13013 13013 I RSMC-SERVICE-NativeAdaptor: handleRecvMsg msg len:8, type:1
10-26 00:38:38.547 13013 13013 I RSMC-SERVICE-NativeAdaptor: recvMsg processCb type: 1
10-26 00:38:38.547 13013 13013 I RSMC-SERVICE-Service: notifySysStatus: STOP_CAP_SUCC,-2,16
10-26 00:38:38.547   906   953 D RSMC-msg-native: send to framework msg succ
10-26 00:38:38.547 13013 13013 I RSMC-SERVICE-Service: rsmc-process: smc service set acq status: 1,16,16,0,-2,true,-1,false
10-26 00:38:38.547   906   953 I RSMC-CtrlMsg: rsmc-process: status from 1 to 1!
10-26 00:38:38.547 13013 13013 I RSMC-SERVICE-NativeAdaptor: in SetAcqEnable status:1,prn:16
10-26 00:38:38.547   906   953 D RSMC-MAINLOOP: main poll next wait 106 ms
10-26 00:38:38.547 13013 13013 I RSMC-SERVICE-NativeAdaptor: sendMsg enter
10-26 00:38:38.547  1853  2464 I HwSmcManager: setRsmcMsgToFwk intent type: 0
10-26 00:38:38.548 13013 13013 I RSMC-SERVICE-NativeAdaptor: sendMsg msg send succ, type: 0
10-26 00:38:38.548   906   949 I RSMC-msg-native: rsmc-process: process hidl msg, msgLen is 20, Func:NativeRecvHidlData
10-26 00:38:38.548   906   953 D RSMC-MAINLOOP: process cb idx:0,cb:0x7831d24cf4,fd:6
10-26 00:38:38.548   906   953 D RSMC-msg-native: ProcessFrkMsg enter, type:12
10-26 00:38:38.548   906   953 I RSMC-CtrlMsg: rsmc-process: SetSmoothCnt is 255!
10-26 00:38:38.548   906   953 I RSMC-CtrlMsg: rsmc-process:  InitMeasReportCnt!
10-26 00:38:38.548   906   953 I RSMC-ATCMD: CmdSend: fid(95) $SMACQ,1,16,0
10-26 00:38:38.548   906   953 I RSMC-ATCMD: rsmc-process: S-M-A-C-Q,1,16,0! Func:BdSmcAcq
10-26 00:38:38.548   906   953 D RSMC-MAINLOOP: main poll next wait 104 ms
10-26 00:38:38.548   906 24207 D RSMC-PHY-CMD: CmdReadProcess: PHY_DATA >> len 15 cmd $SMACQ,1,16,0
10-26 00:38:38.548   906 24207 D RSMC-110X-PHY: RsmcAcq: enable=1,prn=16,crazy=0
10-26 00:38:38.548   906 24207 I RSMC-110X-PHY: PhyProcess: msg type = 401, status=2
10-26 00:38:38.548   906 24207 I RSMC-PHY-ACQ: StartAcqTimer: 1000
10-26 00:38:38.548   906 24207 I RSMC-PHY-ACQ: StopAcqTimer
10-26 00:38:38.548   906 24207 I RSMC-PHY-110X-CHANNEL-MANAGER: BeamGetTimeOffset: prn=16,timeoffset=52018.657000
10-26 00:38:38.548   906 24207 D RSMC-110XPHY-ADAPTOR: SendAcqCmd
10-26 00:38:38.549   906 24207 I RSMC-110XPHY-ADAPTOR: 110X_DATA >> $SMRACQ=1,16,D1A,48,52018657,0,1,0,500
10-26 00:38:38.549   906 24207 I RSMC-PHY-ACQ: StartRdrTimer: 8000
10-26 00:38:38.549   906 24207 I RSMC-PHY-ACQ: StopRdrTimer
10-26 00:38:38.550   906 24206 I RSMC-110XPHY-ADAPTOR: 110X_DATA << $SMRACQ,0,1,16,0
10-26 00:38:38.550   906 24206 I RSMC-PHY-ACQ: UnsolidAcqProc: 1
10-26 00:38:38.550   906 24206 I RSMC-PHY-ACQ: StopAcqTimer
10-26 00:38:38.550   906 24206 I RSMC-PHY-CMD: UnsoliRsmcAcq:enter 1
10-26 00:38:38.550   906 24206 D RSMC-PHY-CMD: PHY_DATA << $SMACQ,OK
10-26 00:38:38.550   906   953 D RSMC-MAINLOOP: process cb idx:1,cb:0x7831d21f28,fd:78
10-26 00:38:38.550   906   953 I RSMC-ATCMD: rsmc-process: S-M-A-C-Q OK! Func:UnsoliBdSmcMsgAcq
10-26 00:38:38.550   906   953 D RSMC-MAINLOOP: main poll next wait 102 ms
10-26 00:38:38.654   906   953 D RSMC-MAINLOOP: main poll next wait 45999 ms
10-26 00:38:38.654   906   953 D RSMC-MAINLOOP: process cb idx:0,cb:0x7831d24cf4,fd:6
10-26 00:38:38.654   906 24305 D RSMC-cfg: QueryThread: enter
10-26 00:38:38.654   906 24305 D RSMC-cfg: QueryThread: exit
10-26 00:38:38.654   906   953 D RSMC-timer: DeleteTimerProcess enter, len:120
10-26 00:38:38.654   906   953 D RSMC-MAINLOOP: main poll next wait 5000 ms
10-26 00:38:38.742 13013 24242 I RSMC-SERVICE-SatAliMgr: bundle:Bundle[{targetPitch=43.4723082035268, mobilePitch=23.1, mobileAzimuth=194.4, trueNorthAzimuth=239.4, cnr=0, pitchAngleDelta=20, eventValue0=0.4808880090713501, eventValue1=0.5048540234565735, eventValue2=0.6869419813156128, eventValue3=0.20488600432872772, azimuthDelta=-5, targetAzimuth=188.97671771107272, sateIdx=61, trueNorthPitch=-63.142628}]
10-26 00:38:39.456  2240  2240 W HIGNSS  : PE_RSMC:[CalCurAveClkDrift]curClkDriftCnt: 0
10-26 00:38:39.463   906 24206 I RSMC-110XPHY-ADAPTOR: 110X_DATA << $SMRFER,22,-243,40,991
10-26 00:38:39.463   906 24206 I RSMC-110XPHY-ADAPTOR: 110X_DATA << $SMRINT,76
10-26 00:38:39.598   906 24206 I RSMC-110XPHY-ADAPTOR: 110X_DATA << $SMRRDR,1,16,15
10-26 00:38:39.599   906 24206 I RSMC-PHY-ACQ: StopRdrTimer
10-26 00:38:39.599   906 24206 I RSMC-PHY-ACQ: RdssAcqRdrHandle: rst:1
10-26 00:38:39.599   906 24206 E RSMC-PHY-ACQ: RdssAcqRdrHandle: rst err!
10-26 00:38:39.599   906 24206 D RSMC-PHY-CMD: PHY_DATA << $SMSTA,6,0
10-26 00:38:39.599   906 24206 I RSMC-110X-PHY: PHY_STATE: 2 -> 2
10-26 00:38:39.599   906   953 D RSMC-MAINLOOP: process cb idx:1,cb:0x7831d21f28,fd:78
10-26 00:38:39.599   906   953 I RSMC-ATCMD: UnsoliBdSmcMsgPhyStatusRpt:staus=6,cause=0
10-26 00:38:39.599   906   953 I RSMC-CtrlMsg: rsmc-process: phy status is 6! Func:BdspPhyStatusRptProcess
10-26 00:38:39.599   906   953 I RSMC-CtrlMsg: BdspGetTxToRxPolicy: txToRxPolicy = 2
10-26 00:38:39.599   906   953 I RSMC-context: rsmc-process: SysStatus report! status = 2, cause = 0! FUNC:NotifySmcSysStatusCb
10-26 00:38:39.599   906   953 D RSMC-msg-native: send data to framework
10-26 00:38:39.601 13013 13013 I RSMC-SERVICE-NativeAdaptor: handleRecvMsg msg len:8, type:1
10-26 00:38:39.601 13013 13013 I RSMC-SERVICE-NativeAdaptor: recvMsg processCb type: 1
10-26 00:38:39.602 13013 13013 I RSMC-SERVICE-Service: notifySysStatus CAP_FAIL_STATUS 0,true
10-26 00:38:39.602 13013 13013 I RSMC-SERVICE-SatAliMgr: in notifyAcqStatus 0
10-26 00:38:39.602   906   953 D RSMC-msg-native: send to framework msg succ
10-26 00:38:39.602 13013 13013 I RSMC-SERVICE-SatAliMgr: handleAcqFail:false,true,0,true
10-26 00:38:39.602   906   953 I RSMC-CtrlMsg: rsmc-process: status from 1 to 1!
10-26 00:38:39.602   906   953 D RSMC-MAINLOOP: main poll next wait 4052 ms
10-26 00:38:39.602 13013 13013 I RSMC-SERVICE-SatAliMgr: handle110XAcqFail: isSafeMode=true, isFirstSatAcq=true, m110xAcqTimeOut=0
10-26 00:38:39.602 13013 13013 I RSMC-SERVICE-SatAliMgr: handle110XAcqFail4Rev: isSafeMode=true, isFirstSatAcq=true, m110xAcqTimeOut=0
10-26 00:38:39.602 13013 13013 I RSMC-SERVICE-SatAliMgr: handle110XAcqFail4Rev: getCurrentAcqPrn=16
10-26 00:38:39.602 13013 13013 I RSMC-SERVICE-Service: rsmc-process: smc service set acq status: 1,16,16,0,0,true,-1,false
10-26 00:38:39.602 13013 13013 I RSMC-SERVICE-NativeAdaptor: in SetAcqEnable status:0,prn:16
10-26 00:38:39.603 13013 13013 I RSMC-SERVICE-NativeAdaptor: sendMsg enter
10-26 00:38:39.603  1853 17247 I HwSmcManager: setRsmcMsgToFwk intent type: 0
10-26 00:38:39.604 13013 13013 I RSMC-SERVICE-NativeAdaptor: sendMsg msg send succ, type: 0
10-26 00:38:39.606   906   949 I RSMC-msg-native: rsmc-process: process hidl msg, msgLen is 20, Func:NativeRecvHidlData
10-26 00:38:39.607   906   953 D RSMC-MAINLOOP: process cb idx:0,cb:0x7831d24cf4,fd:6
10-26 00:38:39.607   906   953 D RSMC-msg-native: ProcessFrkMsg enter, type:12
10-26 00:38:39.607   906   953 I RSMC-CtrlMsg: rsmc-process: SetSmoothCnt is 255!
10-26 00:38:39.607   906   953 I RSMC-CtrlMsg: rsmc-process:  InitMeasReportCnt!
10-26 00:38:39.607   906   953 I RSMC-ATCMD: CmdSend: fid(95) $SMACQ,0,16,0
10-26 00:38:39.607   906   953 I RSMC-ATCMD: rsmc-process: S-M-A-C-Q,0,16,0! Func:BdSmcAcq
10-26 00:38:39.608   906   953 D RSMC-MAINLOOP: main poll next wait 4046 ms
10-26 00:38:39.608   906 24207 D RSMC-PHY-CMD: CmdReadProcess: PHY_DATA >> len 15 cmd $SMACQ,0,16,0
10-26 00:38:39.608   906 24207 D RSMC-110X-PHY: RsmcAcq: enable=0,prn=16,crazy=0
10-26 00:38:39.608   906 24207 I RSMC-110X-PHY: PhyProcess: msg type = 405, status=2
10-26 00:38:39.608   906 24207 I RSMC-PHY-ACQ: RdssAcqStopReqEventProc: enter
10-26 00:38:39.608   906 24207 I RSMC-PHY-ACQ: StopRdrTimer
10-26 00:38:39.608   906 24207 D RSMC-110XPHY-ADAPTOR: SendAcqCmd
10-26 00:38:39.608   906 24207 I RSMC-110XPHY-ADAPTOR: 110X_DATA >> $SMRACQ=0
10-26 00:38:39.608   906 24207 I RSMC-110X-PHY: PHY_STATE: 2 -> 2
10-26 00:38:39.612   906 24206 I RSMC-110XPHY-ADAPTOR: 110X_DATA << $SMRACQ,0,0,0,0
10-26 00:38:39.612   906 24206 I RSMC-PHY-ACQ: UnsolidAcqProc: 1
10-26 00:38:39.612   906 24206 I RSMC-PHY-ACQ: StopAcqTimer
10-26 00:38:39.612   906 24206 I RSMC-PHY-CMD: UnsoliRsmcAcq:enter 1
10-26 00:38:39.612   906 24206 D RSMC-PHY-CMD: PHY_DATA << $SMACQ,OK
10-26 00:38:39.612   906   953 D RSMC-MAINLOOP: process cb idx:1,cb:0x7831d21f28,fd:78
10-26 00:38:39.612   906   953 I RSMC-ATCMD: rsmc-process: S-M-A-C-Q OK! Func:UnsoliBdSmcMsgAcq
10-26 00:38:39.612   906   953 I RSMC-context: rsmc-process: SysStatus report! status = 7, cause = 0! FUNC:NotifySmcSysStatusCb
10-26 00:38:39.612   906   953 D RSMC-msg-native: send data to framework
10-26 00:38:39.614 13013 13013 I RSMC-SERVICE-NativeAdaptor: handleRecvMsg msg len:8, type:1
10-26 00:38:39.615 13013 13013 I RSMC-SERVICE-NativeAdaptor: recvMsg processCb type: 1
10-26 00:38:39.615 13013 13013 I RSMC-SERVICE-Service: notifySysStatus: STOP_CAP_SUCC,-2,16
10-26 00:38:39.615 13013 13013 I RSMC-SERVICE-Service: rsmc-process: smc service set acq status: 1,16,16,0,-2,true,-1,false
10-26 00:38:39.615 13013 13013 I RSMC-SERVICE-NativeAdaptor: in SetAcqEnable status:1,prn:16
10-26 00:38:39.615 13013 13013 I RSMC-SERVICE-NativeAdaptor: sendMsg enter
10-26 00:38:39.616  1853 17247 I HwSmcManager: setRsmcMsgToFwk intent type: 0
10-26 00:38:39.616   906   953 D RSMC-msg-native: send to framework msg succ
10-26 00:38:39.616   906   953 I RSMC-CtrlMsg: rsmc-process: status from 1 to 1!
10-26 00:38:39.616   906   953 D RSMC-MAINLOOP: main poll next wait 4038 ms
10-26 00:38:39.616 13013 13013 I RSMC-SERVICE-NativeAdaptor: sendMsg msg send succ, type: 0
10-26 00:38:39.617   906   949 I RSMC-msg-native: rsmc-process: process hidl msg, msgLen is 20, Func:NativeRecvHidlData
10-26 00:38:39.617   906   953 D RSMC-MAINLOOP: process cb idx:0,cb:0x7831d24cf4,fd:6
10-26 00:38:39.617   906   953 D RSMC-msg-native: ProcessFrkMsg enter, type:12
10-26 00:38:39.617   906   953 I RSMC-CtrlMsg: rsmc-process: SetSmoothCnt is 255!
10-26 00:38:39.617   906   953 I RSMC-CtrlMsg: rsmc-process:  InitMeasReportCnt!
10-26 00:38:39.617   906   953 I RSMC-ATCMD: CmdSend: fid(95) $SMACQ,1,16,0
10-26 00:38:39.617   906   953 I RSMC-ATCMD: rsmc-process: S-M-A-C-Q,1,16,0! Func:BdSmcAcq
10-26 00:38:39.618   906 24207 D RSMC-PHY-CMD: CmdReadProcess: PHY_DATA >> len 15 cmd $SMACQ,1,16,0
10-26 00:38:39.618   906 24207 D RSMC-110X-PHY: RsmcAcq: enable=1,prn=16,crazy=0
10-26 00:38:39.618   906   953 D RSMC-MAINLOOP: main poll next wait 4036 ms
10-26 00:38:39.618   906 24207 I RSMC-110X-PHY: PhyProcess: msg type = 401, status=2
10-26 00:38:39.618   906 24207 I RSMC-PHY-ACQ: StartAcqTimer: 1000
10-26 00:38:39.618   906 24207 I RSMC-PHY-ACQ: StopAcqTimer
10-26 00:38:39.619   906 24207 I RSMC-PHY-110X-CHANNEL-MANAGER: BeamGetTimeOffset: prn=16,timeoffset=52018.657000
10-26 00:38:39.619   906 24207 D RSMC-110XPHY-ADAPTOR: SendAcqCmd
10-26 00:38:39.620   906 24207 I RSMC-110XPHY-ADAPTOR: 110X_DATA >> $SMRACQ=1,16,D1A,48,52018657,0,1,0,500
10-26 00:38:39.620   906 24207 I RSMC-PHY-ACQ: StartRdrTimer: 8000
10-26 00:38:39.620   906 24207 I RSMC-PHY-ACQ: StopRdrTimer
10-26 00:38:39.622   906 24206 I RSMC-110XPHY-ADAPTOR: 110X_DATA << $SMRACQ,0,1,16,0
10-26 00:38:39.622   906 24206 I RSMC-PHY-ACQ: UnsolidAcqProc: 1
10-26 00:38:39.622   906 24206 I RSMC-PHY-ACQ: StopAcqTimer
10-26 00:38:39.623   906 24206 I RSMC-PHY-CMD: UnsoliRsmcAcq:enter 1
10-26 00:38:39.623   906 24206 D RSMC-PHY-CMD: PHY_DATA << $SMACQ,OK
10-26 00:38:39.623   906   953 D RSMC-MAINLOOP: process cb idx:1,cb:0x7831d21f28,fd:78
10-26 00:38:39.623   906   953 I RSMC-ATCMD: rsmc-process: S-M-A-C-Q OK! Func:UnsoliBdSmcMsgAcq
10-26 00:38:39.623   906   953 D RSMC-MAINLOOP: main poll next wait 4031 ms
10-26 00:38:39.782 13013 24242 I RSMC-SERVICE-SatAliMgr: bundle:Bundle[{targetPitch=43.4723082035268, mobilePitch=68.1, mobileAzimuth=194.9, trueNorthAzimuth=239.9, cnr=0, pitchAngleDelta=-24, eventValue0=0.4833329916000366, eventValue1=0.5246409773826599, eventValue2=0.6710780262947083, eventValue3=0.20197400450706482, azimuthDelta=-5, targetAzimuth=188.97671771107272, sateIdx=61, trueNorthPitch=-108.081505}]
10-26 00:38:40.456  2240  2240 W HIGNSS  : PE_RSMC:[CalCurAveClkDrift]curClkDriftCnt: 0
10-26 00:38:40.464   906 24206 I RSMC-110XPHY-ADAPTOR: 110X_DATA << $SMRFER,22,-243,40,991
10-26 00:38:40.464   906 24206 I RSMC-110XPHY-ADAPTOR: 110X_DATA << $SMRINT,69
10-26 00:38:40.671   906 24206 I RSMC-110XPHY-ADAPTOR: 110X_DATA << $SMRRDR,1,16,15
10-26 00:38:40.671   906 24206 I RSMC-PHY-ACQ: StopRdrTimer
10-26 00:38:40.671   906 24206 I RSMC-PHY-ACQ: RdssAcqRdrHandle: rst:1
10-26 00:38:40.671   906 24206 E RSMC-PHY-ACQ: RdssAcqRdrHandle: rst err!
10-26 00:38:40.671   906 24206 D RSMC-PHY-CMD: PHY_DATA << $SMSTA,6,0
10-26 00:38:40.671   906 24206 I RSMC-110X-PHY: PHY_STATE: 2 -> 2
10-26 00:38:40.671   906   953 D RSMC-MAINLOOP: process cb idx:1,cb:0x7831d21f28,fd:78
10-26 00:38:40.672   906   953 I RSMC-ATCMD: UnsoliBdSmcMsgPhyStatusRpt:staus=6,cause=0
10-26 00:38:40.672   906   953 I RSMC-CtrlMsg: rsmc-process: phy status is 6! Func:BdspPhyStatusRptProcess
10-26 00:38:40.672   906   953 I RSMC-CtrlMsg: BdspGetTxToRxPolicy: txToRxPolicy = 2
10-26 00:38:40.672   906   953 I RSMC-context: rsmc-process: SysStatus report! status = 2, cause = 0! FUNC:NotifySmcSysStatusCb
10-26 00:38:40.672   906   953 D RSMC-msg-native: send data to framework
10-26 00:38:40.674 13013 13013 I RSMC-SERVICE-NativeAdaptor: handleRecvMsg msg len:8, type:1
10-26 00:38:40.674 13013 13013 I RSMC-SERVICE-NativeAdaptor: recvMsg processCb type: 1
10-26 00:38:40.674   906   953 D RSMC-msg-native: send to framework msg succ
10-26 00:38:40.674   906   953 I RSMC-CtrlMsg: rsmc-process: status from 1 to 1!
10-26 00:38:40.674 13013 13013 I RSMC-SERVICE-Service: notifySysStatus CAP_FAIL_STATUS 0,true
10-26 00:38:40.674   906   953 D RSMC-MAINLOOP: main poll next wait 2980 ms
10-26 00:38:40.674 13013 13013 I RSMC-SERVICE-SatAliMgr: in notifyAcqStatus 0
10-26 00:38:40.674 13013 13013 I RSMC-SERVICE-SatAliMgr: handleAcqFail:false,true,0,true
10-26 00:38:40.674 13013 13013 I RSMC-SERVICE-SatAliMgr: handle110XAcqFail: isSafeMode=true, isFirstSatAcq=true, m110xAcqTimeOut=0
10-26 00:38:40.674 13013 13013 I RSMC-SERVICE-SatAliMgr: handle110XAcqFail4Rev: isSafeMode=true, isFirstSatAcq=true, m110xAcqTimeOut=0
10-26 00:38:40.675 13013 13013 I RSMC-SERVICE-SatAliMgr: handle110XAcqFail4Rev: getCurrentAcqPrn=16
10-26 00:38:40.675 13013 13013 I RSMC-SERVICE-Service: rsmc-process: smc service set acq status: 1,16,16,0,0,true,-1,false
10-26 00:38:40.675 13013 13013 I RSMC-SERVICE-NativeAdaptor: in SetAcqEnable status:0,prn:16
10-26 00:38:40.675 13013 13013 I RSMC-SERVICE-NativeAdaptor: sendMsg enter
10-26 00:38:40.676  1853  2464 I HwSmcManager: setRsmcMsgToFwk intent type: 0
10-26 00:38:40.677 13013 13013 I RSMC-SERVICE-NativeAdaptor: sendMsg msg send succ, type: 0
10-26 00:38:40.678   906   949 I RSMC-msg-native: rsmc-process: process hidl msg, msgLen is 20, Func:NativeRecvHidlData
10-26 00:38:40.678   906   953 D RSMC-MAINLOOP: process cb idx:0,cb:0x7831d24cf4,fd:6
10-26 00:38:40.678   906   953 D RSMC-msg-native: ProcessFrkMsg enter, type:12
10-26 00:38:40.678   906   953 I RSMC-CtrlMsg: rsmc-process: SetSmoothCnt is 255!
10-26 00:38:40.678   906   953 I RSMC-CtrlMsg: rsmc-process:  InitMeasReportCnt!
10-26 00:38:40.678   906   953 I RSMC-ATCMD: CmdSend: fid(95) $SMACQ,0,16,0
10-26 00:38:40.678   906   953 I RSMC-ATCMD: rsmc-process: S-M-A-C-Q,0,16,0! Func:BdSmcAcq
10-26 00:38:40.679   906   953 D RSMC-MAINLOOP: main poll next wait 2976 ms
10-26 00:38:40.679   906 24207 D RSMC-PHY-CMD: CmdReadProcess: PHY_DATA >> len 15 cmd $SMACQ,0,16,0
10-26 00:38:40.679   906 24207 D RSMC-110X-PHY: RsmcAcq: enable=0,prn=16,crazy=0
10-26 00:38:40.679   906 24207 I RSMC-110X-PHY: PhyProcess: msg type = 405, status=2
10-26 00:38:40.679   906 24207 I RSMC-PHY-ACQ: RdssAcqStopReqEventProc: enter
10-26 00:38:40.679   906 24207 I RSMC-PHY-ACQ: StopRdrTimer
10-26 00:38:40.679   906 24207 D RSMC-110XPHY-ADAPTOR: SendAcqCmd
10-26 00:38:40.679   906 24207 I RSMC-110XPHY-ADAPTOR: 110X_DATA >> $SMRACQ=0
10-26 00:38:40.679   906 24207 I RSMC-110X-PHY: PHY_STATE: 2 -> 2
10-26 00:38:40.682   906 24206 I RSMC-110XPHY-ADAPTOR: 110X_DATA << $SMRACQ,0,0,0,0
10-26 00:38:40.682   906 24206 I RSMC-PHY-ACQ: UnsolidAcqProc: 1
10-26 00:38:40.682   906 24206 I RSMC-PHY-ACQ: StopAcqTimer
10-26 00:38:40.682   906 24206 I RSMC-PHY-CMD: UnsoliRsmcAcq:enter 1
10-26 00:38:40.682   906 24206 D RSMC-PHY-CMD: PHY_DATA << $SMACQ,OK
10-26 00:38:40.682   906   953 D RSMC-MAINLOOP: process cb idx:1,cb:0x7831d21f28,fd:78
10-26 00:38:40.682   906   953 I RSMC-ATCMD: rsmc-process: S-M-A-C-Q OK! Func:UnsoliBdSmcMsgAcq
10-26 00:38:40.683   906   953 I RSMC-context: rsmc-process: SysStatus report! status = 7, cause = 0! FUNC:NotifySmcSysStatusCb
10-26 00:38:40.683   906   953 D RSMC-msg-native: send data to framework
10-26 00:38:40.684 13013 13013 I RSMC-SERVICE-NativeAdaptor: handleRecvMsg msg len:8, type:1
10-26 00:38:40.684   906   953 D RSMC-msg-native: send to framework msg succ
10-26 00:38:40.684   906   953 I RSMC-CtrlMsg: rsmc-process: status from 1 to 1!
10-26 00:38:40.684   906   953 D RSMC-MAINLOOP: main poll next wait 2970 ms
10-26 00:38:40.684 13013 13013 I RSMC-SERVICE-NativeAdaptor: recvMsg processCb type: 1
10-26 00:38:40.685 13013 13013 I RSMC-SERVICE-Service: notifySysStatus: STOP_CAP_SUCC,-2,16
10-26 00:38:40.685 13013 13013 I RSMC-SERVICE-Service: rsmc-process: smc service set acq status: 1,16,16,0,-2,true,-1,false
10-26 00:38:40.685 13013 13013 I RSMC-SERVICE-NativeAdaptor: in SetAcqEnable status:1,prn:16
10-26 00:38:40.686 13013 13013 I RSMC-SERVICE-NativeAdaptor: sendMsg enter
10-26 00:38:40.687  1853  2464 I HwSmcManager: setRsmcMsgToFwk intent type: 0
10-26 00:38:40.687 13013 13013 I RSMC-SERVICE-NativeAdaptor: sendMsg msg send succ, type: 0
10-26 00:38:40.688   906   949 I RSMC-msg-native: rsmc-process: process hidl msg, msgLen is 20, Func:NativeRecvHidlData
10-26 00:38:40.688   906   953 D RSMC-MAINLOOP: process cb idx:0,cb:0x7831d24cf4,fd:6
10-26 00:38:40.688   906   953 D RSMC-msg-native: ProcessFrkMsg enter, type:12
10-26 00:38:40.688   906   953 I RSMC-CtrlMsg: rsmc-process: SetSmoothCnt is 255!
10-26 00:38:40.688   906   953 I RSMC-CtrlMsg: rsmc-process:  InitMeasReportCnt!
10-26 00:38:40.689   906   953 I RSMC-ATCMD: CmdSend: fid(95) $SMACQ,1,16,0
10-26 00:38:40.689   906   953 I RSMC-ATCMD: rsmc-process: S-M-A-C-Q,1,16,0! Func:BdSmcAcq
10-26 00:38:40.689   906   953 D RSMC-MAINLOOP: main poll next wait 2966 ms
10-26 00:38:40.689   906 24207 D RSMC-PHY-CMD: CmdReadProcess: PHY_DATA >> len 15 cmd $SMACQ,1,16,0
10-26 00:38:40.689   906 24207 D RSMC-110X-PHY: RsmcAcq: enable=1,prn=16,crazy=0
10-26 00:38:40.689   906 24207 I RSMC-110X-PHY: PhyProcess: msg type = 401, status=2
10-26 00:38:40.689   906 24207 I RSMC-PHY-ACQ: StartAcqTimer: 1000
10-26 00:38:40.690   906 24207 I RSMC-PHY-ACQ: StopAcqTimer
10-26 00:38:40.690   906 24207 I RSMC-PHY-110X-CHANNEL-MANAGER: BeamGetTimeOffset: prn=16,timeoffset=52018.657000
10-26 00:38:40.690   906 24207 D RSMC-110XPHY-ADAPTOR: SendAcqCmd
10-26 00:38:40.690   906 24207 I RSMC-110XPHY-ADAPTOR: 110X_DATA >> $SMRACQ=1,16,D1A,48,52018657,0,1,0,500
10-26 00:38:40.690   906 24207 I RSMC-PHY-ACQ: StartRdrTimer: 8000
10-26 00:38:40.690   906 24207 I RSMC-PHY-ACQ: StopRdrTimer
10-26 00:38:40.694   906 24206 I RSMC-110XPHY-ADAPTOR: 110X_DATA << $SMRACQ,0,1,16,0
10-26 00:38:40.694   906 24206 I RSMC-PHY-ACQ: UnsolidAcqProc: 1
10-26 00:38:40.694   906 24206 I RSMC-PHY-ACQ: StopAcqTimer
10-26 00:38:40.694   906 24206 I RSMC-PHY-CMD: UnsoliRsmcAcq:enter 1
10-26 00:38:40.695   906 24206 D RSMC-PHY-CMD: PHY_DATA << $SMACQ,OK
10-26 00:38:40.695   906   953 D RSMC-MAINLOOP: process cb idx:1,cb:0x7831d21f28,fd:78
10-26 00:38:40.695   906   953 I RSMC-ATCMD: rsmc-process: S-M-A-C-Q OK! Func:UnsoliBdSmcMsgAcq
10-26 00:38:40.695   906   953 D RSMC-MAINLOOP: main poll next wait 2960 ms
10-26 00:38:40.824 13013 24242 I RSMC-SERVICE-SatAliMgr: bundle:Bundle[{targetPitch=43.4723082035268, mobilePitch=26.8, mobileAzimuth=194.6, trueNorthAzimuth=239.6, cnr=0, pitchAngleDelta=16, eventValue0=0.476716011762619, eventValue1=0.5127230286598206, eventValue2=0.682183027267456, eventValue3=0.21090799570083618, azimuthDelta=-5, targetAzimuth=188.97671771107272, sateIdx=61, trueNorthPitch=-66.8015}]
10-26 00:38:41.456  2240  2240 W HIGNSS  : PE_RSMC:[CalCurAveClkDrift]curClkDriftCnt: 0
10-26 00:38:41.463   906 24206 I RSMC-110XPHY-ADAPTOR: 110X_DATA << $SMRFER,22,-243,40,991
10-26 00:38:41.463   906 24206 I RSMC-110XPHY-ADAPTOR: 110X_DATA << $SMRINT,83
10-26 00:38:41.742   906 24206 I RSMC-110XPHY-ADAPTOR: 110X_DATA << $SMRRDR,1,16,15
10-26 00:38:41.742   906 24206 I RSMC-PHY-ACQ: StopRdrTimer
10-26 00:38:41.742   906 24206 I RSMC-PHY-ACQ: RdssAcqRdrHandle: rst:1
10-26 00:38:41.742   906 24206 E RSMC-PHY-ACQ: RdssAcqRdrHandle: rst err!
10-26 00:38:41.742   906 24206 D RSMC-PHY-CMD: PHY_DATA << $SMSTA,6,0
10-26 00:38:41.742   906   953 D RSMC-MAINLOOP: process cb idx:1,cb:0x7831d21f28,fd:78
10-26 00:38:41.743   906   953 I RSMC-ATCMD: UnsoliBdSmcMsgPhyStatusRpt:staus=6,cause=0
10-26 00:38:41.743   906   953 I RSMC-CtrlMsg: rsmc-process: phy status is 6! Func:BdspPhyStatusRptProcess
10-26 00:38:41.743   906   953 I RSMC-CtrlMsg: BdspGetTxToRxPolicy: txToRxPolicy = 2
10-26 00:38:41.743   906   953 I RSMC-context: rsmc-process: SysStatus report! status = 2, cause = 0! FUNC:NotifySmcSysStatusCb
10-26 00:38:41.743   906   953 D RSMC-msg-native: send data to framework
10-26 00:38:41.743   906 24206 I RSMC-110X-PHY: PHY_STATE: 2 -> 2
10-26 00:38:41.745 13013 13013 I RSMC-SERVICE-NativeAdaptor: handleRecvMsg msg len:8, type:1
10-26 00:38:41.745 13013 13013 I RSMC-SERVICE-NativeAdaptor: recvMsg processCb type: 1
10-26 00:38:41.745   906   953 D RSMC-msg-native: send to framework msg succ
10-26 00:38:41.745   906   953 I RSMC-CtrlMsg: rsmc-process: status from 1 to 1!
10-26 00:38:41.745 13013 13013 I RSMC-SERVICE-Service: notifySysStatus CAP_FAIL_STATUS 0,true
10-26 00:38:41.745   906   953 D RSMC-MAINLOOP: main poll next wait 1910 ms
10-26 00:38:41.745 13013 13013 I RSMC-SERVICE-SatAliMgr: in notifyAcqStatus 0
10-26 00:38:41.745 13013 13013 I RSMC-SERVICE-SatAliMgr: handleAcqFail:false,true,0,true
10-26 00:38:41.745 13013 13013 I RSMC-SERVICE-SatAliMgr: handle110XAcqFail: isSafeMode=true, isFirstSatAcq=true, m110xAcqTimeOut=0
10-26 00:38:41.745 13013 13013 I RSMC-SERVICE-SatAliMgr: handle110XAcqFail4Rev: isSafeMode=true, isFirstSatAcq=true, m110xAcqTimeOut=0
10-26 00:38:41.745 13013 13013 I RSMC-SERVICE-SatAliMgr: handle110XAcqFail4Rev: getCurrentAcqPrn=16
10-26 00:38:41.746 13013 13013 I RSMC-SERVICE-Service: rsmc-process: smc service set acq status: 1,16,16,0,0,true,-1,false
10-26 00:38:41.746 13013 13013 I RSMC-SERVICE-NativeAdaptor: in SetAcqEnable status:0,prn:16
10-26 00:38:41.746 13013 13013 I RSMC-SERVICE-NativeAdaptor: sendMsg enter
10-26 00:38:41.747  1853  2464 I HwSmcManager: setRsmcMsgToFwk intent type: 0
10-26 00:38:41.747 13013 13013 I RSMC-SERVICE-NativeAdaptor: sendMsg msg send succ, type: 0
10-26 00:38:41.748   906   949 I RSMC-msg-native: rsmc-process: process hidl msg, msgLen is 20, Func:NativeRecvHidlData
10-26 00:38:41.749   906   953 D RSMC-MAINLOOP: process cb idx:0,cb:0x7831d24cf4,fd:6
10-26 00:38:41.749   906   953 D RSMC-msg-native: ProcessFrkMsg enter, type:12
10-26 00:38:41.749   906   953 I RSMC-CtrlMsg: rsmc-process: SetSmoothCnt is 255!
10-26 00:38:41.749   906   953 I RSMC-CtrlMsg: rsmc-process:  InitMeasReportCnt!
10-26 00:38:41.750   906   953 I RSMC-ATCMD: CmdSend: fid(95) $SMACQ,0,16,0
10-26 00:38:41.750   906 24207 D RSMC-PHY-CMD: CmdReadProcess: PHY_DATA >> len 15 cmd $SMACQ,0,16,0
10-26 00:38:41.750   906 24207 D RSMC-110X-PHY: RsmcAcq: enable=0,prn=16,crazy=0
10-26 00:38:41.750   906   953 I RSMC-ATCMD: rsmc-process: S-M-A-C-Q,0,16,0! Func:BdSmcAcq
10-26 00:38:41.750   906 24207 I RSMC-110X-PHY: PhyProcess: msg type = 405, status=2
10-26 00:38:41.750   906 24207 I RSMC-PHY-ACQ: RdssAcqStopReqEventProc: enter
10-26 00:38:41.750   906 24207 I RSMC-PHY-ACQ: StopRdrTimer
10-26 00:38:41.750   906   953 D RSMC-MAINLOOP: main poll next wait 1904 ms
10-26 00:38:41.750   906 24207 D RSMC-110XPHY-ADAPTOR: SendAcqCmd
10-26 00:38:41.751   906 24207 I RSMC-110XPHY-ADAPTOR: 110X_DATA >> $SMRACQ=0
10-26 00:38:41.751   906 24207 I RSMC-110X-PHY: PHY_STATE: 2 -> 2
10-26 00:38:41.753   906 24206 I RSMC-110XPHY-ADAPTOR: 110X_DATA << $SMRACQ,0,0,0,0
10-26 00:38:41.753   906 24206 I RSMC-PHY-ACQ: UnsolidAcqProc: 1
10-26 00:38:41.754   906 24206 I RSMC-PHY-ACQ: StopAcqTimer
10-26 00:38:41.754   906 24206 I RSMC-PHY-CMD: UnsoliRsmcAcq:enter 1
10-26 00:38:41.754   906 24206 D RSMC-PHY-CMD: PHY_DATA << $SMACQ,OK
10-26 00:38:41.754   906   953 D RSMC-MAINLOOP: process cb idx:1,cb:0x7831d21f28,fd:78
10-26 00:38:41.754   906   953 I RSMC-ATCMD: rsmc-process: S-M-A-C-Q OK! Func:UnsoliBdSmcMsgAcq
10-26 00:38:41.754   906   953 I RSMC-context: rsmc-process: SysStatus report! status = 7, cause = 0! FUNC:NotifySmcSysStatusCb
10-26 00:38:41.754   906   953 D RSMC-msg-native: send data to framework
10-26 00:38:41.756 13013 13013 I RSMC-SERVICE-NativeAdaptor: handleRecvMsg msg len:8, type:1
10-26 00:38:41.756 13013 13013 I RSMC-SERVICE-NativeAdaptor: recvMsg processCb type: 1
10-26 00:38:41.756 13013 13013 I RSMC-SERVICE-Service: notifySysStatus: STOP_CAP_SUCC,-2,16
10-26 00:38:41.756 13013 13013 I RSMC-SERVICE-Service: rsmc-process: smc service set acq status: 1,16,16,0,-2,true,-1,false
10-26 00:38:41.756 13013 13013 I RSMC-SERVICE-NativeAdaptor: in SetAcqEnable status:1,prn:16
10-26 00:38:41.756 13013 13013 I RSMC-SERVICE-NativeAdaptor: sendMsg enter
10-26 00:38:41.756   906   953 D RSMC-msg-native: send to framework msg succ
