10-26 00:37:37.375   906 23496 D RSMC-PHY-CMD: PHY_DATA << $SMACQ,OK
10-26 00:37:37.375   906   953 D RSMC-MAINLOOP: process cb idx:1,cb:0x7831d21f28,fd:78
10-26 00:37:37.375   906   953 I RSMC-ATCMD: rsmc-process: S-M-A-C-Q OK! Func:UnsoliBdSmcMsgAcq
10-26 00:37:37.375   906   953 I RSMC-context: rsmc-process: SysStatus report! status = 7, cause = 0! FUNC:NotifySmcSysStatusCb
10-26 00:37:37.375   906   953 D RSMC-msg-native: send data to framework
10-26 00:37:37.376   906   953 D RSMC-msg-native: send to framework msg succ
10-26 00:37:37.376   906   953 I RSMC-CtrlMsg: rsmc-process: status from 1 to 1!
10-26 00:37:37.376   906   953 D RSMC-MAINLOOP: main poll next wait 2126 ms
10-26 00:37:37.376 13013 13013 I RSMC-SERVICE-NativeAdaptor: handleRecvMsg msg len:8, type:1
10-26 00:37:37.376 13013 13013 I RSMC-SERVICE-NativeAdaptor: recvMsg processCb type: 1
10-26 00:37:37.376 13013 13013 I RSMC-SERVICE-Service: notifySysStatus: STOP_CAP_SUCC,-1,11
10-26 00:37:37.377 13013 23489 I RSMC-SERVICE-Service: handleSysStatusToApk Bundle[{status=5, cause=15}]
10-26 00:37:37.385 13013 13051 I RSMC-SERVICE-NativeAdaptor: rsmc-process: smc service sendMeetimeSavedMessage blindTransFlag:1
10-26 00:37:37.386 13013 13051 I RSMC-SERVICE-NativeAdaptor: in sendMeetimeSavedMessage: 1, 1, 160, 20,1,20
10-26 00:37:37.386 13013 13051 I RSMC-SERVICE-NativeAdaptor: in sendMeetimeMessage len = 76
10-26 00:37:37.387 13013 13013 I RSMC-SERVICE-NativeAdaptor: sendMsg enter
10-26 00:37:37.387 13013 13051 I RSMC-SERVICE-StateMachine: SatelliteState exit()
10-26 00:37:37.387 13013 13051 I RSMC-SERVICE-StateMachine: rsmc-process: rsmc service SendState enter
10-26 00:37:37.388  1853  9632 I HwSmcManager: setRsmcMsgToFwk intent type: 0
10-26 00:37:37.389 13013 13013 I RSMC-SERVICE-NativeAdaptor: sendMsg msg send succ, type: 0
10-26 00:37:37.390   906   949 I RSMC-msg-native: rsmc-process: process hidl msg, msgLen is 88, Func:NativeRecvHidlData
10-26 00:37:37.390   906   953 D RSMC-MAINLOOP: process cb idx:0,cb:0x7831d24cf4,fd:6
10-26 00:37:37.390   906   953 D RSMC-msg-native: ProcessFrkMsg enter, type:24
10-26 00:37:37.390   906   953 I RSMC-context: SendMeetimeMessage: upServiceType(1), serviceType(4), serverId(1), byteLen(20), bitLen(160)
10-26 00:37:37.390   906   953 I RSMC_PROT_QUEUE: ClearAmSlcAckTimer, ClearAmSlcAckTime
10-26 00:37:37.390   906   953 I RSMC_PROT_QUEUE: BitsCopy, dbb=0,dsb=0,sbb=0,ssb=0,nbits=160
10-26 00:37:37.390   906   953 I RSMC_PROT_QUEUE: SetMdcpUpBuff, bitLen=160, frameType=3, serviceType=4, ackExFlag=1, userID=xxx, blindTransFlag=1, serverId=1
10-26 00:37:37.390   906   953 I RSMC_PROT_QUEUE: SetMdcpUpBuff, buff=84 01 24 7F 25 5D 4E EC 2B 9A 2A B6 A4 5C A4 85 7F FB 19 EB 
10-26 00:37:37.390   906   953 I RSMC-CtrlMsg: TxDataIndication enter 
10-26 00:37:37.390   906   953 I RSMC-CtrlMsg: rsmc-process: enter single send mode! Func:BdspTxDataIndProcess
10-26 00:37:37.390   906   953 I RSMC-CtrlMsg: rsmc-process: status from 1 to 4!
10-26 00:37:37.390   906   953 I RSMC-RxTx_txctrl: BdspTxSheduleProc: SlcTxProcess enter
10-26 00:37:37.390   906   953 I RSMC_PROT_QUEUE: RSMC_PROT_QUEUE:SendQueueNotSendCount, count=0
10-26 00:37:37.390   906   953 I RSMC_PROT_QUEUE: RSMC_PROT_QUEUE:IsDataQueueEmpty, retrans count=0
10-26 00:37:37.390   906   953 I RSMC-RxTx_txctrl: SlcTxProcess enter: slc queue is null
10-26 00:37:37.390   906   953 I RSMC-RxTx_txctrl: AmTxProcess, slcQueueState = 1
10-26 00:37:37.390   906   953 I RSMC-RxTx_txctrl: BdspTxSheduleProc: McpTxScheduleProc enter
10-26 00:37:37.390   906   953 I RSMC-RxTx_txctrl: rsmc-process: set rev beam info!sateNo(59),beamNo(0)
10-26 00:37:37.390   906   953 I RSMC-RxTx_txctrl: McpTxScheduleProc enter, last mcp pdu tx complete
10-26 00:37:37.390   906   953 I RSMC-RxTx_txctrl: SchedulingSizeCalculation enter, frameType = 3, g_singleFrameCap[maxGear] = 512
10-26 00:37:37.390   906   953 I RSMC-RxTx_txctrl: SchedulingSizeCalculation enter, fourFrameHeadLen = 386, MCP_IND_LENTH = 2
10-26 00:37:37.390   906   953 I RSMC-RxTx_txctrl: SchedulingSizeCalculation enter, singleSlcLen = 72, CRC_LENTH = 24
10-26 00:37:37.390   906   953 I RSMC-RxTx_txctrl: SchedulingSizeCalculation enter, fourFrameSize >= remainLen start
10-26 00:37:37.390   906   953 I RSMC-RxTx_txctrl: CalcLastScheduleFrameNum, MaxSize=416, remainLen=170, singleSlcLen=72
10-26 00:37:37.390   906   953 I RSMC-RxTx_txctrl: CalSingleSize, branch1,schSize->eachFrameSize[0] = 416
10-26 00:37:37.390   906   953 I RSMC-RxTx_txctrl: SchedulingSizeCalculation enter, fourFrameSize >= remainLen end
10-26 00:37:37.390   906   953 I RSMC-RxTx_txctrl: McpTxScheduleProc enter, mcp schedule info, scheduleNum=1, paddingSize=246
10-26 00:37:37.390   906   953 I RSMC_PROT_QUEUE: BitsCopy, dbb=50,dsb=6,sbb=0,ssb=0,nbits=8
10-26 00:37:37.390   906   953 I RSMC_PROT_SEND: TxSchedulingIndication, enter,mtu=414,frameNum=1
10-26 00:37:37.390   906   953 I RSMC_PROT_SEND: GetMdcpPduBuff, txMtu=414, bitOffset=0, bitLen=414, originLen=160
10-26 00:37:37.390   906   953 I RSMC_PROT_QUEUE: BitsCopy, dbb=0,dsb=2,sbb=0,ssb=0,nbits=414
10-26 00:37:37.390   906   953 D RSMC_PROT_SEND: GetMdcpFullBuff, out
10-26 00:37:37.390   906   953 I RSMC_PROT_SEND: RecordLinkParatoCtx, blind send,rev sat is 0,beamNo is 7
10-26 00:37:37.390   906   953 I RSMC_PROT_SEND: UlDoSLCFragment, enter,len=416,frameNum=1
10-26 00:37:37.390   906   953 I RSMC_PROT_SEND: UlDoSLCFragment, out eachScheduleSize[0]=416 len=416
10-26 00:37:37.390   906   953 I RSMC_PROT_QUEUE: GetSlcFrameTransforMode, type=4
10-26 00:37:37.390   906   953 D RSMC_PROT_SEND: GetMsgInfo, out
10-26 00:37:37.390   906   953 I RSMC_PROT_QUEUE: BitsCopy, dbb=9,dsb=0,sbb=0,ssb=0,nbits=416
10-26 00:37:37.390   906   953 I RSMC_PROT_SEND: UlDoSLCFragment, totalLen=488
10-26 00:37:37.390   906   953 I RSMC_PROT_SEND: UlDoSLCFragment, out len=0
10-26 00:37:37.390   906   953 I RSMC_PROT_SEND: TxSchedulingIndication, out ret=0
10-26 00:37:37.390   906   953 I RSMC-RxTx_txctrl: AmTxProcess, enter, mcpQueueState = 0
10-26 00:37:37.390   906   953 I RSMC-RxTx_txctrl: BdspTxSheduleProc: SlcTxProcess enter
10-26 00:37:37.390   906   953 I RSMC_PROT_QUEUE: SendQueueNotSendCount, i=0
10-26 00:37:37.390   906   953 I RSMC_PROT_QUEUE: RSMC_PROT_QUEUE:SendQueueNotSendCount, count=1
10-26 00:37:37.390   906   953 I RSMC_PROT_QUEUE: RSMC_PROT_QUEUE:IsDataQueueEmpty, retrans count=0
10-26 00:37:37.390   906   953 I RSMC_PROT_QUEUE: GetAckStatus, g_sendQueue.node[0].type=3, g_retransQueue.count=0
10-26 00:37:37.390   906   953 I RSMC_PROT_QUEUE: SendQueueNotSendCount, i=0
10-26 00:37:37.390   906   953 I RSMC_PROT_QUEUE: RSMC_PROT_QUEUE:SendQueueNotSendCount, count=1
10-26 00:37:37.390   906   953 I RSMC_PROT_SEND: AmSendNewFrameData, enter
10-26 00:37:37.390   906   953 I RSMC-ATCMD: rsmc-process: send data to phy(S-M-D-T-X)!
10-26 00:37:37.390   906   953 I RSMC-ATCMD: CmdSend: fid(94) $SMDTX,1,1,0,8000,3,1,4198960,13687411,FFFFFFFFFF,3,61,0C661906D4E38390042100491FC95753BB0AE68AADA91729215FFEC67AC0000000000000000000000000000000000000000000000000000000000000F6
10-26 00:37:37.390   906   953 I RSMC-CtrlMsg: rsmc-process: SetSmoothCnt is 0!
10-26 00:37:37.390   906   953 I RSMC_PROT_SEND: TxSentResultUpdate, frameSN = 0, result = 0
10-26 00:37:37.390   906   953 I RSMC_PROT_SEND: AmActiveRcvTimer, out,timerid=205,timer=2000000
10-26 00:37:37.390   906   953 I RSMC_PROT_SEND: AmSendNewFrameData, out ret=0
10-26 00:37:37.390   906   953 D RSMC_PROT_SEND: TxSendIndication, out ret=0
10-26 00:37:37.390   906 23497 D RSMC-PHY-CMD: CmdReadProcess: PHY_DATA >> len 179 cmd $SMDTX,1,1,0,8000,3,1,4198960,13687411,FFFFFFFFFF,3,61,0C661906D4E38390042100491FC95753BB0AE68AADA91729215FFEC67AC0000000000000000000000000000000000000000000000000000000000000F6
10-26 00:37:37.390   906   953 I RSMC-RxTx_txctrl: SlcTxProcess, ackRecFlag = 1
10-26 00:37:37.390   906   953 I RSMC-RxTx_txctrl: AmTxProcess, slcQueueState = 5
10-26 00:37:37.390   906   953 I RSMC-RxTx_txctrl: BdspTxSheduleProc, slcQueueState = 5
10-26 00:37:37.390   906   953 I RSMC-RxTx_txctrl: BdspTxSheduleProc, set receiver
10-26 00:37:37.390   906 23497 D RSMC-PHY-CMD: RsmcTxCmd: tx[0C661906D4E38390042100491FC95753BB0AE68AADA91729215FFEC67AC0000000000000000000000000000000000000000000000000000000000000F6],0C661906D4E38390042100491FC95753BB0AE68AADA91729215FFEC67AC0000000000000000000000000000000000000000000000000000000000000F6,122
10-26 00:37:37.390   906   953 D RSMC-timer: DeleteTimerProcess enter, len:120
10-26 00:37:37.390   906 23497 I RSMC-110X-PHY: PhyProcess: msg type = 201, status=2
10-26 00:37:37.391   906   953 D RSMC-MAINLOOP: main poll next wait 2000 ms
10-26 00:37:37.391   906 23497 I RSMC-TX-CTRL: TxSendData: enter
10-26 00:37:37.391   906 23497 D RSMC-TX-CTRL: StartTxTimer: id=100
10-26 00:37:37.391   906 23497 I RSMC-TX-CTRL: TxSendData: id=1,totalFrame=1,subFrameId=1,0C661906D4E38390042100491FC95753BB0AE68AADA91729215FFEC67AC0000000000000000000000000000000000000000000000000000000000000F6,0C661906D4E38390042100491FC95753BB0AE68AADA91729215FFEC67AC0000000000000000000000000000000000000000000000000000000000000F6
10-26 00:37:37.391   906 23497 D RSMC-110XPHY-ADAPTOR: SendTxCmd
10-26 00:37:37.391   906 23497 I RSMC-110XPHY-ADAPTOR: 110X_DATA >> $SMRDTX=1,1,1,2,401230,6,D0DA73,40,FFFFFFFFFF,8000,3,1,19E5,3,488,0C661906D4E38390042100491FC95753BB0AE68AADA91729215FFEC67AC0000000000000000000000000000000000000000000000000000000000000F6
10-26 00:37:37.392  2240  2240 W HIGNSS  : PE_RSMC:[RSMC] RsmcGetStrFromBoard path is null
10-26 00:37:37.392  2240  2240 W HIGNSS  : PE_RSMC:[RSMC] RsmcGetStrFromBoard error, use the default bat type: graphite
10-26 00:37:37.393  2240 23542 W HIGNSS  : PE_RSMC:[RSMC] RsmcGetStrFromBoard path is null
10-26 00:37:37.393  2240 23542 W HIGNSS  : PE_RSMC:[RSMC] get battery failed
10-26 00:37:37.393  2240 23542 W HIGNSS  : PE_RSMC:[RSMC] RsmcGetStrFromBoard path is null
10-26 00:37:37.393  2240 23542 W HIGNSS  : PE_RSMC:[RSMC] get battery tempr failed
10-26 00:37:37.528 13013 23543 I RSMC-SERVICE-SatAliMgr: bundle:Bundle[{targetPitch=43.47229145889525, mobilePitch=54.1, mobileAzimuth=194.0, trueNorthAzimuth=239.0, cnr=0, pitchAngleDelta=-10, eventValue0=0.4528380036354065, eventValue1=0.5446040034294128, eventValue2=0.6667940020561218, eventValue3=0.23179300129413605, azimuthDelta=-5, targetAzimuth=188.97673391349792, sateIdx=61, trueNorthPitch=-94.1469}]
10-26 00:37:37.539  2240 23542 W HIGNSS  : PE_RSMC:[RSMC] RsmcGetStrFromBoard path is null
10-26 00:37:37.539  2240 23542 W HIGNSS  : PE_RSMC:[RSMC] RsmcGetStrFromBoard error, use the default bat type: graphite
10-26 00:37:37.692  2240  2240 W HIGNSS  : PE_RSMC:[CalCurAveClkDrift]curClkDriftCnt: 0
10-26 00:37:37.693   906 23496 I RSMC-110XPHY-ADAPTOR: 110X_DATA << $SMRFER,37,-243,9,1194
10-26 00:37:38.232   906 23496 I RSMC-110XPHY-ADAPTOR: 110X_DATA << $SMRTXR,180,172,0.667931,29,0,0,0
10-26 00:37:38.232   906 23496 I RSMC-110XPHY-ADAPTOR: 110X_DATA << $SMRDTX,0,0
10-26 00:37:38.232   906 23496 I RSMC-110X-PHY: PhyProcess: msg type = 202, status=2
10-26 00:37:38.232   906 23496 I RSMC-TX-CTRL: TxCnfEventProc: 0
10-26 00:37:38.232   906 23496 D RSMC-TX-CTRL: StopTxTimer: enter,id=100
10-26 00:37:38.232   906 23496 I RSMC-PHY-CMD: UnsoliRsmcTx:enter 1
10-26 00:37:38.232   906 23496 D RSMC-PHY-CMD: PHY_DATA << $SMDTX,OK,0,0,0,0,0
10-26 00:37:38.232   906 23496 D RSMC-110XPHY-ADAPTOR: HiSmcDTX: <110x TX result> result=0,cause=0
10-26 00:37:38.232   906   953 D RSMC-MAINLOOP: process cb idx:1,cb:0x7831d21f28,fd:78
10-26 00:37:38.232   906   953 I RSMC-ATCMD: UnsoliBdSmcMsgTx:1,cause = 0
10-26 00:37:38.232   906   953 D RSMC-CtrlMsg: BdspTxResCb, mcpMessageFlag = 0, Status = 4
10-26 00:37:38.232   906   953 D RSMC-CtrlMsg: BdspTxSendResultResponse enter 
10-26 00:37:38.232   906   953 I RSMC_PROT_SEND: AmActiveSendTimer, tv_sec=1698251858, tv_usec=232959
10-26 00:37:38.232   906   953 I RSMC-CtrlMsg: rsmc-process:send succ(S-M-D-T-X)! Func:BdspTxSendResultResponse
10-26 00:37:38.232   906   953 I RSMC_PROT_SEND: TxSentResultUpdate, frameSN = 255, result = 1
10-26 00:37:38.232   906   953 I RSMC_PROT_RCV: rsmc-process: sent status is 4! errorCode=0! type=3! idx=1, Func:AmNoticeSendStatus
10-26 00:37:38.232   906   953 D RSMC-context: NotifySendStatusCb enter
10-26 00:37:38.232   906   953 D RSMC-msg-native: send data to framework
10-26 00:37:38.233   906   953 D RSMC-msg-native: send to framework msg succ
10-26 00:37:38.233   906   953 I RSMC-CtrlMsg: rsmc-process: status from 4 to 1!
10-26 00:37:38.233   906   953 D RSMC-MAINLOOP: main poll next wait 1157 ms
10-26 00:37:38.233 13013 13013 I RSMC-SERVICE-NativeAdaptor: handleRecvMsg msg len:16, type:2
10-26 00:37:38.233 13013 13013 I RSMC-SERVICE-NativeAdaptor: recvMsg processCb type: 2
10-26 00:37:38.233 13013 13013 I RSMC-SERVICE-Service: notifySendStatus, type = 3, idx = 1, status = 4, cause = 0
10-26 00:37:38.234 13013 13051 I RSMC-SERVICE-StateMachine: SendState processMessage: 7
10-26 00:37:38.234 13013 13051 I RSMC-SERVICE-StateMachine: rsmc-process: rsmc service sendStatus wait ack
10-26 00:37:38.234 13013 13013 I RSMC-SERVICE-Service: rsmc-process: whether is mail query services status:8type:1
10-26 00:37:38.234 13013 23489 I RSMC-SERVICE-Service: handleSysStatusToApk Bundle[{status=8, cause=15}]
10-26 00:37:38.328 13013 16887 I RSMC-SERVICE-Service: current:1079632431,lastSend:1079614236,lastRece:1078761249
10-26 00:37:38.595 13013 23543 I RSMC-SERVICE-SatAliMgr: bundle:Bundle[{targetPitch=43.47229145889525, mobilePitch=41.7, mobileAzimuth=192.6, trueNorthAzimuth=237.6, cnr=0, pitchAngleDelta=1, eventValue0=0.4473310112953186, eventValue1=0.5490490198135376, eventValue2=0.6699209809303284, eventValue3=0.2228119969367981, azimuthDelta=-3, targetAzimuth=188.97673391349792, sateIdx=61, trueNorthPitch=-81.70571}]
10-26 00:37:38.695  2240  2240 W HIGNSS  : PE_RSMC:[CalCurAveClkDrift]curClkDriftCnt: 0
10-26 00:37:38.698   906 23496 I RSMC-110XPHY-ADAPTOR: 110X_DATA << $SMRFER,37,-243,9,1194
10-26 00:37:39.342 13013 16887 I RSMC-SERVICE-Service: current:1079633445,lastSend:1079614236,lastRece:1078761249
10-26 00:37:39.393   906   953 I RSMC_PROT_SEND: AmACKTimerOutProc, enter, timerid=205
10-26 00:37:39.393   906   953 I RSMC_PROT_SEND: rsmc-process: receive ack timeout!Func:AmACKTimerOutProc
10-26 00:37:39.393   906   953 D RSMC-CtrlMsg: ReceiveFailureIndcation enter 
10-26 00:37:39.393   906   953 I RSMC-CtrlMsg: rsmc-process: receive ack fail,retrans process!Func:BdspRxAckFailProcess
10-26 00:37:39.393   906   953 I RSMC-CtrlMsg: rsmc-process: enter single send mode! Func:BdspTxDataIndProcess
10-26 00:37:39.393   906   953 I RSMC-CtrlMsg: rsmc-process: status from 1 to 4!
10-26 00:37:39.394   906   953 I RSMC-RxTx_txctrl: BdspTxSheduleProc: SlcTxProcess enter
10-26 00:37:39.394   906   953 I RSMC_PROT_QUEUE: RSMC_PROT_QUEUE:SendQueueNotSendCount, count=0
10-26 00:37:39.394   906   953 I RSMC_PROT_QUEUE: RSMC_PROT_QUEUE:IsDataQueueEmpty, retrans count=1
10-26 00:37:39.394   906   953 I RSMC_PROT_QUEUE: GetAckStatus, g_sendQueue.node[0].type=3, g_retransQueue.count=1
10-26 00:37:39.394   906   953 I RSMC_PROT_QUEUE: RSMC_PROT_QUEUE:SendQueueNotSendCount, count=0
10-26 00:37:39.394   906   953 I RSMC_PROT_SEND: AmSendRetransFrameData, enter
10-26 00:37:39.394   906   953 I RSMC_PROT_SEND: AmSendRetransFrameData, i=0, sendFlag=0
10-26 00:37:39.394   906   953 I RSMC-ATCMD: rsmc-process: send data to phy(S-M-D-T-X)!
10-26 00:37:39.394   906   953 I RSMC-ATCMD: CmdSend: fid(94) $SMDTX,2,1,0,8000,3,1,4198960,13687411,FFFFFFFFFF,3,61,0C661906D4E38390042100491FC95753BB0AE68AADA91729215FFEC67AC0000000000000000000000000000000000000000000000000000000000000F6
10-26 00:37:39.394   906   953 I RSMC-CtrlMsg: rsmc-process: SetSmoothCnt is 0!
10-26 00:37:39.394   906   953 I RSMC_PROT_SEND: TxSentResultUpdate, frameSN = 0, result = 0
10-26 00:37:39.394   906   953 I RSMC_PROT_SEND: AmActiveRcvTimer, out,timerid=206,timer=2000000
10-26 00:37:39.394   906   953 I RSMC_PROT_SEND: AmSendRetransFrameData, out ret=0
10-26 00:37:39.394   906   953 D RSMC_PROT_SEND: TxSendIndication, out ret=0
10-26 00:37:39.394   906   953 I RSMC-RxTx_txctrl: SlcTxProcess, ackRecFlag = 1
10-26 00:37:39.394   906 23497 D RSMC-PHY-CMD: CmdReadProcess: PHY_DATA >> len 179 cmd $SMDTX,2,1,0,8000,3,1,4198960,13687411,FFFFFFFFFF,3,61,0C661906D4E38390042100491FC95753BB0AE68AADA91729215FFEC67AC0000000000000000000000000000000000000000000000000000000000000F6
10-26 00:37:39.394   906   953 I RSMC-RxTx_txctrl: AmTxProcess, slcQueueState = 5
10-26 00:37:39.394   906 23497 D RSMC-PHY-CMD: RsmcTxCmd: tx[0C661906D4E38390042100491FC95753BB0AE68AADA91729215FFEC67AC0000000000000000000000000000000000000000000000000000000000000F6],0C661906D4E38390042100491FC95753BB0AE68AADA91729215FFEC67AC0000000000000000000000000000000000000000000000000000000000000F6,122
10-26 00:37:39.394   906   953 I RSMC-RxTx_txctrl: BdspTxSheduleProc, slcQueueState = 5
10-26 00:37:39.394   906   953 I RSMC-RxTx_txctrl: BdspTxSheduleProc, set receiver
10-26 00:37:39.394   906   953 D RSMC-MAINLOOP: main poll next wait 108 ms
10-26 00:37:39.394   906 23497 I RSMC-110X-PHY: PhyProcess: msg type = 201, status=2
10-26 00:37:39.394   906   953 D RSMC-MAINLOOP: process cb idx:0,cb:0x7831d24cf4,fd:6
10-26 00:37:39.394   906 23497 I RSMC-TX-CTRL: TxSendData: enter
10-26 00:37:39.394   906   953 D RSMC-timer: DeleteTimerProcess enter, len:120
10-26 00:37:39.394   906   953 D RSMC-MAINLOOP: main poll next wait 108 ms
10-26 00:37:39.394   906 23497 D RSMC-TX-CTRL: StartTxTimer: id=105
10-26 00:37:39.394   906 23497 I RSMC-TX-CTRL: TxSendData: id=2,totalFrame=1,subFrameId=1,0C661906D4E38390042100491FC95753BB0AE68AADA91729215FFEC67AC0000000000000000000000000000000000000000000000000000000000000F6,0C661906D4E38390042100491FC95753BB0AE68AADA91729215FFEC67AC0000000000000000000000000000000000000000000000000000000000000F6
10-26 00:37:39.394   906 23497 D RSMC-110XPHY-ADAPTOR: SendTxCmd
10-26 00:37:39.394   906 23497 I RSMC-110XPHY-ADAPTOR: 110X_DATA >> $SMRDTX=2,1,1,2,401230,6,D0DA73,40,FFFFFFFFFF,8000,3,1,19E5,3,488,0C661906D4E38390042100491FC95753BB0AE68AADA91729215FFEC67AC0000000000000000000000000000000000000000000000000000000000000F6
10-26 00:37:39.394  2240 23542 W HIGNSS  : PE_RSMC:[RSMC] RsmcGetStrFromBoard path is null
10-26 00:37:39.394  2240 23542 W HIGNSS  : PE_RSMC:[RSMC] get battery failed
10-26 00:37:39.394  2240 23542 W HIGNSS  : PE_RSMC:[RSMC] RsmcGetStrFromBoard path is null
10-26 00:37:39.394  2240 23542 W HIGNSS  : PE_RSMC:[RSMC] get battery tempr failed
10-26 00:37:39.506   906   953 D RSMC-MAINLOOP: main poll next wait 1889 ms
10-26 00:37:39.506   906   953 D RSMC-MAINLOOP: process cb idx:0,cb:0x7831d24cf4,fd:6
10-26 00:37:39.506   906   953 D RSMC-timer: DeleteTimerProcess enter, len:120
10-26 00:37:39.506   906   953 D RSMC-MAINLOOP: main poll next wait 1889 ms
10-26 00:37:39.506   906 23660 D RSMC-cfg: QueryThread: enter
10-26 00:37:39.506   906 23660 D RSMC-cfg: QueryThread: exit
10-26 00:37:39.530  2240 23542 W HIGNSS  : PE_RSMC:[RSMC] RsmcGetStrFromBoard path is null
10-26 00:37:39.530  2240 23542 W HIGNSS  : PE_RSMC:[RSMC] RsmcGetStrFromBoard error, use the default bat type: graphite
10-26 00:37:39.647 13013 23543 I RSMC-SERVICE-SatAliMgr: bundle:Bundle[{targetPitch=43.47229145889525, mobilePitch=58.3, mobileAzimuth=193.2, trueNorthAzimuth=238.2, cnr=0, pitchAngleDelta=-14, eventValue0=0.4502739906311035, eventValue1=0.5472689867019653, eventValue2=0.6684839725494385, eventValue3=0.2255609929561615, azimuthDelta=-4, targetAzimuth=188.97673391349792, sateIdx=61, trueNorthPitch=-98.32273}]
10-26 00:37:39.701   906 23496 I RSMC-110XPHY-ADAPTOR: 110X_DATA << $SMRFER,37,-243,9,1194
10-26 00:37:40.225   906 23496 I RSMC-110XPHY-ADAPTOR: 110X_DATA << $SMRTXR,180,180,0.669314,32,0,0,0
10-26 00:37:40.225   906 23496 I RSMC-110XPHY-ADAPTOR: 110X_DATA << $SMRDTX,0,0
10-26 00:37:40.225   906 23496 I RSMC-110X-PHY: PhyProcess: msg type = 202, status=2
10-26 00:37:40.225   906 23496 I RSMC-TX-CTRL: TxCnfEventProc: 0
10-26 00:37:40.225   906 23496 D RSMC-TX-CTRL: StopTxTimer: enter,id=105
10-26 00:37:40.225   906 23496 I RSMC-PHY-CMD: UnsoliRsmcTx:enter 1
10-26 00:37:40.225   906 23496 D RSMC-PHY-CMD: PHY_DATA << $SMDTX,OK,0,0,0,0,0
10-26 00:37:40.225   906 23496 D RSMC-110XPHY-ADAPTOR: HiSmcDTX: <110x TX result> result=0,cause=0
10-26 00:37:40.225   906   953 D RSMC-MAINLOOP: process cb idx:1,cb:0x7831d21f28,fd:78
10-26 00:37:40.225   906   953 I RSMC-ATCMD: UnsoliBdSmcMsgTx:1,cause = 0
10-26 00:37:40.225   906   953 D RSMC-CtrlMsg: BdspTxResCb, mcpMessageFlag = 0, Status = 4
10-26 00:37:40.225   906   953 D RSMC-CtrlMsg: BdspTxSendResultResponse enter 
10-26 00:37:40.225   906   953 I RSMC_PROT_SEND: AmActiveSendTimer, tv_sec=1698251860, tv_usec=225572
10-26 00:37:40.225   906   953 I RSMC-CtrlMsg: rsmc-process:send succ(S-M-D-T-X)! Func:BdspTxSendResultResponse
10-26 00:37:40.225   906   953 I RSMC_PROT_SEND: TxSentResultUpdate, frameSN = 255, result = 1
10-26 00:37:40.225   906   953 I RSMC-CtrlMsg: rsmc-process: status from 4 to 1!
10-26 00:37:40.225   906   953 D RSMC-MAINLOOP: main poll next wait 1168 ms
10-26 00:37:40.344 13013 16887 I RSMC-SERVICE-Service: current:1079634447,lastSend:1079614236,lastRece:1078761249
10-26 00:37:40.693 13013 23543 I RSMC-SERVICE-SatAliMgr: bundle:Bundle[{targetPitch=43.47229145889525, mobilePitch=47.9, mobileAzimuth=191.9, trueNorthAzimuth=236.9, cnr=0, pitchAngleDelta=-4, eventValue0=0.44447100162506104, eventValue1=0.5502870082855225, eventValue2=0.6722720265388489, eventValue3=0.21835100650787354, azimuthDelta=-2, targetAzimuth=188.97673391349792, sateIdx=61, trueNorthPitch=-87.90812}]
10-26 00:37:40.711   906 23496 I RSMC-110XPHY-ADAPTOR: 110X_DATA << $SMRFER,38,-243,9,1194
10-26 00:37:41.346 13013 13028 I RSMC-SERVICE-Service: current:1079635448,lastSend:1079614236,lastRece:1078761249
10-26 00:37:41.394   906   953 I RSMC_PROT_SEND: AmACKTimerOutProc, enter, timerid=206
10-26 00:37:41.394   906   953 I RSMC_PROT_SEND: rsmc-process: receive ack timeout!Func:AmACKTimerOutProc
10-26 00:37:41.394   906   953 D RSMC-CtrlMsg: ReceiveFailureIndcation enter 
10-26 00:37:41.394   906   953 I RSMC-CtrlMsg: rsmc-process: receive ack fail,retrans process!Func:BdspRxAckFailProcess
10-26 00:37:41.394   906   953 I RSMC-CtrlMsg: rsmc-process: enter single send mode! Func:BdspTxDataIndProcess
10-26 00:37:41.394   906   953 I RSMC-CtrlMsg: rsmc-process: status from 1 to 4!
10-26 00:37:41.394   906   953 I RSMC-RxTx_txctrl: BdspTxSheduleProc: SlcTxProcess enter
10-26 00:37:41.394   906   953 I RSMC_PROT_QUEUE: RSMC_PROT_QUEUE:SendQueueNotSendCount, count=0
10-26 00:37:41.394   906   953 I RSMC_PROT_QUEUE: RSMC_PROT_QUEUE:IsDataQueueEmpty, retrans count=1
10-26 00:37:41.394   906   953 I RSMC_PROT_QUEUE: GetAckStatus, g_sendQueue.node[0].type=3, g_retransQueue.count=1
10-26 00:37:41.394   906   953 I RSMC_PROT_QUEUE: RSMC_PROT_QUEUE:SendQueueNotSendCount, count=0
10-26 00:37:41.394   906   953 I RSMC_PROT_SEND: AmSendRetransFrameData, enter
10-26 00:37:41.394   906   953 I RSMC_PROT_SEND: AmSendRetransFrameData, i=0, sendFlag=0
10-26 00:37:41.394   906   953 I RSMC-ATCMD: rsmc-process: send data to phy(S-M-D-T-X)!
10-26 00:37:41.394   906   953 I RSMC-ATCMD: CmdSend: fid(94) $SMDTX,3,1,0,8000,3,1,4198960,13687411,FFFFFFFFFF,3,61,0C661906D4E38390042100491FC95753BB0AE68AADA91729215FFEC67AC0000000000000000000000000000000000000000000000000000000000000F6
10-26 00:37:41.394   906   953 I RSMC-CtrlMsg: rsmc-process: SetSmoothCnt is 0!
10-26 00:37:41.394   906   953 I RSMC_PROT_SEND: TxSentResultUpdate, frameSN = 0, result = 0
10-26 00:37:41.394   906   953 I RSMC_PROT_SEND: AmActiveRcvTimer, out,timerid=208,timer=2000000
10-26 00:37:41.394   906 23497 D RSMC-PHY-CMD: CmdReadProcess: PHY_DATA >> len 179 cmd $SMDTX,3,1,0,8000,3,1,4198960,13687411,FFFFFFFFFF,3,61,0C661906D4E38390042100491FC95753BB0AE68AADA91729215FFEC67AC0000000000000000000000000000000000000000000000000000000000000F6
10-26 00:37:41.394   906   953 I RSMC_PROT_SEND: AmSendRetransFrameData, out ret=0
10-26 00:37:41.394   906   953 D RSMC_PROT_SEND: TxSendIndication, out ret=0
10-26 00:37:41.394   906   953 I RSMC-RxTx_txctrl: SlcTxProcess, ackRecFlag = 1
10-26 00:37:41.394   906 23497 D RSMC-PHY-CMD: RsmcTxCmd: tx[0C661906D4E38390042100491FC95753BB0AE68AADA91729215FFEC67AC0000000000000000000000000000000000000000000000000000000000000F6],0C661906D4E38390042100491FC95753BB0AE68AADA91729215FFEC67AC0000000000000000000000000000000000000000000000000000000000000F6,122
10-26 00:37:41.394   906   953 I RSMC-RxTx_txctrl: AmTxProcess, slcQueueState = 5
10-26 00:37:41.394   906 23497 I RSMC-110X-PHY: PhyProcess: msg type = 201, status=2
10-26 00:37:41.394   906   953 I RSMC-RxTx_txctrl: BdspTxSheduleProc, slcQueueState = 5
10-26 00:37:41.394   906 23497 I RSMC-TX-CTRL: TxSendData: enter
10-26 00:37:41.395   906   953 I RSMC-RxTx_txctrl: BdspTxSheduleProc, set receiver
10-26 00:37:41.395   906 23497 D RSMC-TX-CTRL: StartTxTimer: id=110
10-26 00:37:41.395   906   953 D RSMC-MAINLOOP: main poll next wait 3111 ms
10-26 00:37:41.395   906 23497 I RSMC-TX-CTRL: TxSendData: id=3,totalFrame=1,subFrameId=1,0C661906D4E38390042100491FC95753BB0AE68AADA91729215FFEC67AC0000000000000000000000000000000000000000000000000000000000000F6,0C661906D4E38390042100491FC95753BB0AE68AADA91729215FFEC67AC0000000000000000000000000000000000000000000000000000000000000F6
10-26 00:37:41.395   906   953 D RSMC-MAINLOOP: process cb idx:0,cb:0x7831d24cf4,fd:6
10-26 00:37:41.395   906 23497 D RSMC-110XPHY-ADAPTOR: SendTxCmd
10-26 00:37:41.395   906   953 D RSMC-timer: DeleteTimerProcess enter, len:120
10-26 00:37:41.395   906   953 D RSMC-MAINLOOP: main poll next wait 2000 ms
10-26 00:37:41.395   906 23497 I RSMC-110XPHY-ADAPTOR: 110X_DATA >> $SMRDTX=3,1,1,2,401230,6,D0DA73,40,FFFFFFFFFF,8000,3,1,19E5,3,488,0C661906D4E38390042100491FC95753BB0AE68AADA91729215FFEC67AC0000000000000000000000000000000000000000000000000000000000000F6
10-26 00:37:41.396  2240 23542 W HIGNSS  : PE_RSMC:[RSMC] RsmcGetStrFromBoard path is null
10-26 00:37:41.396  2240 23542 W HIGNSS  : PE_RSMC:[RSMC] get battery failed
10-26 00:37:41.396  2240 23542 W HIGNSS  : PE_RSMC:[RSMC] RsmcGetStrFromBoard path is null
10-26 00:37:41.396  2240 23542 W HIGNSS  : PE_RSMC:[RSMC] get battery tempr failed
10-26 00:37:41.589  2240 23542 W HIGNSS  : PE_RSMC:[RSMC] RsmcGetStrFromBoard path is null
10-26 00:37:41.589  2240 23542 W HIGNSS  : PE_RSMC:[RSMC] RsmcGetStrFromBoard error, use the default bat type: graphite
10-26 00:37:41.715   906 23496 I RSMC-110XPHY-ADAPTOR: 110X_DATA << $SMRFER,39,-243,9,1194
10-26 00:37:41.720 13013 23543 I RSMC-SERVICE-SatAliMgr: bundle:Bundle[{targetPitch=43.47238800727679, mobilePitch=45.8, mobileAzimuth=192.6, trueNorthAzimuth=237.6, cnr=0, pitchAngleDelta=-2, eventValue0=0.4479770064353943, eventValue1=0.5474969744682312, eventValue2=0.6710230112075806, eventValue3=0.22201299667358398, azimuthDelta=-3, targetAzimuth=188.97686940498386, sateIdx=61, trueNorthPitch=-85.796425}]
10-26 00:37:42.284   906 23496 I RSMC-110XPHY-ADAPTOR: 110X_DATA << $SMRTXR,180,180,0.667623,34,0,0,0
10-26 00:37:42.285   906 23496 I RSMC-110XPHY-ADAPTOR: 110X_DATA << $SMRDTX,0,0
10-26 00:37:42.285   906 23496 I RSMC-110X-PHY: PhyProcess: msg type = 202, status=2
10-26 00:37:42.285   906 23496 I RSMC-TX-CTRL: TxCnfEventProc: 0
10-26 00:37:42.285   906 23496 D RSMC-TX-CTRL: StopTxTimer: enter,id=110
10-26 00:37:42.285   906 23496 I RSMC-PHY-CMD: UnsoliRsmcTx:enter 1
10-26 00:37:42.285   906 23496 D RSMC-PHY-CMD: PHY_DATA << $SMDTX,OK,0,0,0,0,0
10-26 00:37:42.286   906 23496 D RSMC-110XPHY-ADAPTOR: HiSmcDTX: <110x TX result> result=0,cause=0
10-26 00:37:42.286   906   953 D RSMC-MAINLOOP: process cb idx:1,cb:0x7831d21f28,fd:78
10-26 00:37:42.286   906   953 I RSMC-ATCMD: UnsoliBdSmcMsgTx:1,cause = 0
10-26 00:37:42.286   906   953 D RSMC-CtrlMsg: BdspTxResCb, mcpMessageFlag = 0, Status = 4
10-26 00:37:42.286   906   953 D RSMC-CtrlMsg: BdspTxSendResultResponse enter 
10-26 00:37:42.286   906   953 I RSMC_PROT_SEND: AmActiveSendTimer, tv_sec=1698251862, tv_usec=286317
10-26 00:37:42.286   906   953 I RSMC-CtrlMsg: rsmc-process:send succ(S-M-D-T-X)! Func:BdspTxSendResultResponse
10-26 00:37:42.286   906   953 I RSMC_PROT_SEND: TxSentResultUpdate, frameSN = 255, result = 1
10-26 00:37:42.286   906   953 I RSMC-CtrlMsg: rsmc-process: status from 4 to 1!
10-26 00:37:42.286   906   953 D RSMC-MAINLOOP: main poll next wait 1108 ms
10-26 00:37:42.347 13013 16887 I RSMC-SERVICE-Service: current:1079636450,lastSend:1079614236,lastRece:1078761249
10-26 00:37:42.720   906 23496 I RSMC-110XPHY-ADAPTOR: 110X_DATA << $SMRFER,40,-243,9,1194
10-26 00:37:42.774 13013 23543 I RSMC-SERVICE-SatAliMgr: bundle:Bundle[{targetPitch=43.472391357242614, mobilePitch=50.0, mobileAzimuth=191.6, trueNorthAzimuth=236.6, cnr=0, pitchAngleDelta=-6, eventValue0=0.44355401396751404, eventValue1=0.551048994064331, eventValue2=0.6731430292129517, eventValue3=0.215596005320549, azimuthDelta=-2, targetAzimuth=188.97683492591779, sateIdx=61, trueNorthPitch=-89.98986}]
10-26 00:37:43.350 13013 13028 I RSMC-SERVICE-Service: current:1079637452,lastSend:1079614236,lastRece:1078761249
10-26 00:37:43.398   906   953 I RSMC_PROT_SEND: AmACKTimerOutProc, enter, timerid=208
10-26 00:37:43.398   906   953 I RSMC_PROT_SEND: rsmc-process: receive ack timeout!Func:AmACKTimerOutProc
10-26 00:37:43.398   906   953 D RSMC-CtrlMsg: ReceiveFailureIndcation enter 
10-26 00:37:43.398   906   953 I RSMC-CtrlMsg: rsmc-process: receive ack fail,retrans process!Func:BdspRxAckFailProcess
10-26 00:37:43.398   906   953 I RSMC-CtrlMsg: rsmc-process: enter single send mode! Func:BdspTxDataIndProcess
10-26 00:37:43.398   906   953 I RSMC-CtrlMsg: rsmc-process: status from 1 to 4!
10-26 00:37:43.398   906   953 I RSMC-RxTx_txctrl: BdspTxSheduleProc: SlcTxProcess enter
10-26 00:37:43.398   906   953 I RSMC_PROT_QUEUE: RSMC_PROT_QUEUE:SendQueueNotSendCount, count=0
10-26 00:37:43.398   906   953 I RSMC_PROT_QUEUE: RSMC_PROT_QUEUE:IsDataQueueEmpty, retrans count=1
10-26 00:37:43.398   906   953 I RSMC_PROT_QUEUE: GetAckStatus, g_sendQueue.node[0].type=3, g_retransQueue.count=1
10-26 00:37:43.398   906   953 I RSMC_PROT_QUEUE: RSMC_PROT_QUEUE:SendQueueNotSendCount, count=0
10-26 00:37:43.398   906   953 I RSMC_PROT_SEND: AmSendRetransFrameData, enter
10-26 00:37:43.398   906   953 I RSMC_PROT_SEND: AmSendRetransFrameData, i=0, sendFlag=0
10-26 00:37:43.399   906   953 I RSMC-ATCMD: rsmc-process: send data to phy(S-M-D-T-X)!
10-26 00:37:43.399   906   953 I RSMC-ATCMD: CmdSend: fid(94) $SMDTX,4,1,0,8000,3,1,4198960,13687411,FFFFFFFFFF,3,61,0C661906D4E38390042100491FC95753BB0AE68AADA91729215FFEC67AC0000000000000000000000000000000000000000000000000000000000000F6
10-26 00:37:43.399   906   953 I RSMC-CtrlMsg: rsmc-process: SetSmoothCnt is 0!
10-26 00:37:43.399   906   953 I RSMC_PROT_SEND: TxSentResultUpdate, frameSN = 0, result = 0
10-26 00:37:43.399   906   953 I RSMC_PROT_SEND: AmActiveRcvTimer, out,timerid=209,timer=2000000
10-26 00:37:43.399   906   953 I RSMC_PROT_SEND: AmSendRetransFrameData, out ret=0
10-26 00:37:43.399   906   953 D RSMC_PROT_SEND: TxSendIndication, out ret=0
10-26 00:37:43.399   906   953 I RSMC-RxTx_txctrl: SlcTxProcess, ackRecFlag = 1
10-26 00:37:43.399   906 23497 D RSMC-PHY-CMD: CmdReadProcess: PHY_DATA >> len 179 cmd $SMDTX,4,1,0,8000,3,1,4198960,13687411,FFFFFFFFFF,3,61,0C661906D4E38390042100491FC95753BB0AE68AADA91729215FFEC67AC0000000000000000000000000000000000000000000000000000000000000F6
10-26 00:37:43.399   906   953 I RSMC-RxTx_txctrl: AmTxProcess, slcQueueState = 5
10-26 00:37:43.399   906   953 I RSMC-RxTx_txctrl: BdspTxSheduleProc, slcQueueState = 5
10-26 00:37:43.399   906 23497 D RSMC-PHY-CMD: RsmcTxCmd: tx[0C661906D4E38390042100491FC95753BB0AE68AADA91729215FFEC67AC0000000000000000000000000000000000000000000000000000000000000F6],0C661906D4E38390042100491FC95753BB0AE68AADA91729215FFEC67AC0000000000000000000000000000000000000000000000000000000000000F6,122
10-26 00:37:43.399   906   953 I RSMC-RxTx_txctrl: BdspTxSheduleProc, set receiver
10-26 00:37:43.399   906 23497 I RSMC-110X-PHY: PhyProcess: msg type = 201, status=2
10-26 00:37:43.399   906   953 D RSMC-MAINLOOP: main poll next wait 1106 ms
10-26 00:37:43.399   906 23497 I RSMC-TX-CTRL: TxSendData: enter
10-26 00:37:43.399   906   953 D RSMC-MAINLOOP: process cb idx:0,cb:0x7831d24cf4,fd:6
10-26 00:37:43.399   906 23497 D RSMC-TX-CTRL: StartTxTimer: id=115
10-26 00:37:43.399   906   953 D RSMC-timer: DeleteTimerProcess enter, len:120
10-26 00:37:43.399   906 23497 I RSMC-TX-CTRL: TxSendData: id=4,totalFrame=1,subFrameId=1,0C661906D4E38390042100491FC95753BB0AE68AADA91729215FFEC67AC0000000000000000000000000000000000000000000000000000000000000F6,0C661906D4E38390042100491FC95753BB0AE68AADA91729215FFEC67AC0000000000000000000000000000000000000000000000000000000000000F6
10-26 00:37:43.399   906   953 D RSMC-MAINLOOP: main poll next wait 1106 ms
10-26 00:37:43.399   906 23497 D RSMC-110XPHY-ADAPTOR: SendTxCmd
10-26 00:37:43.399   906 23497 I RSMC-110XPHY-ADAPTOR: 110X_DATA >> $SMRDTX=4,1,1,2,401230,6,D0DA73,40,FFFFFFFFFF,8000,3,1,19E5,3,488,0C661906D4E38390042100491FC95753BB0AE68AADA91729215FFEC67AC0000000000000000000000000000000000000000000000000000000000000F6
10-26 00:37:43.402  2240 23542 W HIGNSS  : PE_RSMC:[RSMC] RsmcGetStrFromBoard path is null
10-26 00:37:43.402  2240 23542 W HIGNSS  : PE_RSMC:[RSMC] get battery failed
10-26 00:37:43.402  2240 23542 W HIGNSS  : PE_RSMC:[RSMC] RsmcGetStrFromBoard path is null
10-26 00:37:43.402  2240 23542 W HIGNSS  : PE_RSMC:[RSMC] get battery tempr failed
10-26 00:37:43.550  2240 23542 W HIGNSS  : PE_RSMC:[RSMC] RsmcGetStrFromBoard path is null
10-26 00:37:43.550  2240 23542 W HIGNSS  : PE_RSMC:[RSMC] RsmcGetStrFromBoard error, use the default bat type: graphite
10-26 00:37:43.718   906 23496 I RSMC-110XPHY-ADAPTOR: 110X_DATA << $SMRFER,41,-243,9,1194
10-26 00:37:43.836 13013 23543 I RSMC-SERVICE-SatAliMgr: bundle:Bundle[{targetPitch=43.472356826855204, mobilePitch=43.6, mobileAzimuth=192.0, trueNorthAzimuth=237.0, cnr=0, pitchAngleDelta=0, eventValue0=0.44615399837493896, eventValue1=0.5469099879264832, eventValue2=0.6740700006484985, eventValue3=0.21786099672317505, azimuthDelta=-3, targetAzimuth=188.97682226337193, sateIdx=61, trueNorthPitch=-83.61211}]
10-26 00:37:44.246   906 23496 I RSMC-110XPHY-ADAPTOR: 110X_DATA << $SMRTXR,180,187,0.671465,35,0,0,0
10-26 00:37:44.246   906 23496 I RSMC-110XPHY-ADAPTOR: 110X_DATA << $SMRDTX,0,0
10-26 00:37:44.246   906 23496 I RSMC-110X-PHY: PhyProcess: msg type = 202, status=2
10-26 00:37:44.246   906 23496 I RSMC-TX-CTRL: TxCnfEventProc: 0
10-26 00:37:44.246   906 23496 D RSMC-TX-CTRL: StopTxTimer: enter,id=115
10-26 00:37:44.246   906 23496 I RSMC-PHY-CMD: UnsoliRsmcTx:enter 1
10-26 00:37:44.246   906 23496 D RSMC-PHY-CMD: PHY_DATA << $SMDTX,OK,0,0,0,0,0
10-26 00:37:44.247   906   953 D RSMC-MAINLOOP: process cb idx:1,cb:0x7831d21f28,fd:78
10-26 00:37:44.247   906   953 I RSMC-ATCMD: UnsoliBdSmcMsgTx:1,cause = 0
10-26 00:37:44.247   906   953 D RSMC-CtrlMsg: BdspTxResCb, mcpMessageFlag = 0, Status = 4
10-26 00:37:44.247   906   953 D RSMC-CtrlMsg: BdspTxSendResultResponse enter 
10-26 00:37:44.247   906   953 I RSMC_PROT_SEND: AmActiveSendTimer, tv_sec=1698251864, tv_usec=247190
10-26 00:37:44.247   906   953 I RSMC-CtrlMsg: rsmc-process:send succ(S-M-D-T-X)! Func:BdspTxSendResultResponse
10-26 00:37:44.247   906   953 I RSMC_PROT_SEND: TxSentResultUpdate, frameSN = 255, result = 1
10-26 00:37:44.247   906   953 I RSMC-CtrlMsg: rsmc-process: status from 4 to 1!
10-26 00:37:44.247   906   953 D RSMC-MAINLOOP: main poll next wait 258 ms
10-26 00:37:44.247   906 23496 D RSMC-110XPHY-ADAPTOR: HiSmcDTX: <110x TX result> result=0,cause=0
10-26 00:37:44.356 13013 13028 I RSMC-SERVICE-Service: current:1079638458,lastSend:1079614236,lastRece:1078761249
10-26 00:37:44.506   906   953 D RSMC-MAINLOOP: main poll next wait 893 ms
10-26 00:37:44.506   906   953 D RSMC-MAINLOOP: process cb idx:0,cb:0x7831d24cf4,fd:6
10-26 00:37:44.506   906   953 D RSMC-timer: DeleteTimerProcess enter, len:120
10-26 00:37:44.506   906   953 D RSMC-MAINLOOP: main poll next wait 893 ms
10-26 00:37:44.506   906 23667 D RSMC-cfg: QueryThread: enter
10-26 00:37:44.506   906 23667 D RSMC-cfg: QueryThread: exit
10-26 00:37:44.738   906 23496 I RSMC-110XPHY-ADAPTOR: 110X_DATA << $SMRFER,41,-243,9,1194
10-26 00:37:44.885 13013 23543 I RSMC-SERVICE-SatAliMgr: bundle:Bundle[{targetPitch=43.47233969865118, mobilePitch=41.4, mobileAzimuth=191.1, trueNorthAzimuth=236.1, cnr=0, pitchAngleDelta=2, eventValue0=0.4431140124797821, eventValue1=0.5497080087661743, eventValue2=0.6760910153388977, eventValue3=0.2106429934501648, azimuthDelta=-2, targetAzimuth=188.97680488553016, sateIdx=61, trueNorthPitch=-81.38904}]
10-26 00:37:45.358 13013 13031 I RSMC-SERVICE-Service: current:1079639460,lastSend:1079614236,lastRece:1078761249
10-26 00:37:45.402   906   953 I RSMC_PROT_SEND: AmACKTimerOutProc, enter, timerid=209
10-26 00:37:45.402   906   953 I RSMC_PROT_SEND: rsmc-process: reach max tx times,count=3!Func:AmACKTimerOutProc
10-26 00:37:45.402   906   953 I RSMC_PROT_RCV: rsmc-process: sent status is 1! errorCode=0! type=3! idx=1, Func:AmNoticeSendStatus
10-26 00:37:45.402   906   953 D RSMC-context: NotifySendStatusCb enter
10-26 00:37:45.402   906   953 D RSMC-msg-native: send data to framework
10-26 00:37:45.403   906   953 D RSMC-msg-native: send to framework msg succ
10-26 00:37:45.403   906   953 D RSMC-MAINLOOP: main poll next wait 4102 ms
10-26 00:37:45.404 13013 13013 I RSMC-SERVICE-NativeAdaptor: handleRecvMsg msg len:16, type:2
10-26 00:37:45.404 13013 13013 I RSMC-SERVICE-NativeAdaptor: recvMsg processCb type: 2
10-26 00:37:45.404 13013 13013 I RSMC-SERVICE-Service: notifySendStatus, type = 3, idx = 1, status = 1, cause = 0
10-26 00:37:45.404 13013 13051 I RSMC-SERVICE-StateMachine: SendState processMessage: 7
10-26 00:37:45.405 13013 13051 I RSMC-SERVICE-StateMachine: rsmc-process: rsmc service sendStatus status sent
10-26 00:37:45.405 13013 13013 I RSMC-SERVICE-Service: in handleNotifySendStatus, 2, 45
10-26 00:37:45.405 13013 13013 I RSMC-SERVICE-Service: handleNotifySendStatus set STATUS_DISABLING
10-26 00:37:45.405 13013 13013 I RSMC-SERVICE-SmcChrManager: sendChrReport: msgType:1,status:128
10-26 00:37:45.405 13013 13013 I RSMC-SERVICE-NativeAdaptor: in queryChrReport id=1
10-26 00:37:45.406 13013 13013 I RSMC-SERVICE-Service: rsmc-process: smc service set acq status: 0,11,11,0,-1,true,-1,false
10-26 00:37:45.406 13013 13013 I RSMC-SERVICE-ServiceUtil: rsmc-process: setCommunicationModuleDisable set:false,record:true, 0
10-26 00:37:45.406 13013 13013 I RSMC-SERVICE-NativeAdaptor: in sendSwitchToSmcMessage(), ready to sendMsg
10-26 00:37:45.406 13013 13013 I RSMC-SERVICE-Service: in startSearchSat: false
10-26 00:37:45.406 13013 13013 I RSMC-SERVICE-SatAliMgr: in startSearchSate: 1, -1
10-26 00:37:45.406 13013 13013 I RSMC-SERVICE-SatAliMgr: stopTimer
10-26 00:37:45.406 13013 13051 I RSMC-SERVICE-StateMachine: SendState processMessage: 8
10-26 00:37:45.407 13013 23489 I RSMC-SERVICE-Service: handleSendStatusToApk Bundle[{status=128, idx=1, uri=, type=1, cause=0}]
10-26 00:37:45.407 13013 13051 I RSMC-SERVICE-StateMachine: SendState processMessage: MSG_SEND_COMPLETE
10-26 00:37:45.407 13013 13051 I RSMC-SERVICE-StateMachine: SendState exit()
10-26 00:37:45.407 13013 13051 I RSMC-SERVICE-StateMachine: rsmc-process: rsmc service EnabledState enter:com.huawei.rsmc.SmcStateMachine$EnabledState@88f7fa7
10-26 00:37:45.408 13013 13013 I RSMC-SERVICE-NativeAdaptor: sendMsg enter
10-26 00:37:45.408  1853 10137 I HwSmcManager: setRsmcMsgToFwk intent type: 0
10-26 00:37:45.409 13013 13013 I RSMC-SERVICE-NativeAdaptor: sendMsg msg send succ, type: 0
10-26 00:37:45.409   906   949 I RSMC-msg-native: rsmc-process: process hidl msg, msgLen is 16, Func:NativeRecvHidlData
10-26 00:37:45.409 13013 13013 I RSMC-SERVICE-NativeAdaptor: sendMsg enter
10-26 00:37:45.409   906   953 D RSMC-MAINLOOP: process cb idx:0,cb:0x7831d24cf4,fd:6
10-26 00:37:45.409   906   953 D RSMC-msg-native: ProcessFrkMsg enter, type:14
10-26 00:37:45.409   906   953 D RSMC-PHY-X801-RX-CTRL: GetRdssAgcInfo: agcInt=58
10-26 00:37:45.409  1853 10137 I HwSmcManager: setRsmcMsgToFwk intent type: 0
10-26 00:37:45.409   906   953 D RSMC-TX-CTRL: GetVdet: vdet=0.671465
10-26 00:37:45.409   906   953 I RSMC-PHY-X801-RX-CTRL: GetFdEstTime: estFreqTime=1194
10-26 00:37:45.409   906   953 D RSMC-110XPHY-ADAPTOR: GetPosDuration: GetPosDuration 2068
10-26 00:37:45.409   906   953 D RSMC-TX-CTRL: GetLastTxTemp: paTempr=35 ℃
10-26 00:37:45.409   906   953 D RSMC-TX-CTRL: GetLastBatteryCapacity: batteryCap=0
10-26 00:37:45.409   906   953 D RSMC-TX-CTRL: GetLastTxPower: upcUsed=187
10-26 00:37:45.409   906   953 D RSMC-TX-CTRL: GetLastTxPower: upcUsed=187
10-26 00:37:45.409 13013 13013 I RSMC-SERVICE-NativeAdaptor: sendMsg msg send succ, type: 0
10-26 00:37:45.409 13013 13013 I RSMC-SERVICE-Service: rsmc-process: whether is mail query services status:1type:1
10-26 00:37:45.409   906   953 I RSMC-context: NotifyChrReportCb, enter
10-26 00:37:45.410   906   953 D RSMC-msg-native: send data to framework
10-26 00:37:45.410 13013 23489 I RSMC-SERVICE-Service: handleSysStatusToApk Bundle[{status=1, cause=0}]
10-26 00:37:45.410   906   949 I RSMC-msg-native: rsmc-process: process hidl msg, msgLen is 16, Func:NativeRecvHidlData
10-26 00:37:45.410 13013 13013 I RSMC-SERVICE-NativeAdaptor: handleRecvMsg msg len:286, type:11
10-26 00:37:45.410 13013 13013 I RSMC-SERVICE-NativeAdaptor: recvMsg processCb type: 11
10-26 00:37:45.410   906   953 D RSMC-msg-native: send to framework msg succ
10-26 00:37:45.410 13013 13013 I RSMC-SERVICE-Service: rsmc service receive chr:{"compressAlgo":0,"retransCount":3,"nackTime":-1,"ackTime":-1,"freqOffEstDuration":1194,"captureTrackingOffset":0,"slavePositionDuration":2068,"temperature":35,"batteryCapacity":0,"sendPower":187,"freqOffset":187,"failCause":-1,"nativeIndex":0,"phyIndex":3801088,"driverIndex":43974656}
10-26 00:37:45.411   906   953 D RSMC-msg-native: ProcessFrkMsg enter, type:29
10-26 00:37:45.411   906   953 I RSMC-ATCMD: CmdSend: fid(94) $SMLAD,0
10-26 00:37:45.411   906   953 I RSMC-ATCMD: rsmc-process: L-O-A-D,cmdType：0! Func:BdSmcLoad
10-26 00:37:45.411   906   953 D RSMC-MAINLOOP: main poll next wait 4095 ms
10-26 00:37:45.411   906 23497 D RSMC-PHY-CMD: CmdReadProcess: PHY_DATA >> len 10 cmd $SMLAD,0
10-26 00:37:45.411   906 23497 I RSMC-110X-PHY: PhyProcess: msg type = 102, status=2
10-26 00:37:45.411   906 23497 I RSMC-PHY-ENB: StartUnLoadTimer
10-26 00:37:45.411   906 23497 D RSMC-110XPHY-ADAPTOR: SendLoadCmd: Load req ind : 0
10-26 00:37:45.411   906 23497 I RSMC-110XPHY-ADAPTOR: 110X_DATA >> $SMRLAD=0
10-26 00:37:45.411 13013 13013 I RSMC-SERVICE-SmcChrManager: chr report:compressAlgo:0,retransCount:3,nackTime:-1,ackTime:-1,freqOffEstDuration:1194,captureTrackingOffset:0,positionDuration:2068,temperature:35,batteryCapacity:0,sendPower:187,failCause:-1,nativeIndex:0,phyIndex:3801088,driverIndex:43974656,freqOffset:187
10-26 00:37:45.414 13013 13013 I RSMC-SERVICE-SmcChrManager: sendSendExcepToImonitor-succ: sendStatus=2,battery=0,serviceType=1,retransCnt=3,speed=0.0,cityName=北京市,starSearchDur=11477,captureTrackingDur=1058,beamNum=2,cnrP=-1,azimuth=-5.1232724,elevation=-18.92771,temp=35,secondCause=-1,resourceTime=5770,position=2068,beam=16011002,alignment=5467,foldTips=0
10-26 00:37:45.992   906 23496 I RSMC-110XPHY-ADAPTOR: 110X_DATA << $SMRLAD,0,0,0
10-26 00:37:45.992   906 23496 D RSMC-110XPHY-ADAPTOR: HiSmcLAD: result:0,loadType:0,cause:0
10-26 00:37:45.992   906 23496 I RSMC-PHY-ENB: LoadCnfHandle: res=0,loadtype=0,cause=0,fd=1
10-26 00:37:45.992   906 23496 I RSMC-110X-PHY: PhyProcess: msg type = 104, status=2
10-26 00:37:45.992   906 23496 I RSMC-PHY-ENB: StopUnloadTimer
10-26 00:37:45.992   906 23496 D RSMC-PHY-CMD: UnsoliRsmcLoad:enter result 1
10-26 00:37:45.992   906 23496 D RSMC-PHY-CMD: PHY_DATA << $SMLAD,OK,0,0
10-26 00:37:45.992   906 23496 I RSMC-110X-PHY: PHY_STATE: 2 -> 1
10-26 00:37:45.992   906   953 D RSMC-MAINLOOP: process cb idx:1,cb:0x7831d21f28,fd:78
10-26 00:37:45.992   906   953 D RSMC-ATCMD: UnsoliBdSmcMsgLoadCnf:result = 1,loadType = 0,cause = 0
10-26 00:37:45.992   906   953 D RSMC-context: NotifyLoadIndCb enter
10-26 00:37:45.992   906   953 D RSMC-msg-native: send data to framework
10-26 00:37:45.994   906   953 D RSMC-msg-native: send to framework msg succ
10-26 00:37:45.994   906   953 D RSMC-MAINLOOP: main poll next wait 3513 ms
10-26 00:37:45.994 13013 13013 I RSMC-SERVICE-NativeAdaptor: handleRecvMsg msg len:12, type:19
10-26 00:37:45.994 13013 13013 I RSMC-SERVICE-NativeAdaptor: recvMsg processCb type: 19
10-26 00:37:45.997 13013 13013 I RSMC-SERVICE-Service: setLbsToSmcResult result:1,loadType:0
10-26 00:37:45.997 13013 13013 I RSMC-SERVICE-NativeAdaptor: in setCommSysToFwk 1
10-26 00:37:45.998  1853 11526 I HwSmcManager: setRsmcMsgToFwk intent type: 12
10-26 00:37:45.999 13013 13013 I RSMC-SERVICE-NativeAdaptor: setCommSysToFwk send succ
10-26 00:37:45.999 13013 13013 I RSMC-SERVICE-NativeAdaptor: in setSmcEnable: 0
10-26 00:37:45.999  1853  1853 I RSMC-HwSmcUtils: set communication system back
10-26 00:37:45.999  1853  1853 I RSMC-HwSmcUtils: unregisterVolumeBroadcastReceiver true
10-26 00:37:45.999  1853  1853 I RSMC-HwSmcUtils: setRsmcStatusToBooster false
10-26 00:37:45.999  1853 11526 I HwSmcManager: setRsmcMsgToFwk intent type: 0
10-26 00:37:46.000  1853 11526 I HwSmcManager: setRsmcMsgToFwk intent type: 11
10-26 00:37:46.000 13013 13013 I RSMC-SERVICE-SatAliMgr: stopTimer
10-26 00:37:46.001 13013 13051 I RSMC-SERVICE-StateMachine: EnabledState processMessage  11
10-26 00:37:46.001 13013 13051 I RSMC-SERVICE-StateMachine: EnabledState back to IdleState
10-26 00:37:46.001   906   949 I RSMC-msg-native: rsmc-process: process hidl msg, msgLen is 16, Func:NativeRecvHidlData
10-26 00:37:46.002   906   953 D RSMC-MAINLOOP: process cb idx:0,cb:0x7831d24cf4,fd:6
10-26 00:37:46.002   906   953 D RSMC-msg-native: ProcessFrkMsg enter, type:7
10-26 00:37:46.002   906   953 I RSMC-context: rsmc-process: start or stop smc!status = 0,enbSource = 1! Func:SetSmcEnable
10-26 00:37:46.002   906   953 I RSMC-CtrlMsg: rsmc-process: disable process! Func:BdspSwitchProcess
10-26 00:37:46.002   906   953 I RSMC_PROT_QUEUE: ClearAmSlcAckTimer, ClearAmSlcAckTime
10-26 00:37:46.002   906   953 D RSMC-ATCMD: BdSmcEnble enter
10-26 00:37:46.002   906   953 I RSMC-ATCMD: BdSmcEnble,len:12 cmd:$SMENB,0,1
10-26 00:37:46.002   906   953 I RSMC-ATCMD: CmdSend: fid(94) $SMENB,0,1
10-26 00:37:46.002  1853 23492 I RSMC-HwSmcUtils: unregisterBroadcastReceiver
10-26 00:37:46.002   906   953 D RSMC-timer: DeleteTimerProcess enter, len:120
10-26 00:37:46.002   906   953 D RSMC-MAINLOOP: main poll next wait 3503 ms
10-26 00:37:46.002   906 23497 D RSMC-PHY-CMD: CmdReadProcess: PHY_DATA >> len 12 cmd $SMENB,0,1
10-26 00:37:46.002   906 23497 I RSMC-110X-PHY: PhyProcess: msg type = 2, status=1
10-26 00:37:46.002   906 23497 I RSMC-PHY-ENB: DisableReqEventProc: mode:1,state:1
10-26 00:37:46.002   906 23497 D RSMC-110XPHY-ADAPTOR: SendDisableCmd
10-26 00:37:46.002   906 23497 I RSMC-110XPHY-ADAPTOR: 110X_DATA >> $SMRENB=0,1
10-26 00:37:46.002   906 23497 I RSMC-PHY-ENB: StartEnableTimer
10-26 00:37:46.002  1853 23492 I RSMC-HwSmcUtils: unregisterVolumeBroadcastReceiver false
10-26 00:37:46.003  2240 23542 W HIGNSS  : PE_RSMC:[RSMC] thread 23542 quit
10-26 00:37:46.004   906 23496 I RSMC-110XPHY-ADAPTOR: 110X_DATA << $SMRENB,0,0,0
10-26 00:37:46.004   906 23496 D RSMC-110XPHY-ADAPTOR: HiSmcENB: $SMRENB,0,0,0
10-26 00:37:46.004 13013 13051 I RSMC-SERVICE-StateMachine: EnabledState exit()
10-26 00:37:46.004   906 23496 I RSMC-110X-PHY: PhyProcess: msg type = 4, status=1
10-26 00:37:46.004   906 23496 I RSMC-PHY-ENB: DisableCnfEventProc
10-26 00:37:46.004   906 23496 I RSMC-PHY-ENB: StopEnableTimer
10-26 00:37:46.004 13013 13051 I RSMC-SERVICE-StateMachine: rsmc-process: rsmc service IdleState enter:com.huawei.rsmc.SmcStateMachine$IdleState@8f25066
10-26 00:37:46.004   906 23496 I RSMC-PHY-ENB: ReportDisableStatus
10-26 00:37:46.004   906 23496 I RSMC-110X-PHY: PHY_STATE: 1 -> 0
10-26 00:37:46.004   906 23496 I RSMC-PHY-ENB: StopEnableTimer
10-26 00:37:46.004   906 23496 D RSMC-PHY-CMD: UnsoliRsmcEnable:enter result 1
10-26 00:37:46.004   906 23496 D RSMC-PHY-CMD: PHY_DATA << $SMENB,OK
10-26 00:37:46.004   906   953 D RSMC-MAINLOOP: process cb idx:1,cb:0x7831d21f28,fd:78
10-26 00:37:46.004   906   953 I RSMC-ATCMD: UnsoliBdSmcEnble:1
10-26 00:37:46.004   906   953 D RSMC-CtrlMsg: BdspTest: BdspSwitchCtrlCb enter
10-26 00:37:46.004   906   953 I RSMC-CtrlMsg: rsmc-process: disable success! Func:BdspSwitchResponse
10-26 00:37:46.004   906   953 I RSMC-CtrlMsg: rsmc-process: status from 1 to 0!
10-26 00:37:46.004   906   953 I RSMC-context: rsmc-process: SysStatus report! status = 6, cause = 0! FUNC:NotifySmcSysStatusCb
10-26 00:37:46.004   906   953 D RSMC-msg-native: send data to framework
10-26 00:37:46.004  1853  1853 I RSMC-HwSmcUtils: recoverVibrateMode -1
10-26 00:37:46.004  1853  1853 I RSMC-HwSmcUtils: recoverNfc isNfcOn false
10-26 00:37:46.005  1853  1853 I RSMC-HwSmcUtils: recoverScreenBrightness
10-26 00:37:46.005  1853  1853 I RSMC-HwSmcUtils: recoverScreenBrightness mScreenMode 1, mode 0
10-26 00:37:46.005  1853  1853 I RSMC-HwSmcUtils: recoverScreenBrightness from MANUAL to AUTOMATIC
10-26 00:37:46.006   906   953 D RSMC-msg-native: send to framework msg succ
10-26 00:37:46.006   906   953 D RSMC-MAINLOOP: ClosePhy: enter
10-26 00:37:46.006   906   953 D RSMC-MAINLOOP: DelPollEvent: enter
10-26 00:37:46.006   906   953 D RSMC-MAINLOOP: UnLoadVendorLib: enter
