10-26 00:37:46.006   906   953 D RSMC-MAINLOOP: UnLoadVendorLib: PhyExit
10-26 00:37:46.006   906   953 D RSMC-PHY-COM-MSGLOOP: PhyExit: enter
10-26 00:37:46.006   906 23497 D RSMC-PHY-COM-MSGLOOP: PhySigRcv: signo is 14--14
10-26 00:37:46.007   906 23497 E RSMC-PHY-COM-MSGLOOP: PhyMsgLoop: epoll_wait fail errno=4
10-26 00:37:46.007 13013 13013 I RSMC-SERVICE-NativeAdaptor: handleRecvMsg msg len:8, type:1
10-26 00:37:46.007 13013 13013 I RSMC-SERVICE-NativeAdaptor: recvMsg processCb type: 1
10-26 00:37:46.007 13013 13013 I RSMC-SERVICE-Service: notifySysStatus: DISABLE_STATUS false, 0
10-26 00:37:46.007  1853  1853 I RSMC-HwSmcUtils: recoverAudio mRingMode 2
10-26 00:37:46.008 13013 13013 I RSMC-SERVICE-Service: in handleStopSendProcess cause 5
10-26 00:37:46.008 13013 13051 I RSMC-SERVICE-StateMachine: IdleState processMessage 12
10-26 00:37:46.034  1853  1853 I RSMC-HwSmcUtils: recoverAudio setRingerMode from 0 to 2
10-26 00:37:46.107   906 23497 D RSMC-PHY-COM-MSGLOOP: CloseEpoll: enter epollFd=95
10-26 00:37:46.107   906 23497 D RSMC-PHY-COM-MSGLOOP: CloseEpoll: exit
10-26 00:37:46.107   906 23497 D RSMC-PHY-COM-MSGLOOP: PhyMsgLoop: exit
10-26 00:37:46.107   906 23497 D RSMC-PHY-COM-MSGLOOP: ExitFd: enter
10-26 00:37:46.107   906 23497 D RSMC-110X-PHY-MODULE-MANAGER: ExitAllModule: enter
10-26 00:37:46.107   906 23497 D RSMC-110X-PHY: PhyAExit
10-26 00:37:46.107   906 23497 D RSMC-110XPHY-ADAPTOR: GnssAdaptorExit: enter
10-26 00:37:46.107   906 23497 D RSMC-110XPHY-ADAPTOR: ExitGnssClient: enter
10-26 00:37:46.107   906 23497 D RSMC-110XPHY-ADAPTOR: CloseEpoll: epollFd=93
10-26 00:37:46.107   906 23497 D RSMC-110XPHY-ADAPTOR: ExitHigeoFd: enter fdHigeo=92
10-26 00:37:46.107   906 23497 D RSMC-110XPHY-ADAPTOR: GnssAdaptorExit: exit
10-26 00:37:46.107   906 23497 D RSMC-PHY-X801-RX-CTRL: RxExit
10-26 00:37:46.107   906 23497 D RSMC-TX-CTRL: TxExit
10-26 00:37:46.107   906 23497 D RSMC-110X-PHY-MODULE-MANAGER: ExitAllModule: exit
10-26 00:37:46.107   906 23497 D RSMC-PHY-TIMER: TimerExit
10-26 00:37:46.107   906 23497 D RSMC-PHY-NETLINK: ExitNetlink: enter readFd=-1
10-26 00:37:46.107   906 23497 D RSMC-PHY-CMD: ExitAtCmdCom: exit enter
10-26 00:37:46.107   906 23497 D RSMC-PHY-COM-MSGLOOP: ExitFd: exit
10-26 00:37:46.107   906 23497 D RSMC-PHY-COM-MSGLOOP: PhyThread: exit
10-26 00:37:46.121  1853  1853 I RSMC-HwSmcUtils: recoverAudio 0: from 0 to 1
10-26 00:37:46.208  1853  1853 I RSMC-HwSmcUtils: recoverAudio 1: from 1 to 12
10-26 00:37:46.260  1853  1853 I RSMC-HwSmcUtils: recoverAudio 2: from 1 to 12
10-26 00:37:46.272  1853  1853 I RSMC-HwSmcUtils: recoverAudio 3: from 1 to 11
10-26 00:37:46.273  1853  1853 I WifiActiveModeWarden: remove BeiDou Rsmc Mode Timeout Message
10-26 00:37:46.274  1853  1853 I WifiController: WifiControllerremove BeiDou Rsmc Mode Timeout Message
10-26 00:37:46.274  1853  1853 I RSMC-HwSmcUtils: sendRsmcToBle 0
10-26 00:37:46.274  1853  1853 W ContextImpl: Calling a method in the system process without a qualified user: android.app.ContextImpl.sendBroadcast:1313 com.android.server.HwSmcUtils.setRsmcStatusToBle:460 com.android.server.HwSmcUtils.setCommModuleStatusBack:1048 com.android.server.HwSmcManager$2.handleMessage:289 android.os.Handler.dispatchMessage:117 
10-26 00:37:46.275  1853  1853 W ActivityManager: Sending non-protected broadcast ACTION_RSMC_STATE from system 1853:system/1000 pkg android
10-26 00:37:46.275  1853  1853 W ActivityManager: Sending non-protected broadcast ACTION_RSMC_STATE from system 1853:system/1000 pkg android
10-26 00:37:46.275  1853  1853 I RSMC-HwSmcUtils: setRsmcStatusToGle:0, isOriGleOn:3
10-26 00:37:46.278  1853  1853 I RSMC-HwSmcUtils: setAirPlaneMode mode 0, mOriApMoode 0
10-26 00:37:46.279  1853  1853 I RSMC-HwSmcUtils: setAirPlaneMode off oriApMoode off
10-26 00:37:46.280  1853  1853 I RSMC-HwSmcUtils: setAirPlaneMode off sendBroadcastAsUser
10-26 00:37:46.284  1853  1853 I Bluetooth_framework: BluetoothManagerService:receive broadcast from rsmc and send broadcast to rsmc
10-26 00:37:46.286  1853  1853 W ActivityManager: Sending non-protected broadcast ACTION_BT_RSMC_STATE from system 1853:system/1000 pkg android
10-26 00:37:46.286  1853  1853 I Bluetooth_framework: BluetoothManagerService:Rsmc state is change to 0 from 1
10-26 00:37:46.297 13013 13031 I RSMC-SERVICE-Service: in queryProductCapability: Bundle[{rcvMsgSupport=1, supportOperator=7, searchMode=0, batteryUnavailableValue=0, foldTips=0, ackSupport=1, batteryWarningValue=5, isSupport=true}]
10-26 00:37:46.362 13013 13031 I RSMC-SERVICE-Service: current:1079640464,lastSend:1079614236,lastRece:1078761249
10-26 00:37:46.931 13013 13031 I RSMC-SERVICE-Service: in stopSmcService com.huawei.meetime
10-26 00:37:46.933 13013 13013 I RSMC-SERVICE-Service: handleAppStopSmcService:0, 45, 1
10-26 00:37:46.933 17619 17619 I 2010400315|SmcSendUtils: unregisterSmcCallBack isRegister = true isReplyRegister false
10-26 00:37:46.934 13013 13013 I RSMC-SERVICE-Service: rsmc-process: whether is mail query services status:2type:1
10-26 00:37:46.935 13013 13013 I RSMC-SERVICE-Service: in handleStopSendProcess cause 6
10-26 00:37:46.936 13013 23489 I RSMC-SERVICE-Service: handleSysStatusToApk Bundle[{status=2, cause=0}]
10-26 00:37:46.993 13013 13031 I RSMC-SERVICE-Service: in queryProductCapability: Bundle[{rcvMsgSupport=1, supportOperator=7, searchMode=0, batteryUnavailableValue=0, foldTips=0, ackSupport=1, batteryWarningValue=5, isSupport=true}]
10-26 00:37:47.020 13013 13031 I RSMC-SERVICE-Service: current:1079641123,lastSend:1079614236,lastRece:1078761249
10-26 00:37:47.208 17619 17619 I 2010400315|SmcSendUtils: registerSmcCallBack isRegister = false
10-26 00:37:47.241 17619 17619 I 2010400315|SmcSendUtils: registerSmcCallBack isRegister = true
10-26 00:37:47.241 13013 13031 I RSMC-SERVICE-Service: in queryProductCapability: Bundle[{rcvMsgSupport=1, supportOperator=7, searchMode=0, batteryUnavailableValue=0, foldTips=0, ackSupport=1, batteryWarningValue=5, isSupport=true}]
10-26 00:37:47.321 13013 13031 I RSMC-SERVICE-Service: in queryProductCapability: Bundle[{rcvMsgSupport=1, supportOperator=7, searchMode=0, batteryUnavailableValue=0, foldTips=0, ackSupport=1, batteryWarningValue=5, isSupport=true}]
10-26 00:37:47.322 13013 13031 I RSMC-SERVICE-Service: in queryProductCapability: Bundle[{rcvMsgSupport=1, supportOperator=7, searchMode=0, batteryUnavailableValue=0, foldTips=0, ackSupport=1, batteryWarningValue=5, isSupport=true}]
10-26 00:37:47.323 13013 13031 I RSMC-SERVICE-Service: in queryProductCapability: Bundle[{rcvMsgSupport=1, supportOperator=7, searchMode=0, batteryUnavailableValue=0, foldTips=0, ackSupport=1, batteryWarningValue=5, isSupport=true}]
10-26 00:37:47.323 13013 13031 I RSMC-SERVICE-Service: in queryProductCapability: Bundle[{rcvMsgSupport=1, supportOperator=7, searchMode=0, batteryUnavailableValue=0, foldTips=0, ackSupport=1, batteryWarningValue=5, isSupport=true}]
10-26 00:37:47.326 13013 13031 I RSMC-SERVICE-Service: current:1079641429,lastSend:1079614236,lastRece:1078761249
10-26 00:37:47.327 13013 13031 I RSMC-SERVICE-Service: in queryProductCapability: Bundle[{rcvMsgSupport=1, supportOperator=7, searchMode=0, batteryUnavailableValue=0, foldTips=0, ackSupport=1, batteryWarningValue=5, isSupport=true}]
10-26 00:37:47.434 13013 13013 I RSMC-SERVICE-Service: handleDisable 14005, 0
10-26 00:37:47.434 13013 13013 I RSMC-SERVICE-Service: recordChrInHandleDisable 14005, 0
10-26 00:37:47.434 13013 13013 I RSMC-SERVICE-SatAliMgr: stopTimer
10-26 00:37:47.434 13013 13013 I RSMC-SERVICE-Service: in startSearchSat: false
10-26 00:37:47.434 13013 13051 I RSMC-SERVICE-StateMachine: IdleState processMessage 11
10-26 00:37:47.434 13013 13013 I RSMC-SERVICE-SatAliMgr: in startSearchSate: 1, -1
10-26 00:37:47.434 13013 13013 I RSMC-SERVICE-SatAliMgr: stopTimer
10-26 00:37:47.435 13013 13013 I RSMC-SERVICE-Service: unregisterBroadcastReceiver
10-26 00:37:47.435 13013 13013 I RSMC-SERVICE-SatAliMgr: notifyFreqRes 0, false
10-26 00:37:47.435 13013 13013 I RSMC-SERVICE-SatAliMgr: removeLocationUpdates true
10-26 00:37:47.437  1853  2464 I SensorService: disableSensor handle:0, packageName:com.huawei.rsmc.SatAliMgr
10-26 00:37:47.437  1853  2464 I SensorService: disableSensor handle:1, packageName:com.huawei.rsmc.SatAliMgr
10-26 00:37:47.438  1853  2464 I SensorService: disableSensor handle:8, packageName:com.huawei.rsmc.SatAliMgr
10-26 00:37:47.439 13013 13013 I RSMC-SERVICE-SatAliMgr: stopThreadHandler
10-26 00:37:47.440 13013 13013 I RSMC-SERVICE-ServiceUtil: SmcService SetGnssSatus removeUpdates
10-26 00:37:47.449 13013 13013 I RSMC-SERVICE-Service: rsmc-process: whether is mail query services status:2type:1
10-26 00:37:47.449 13013 23489 I RSMC-SERVICE-Service: handleSysStatusToApk Bundle[{status=2, cause=0}]
10-26 00:37:47.468 13013 13031 I RSMC-SERVICE-Service: current:1079641570,lastSend:1079614236,lastRece:1078761249
10-26 00:37:48.009   906   953 D RSMC-PHY-COM-MSGLOOP: PhyExit: exit
10-26 00:37:48.009   906   953 D RSMC-110XPHY-ADAPTOR: ExitHignssFd: enter fdHignss=91
10-26 00:37:48.010   906   953 D RSMC-110XPHY-ADAPTOR: ExitHignssFd: exit
10-26 00:37:48.010   906   953 D RSMC-110XPHY-ADAPTOR: ExitHigeoFd: enter fdHigeo=-1
10-26 00:37:48.010   906   953 D RSMC-MAINLOOP: UnLoadVendorLib: dlclose
10-26 00:37:48.010   906   953 D RSMC-MAINLOOP: UnLoadVendorLib: exit
10-26 00:37:48.010   906   953 I RSMC-ATCMD: ExitAtCmdCom: enter
10-26 00:37:48.010   906   953 D RSMC-ATCMD: ExitAtCmdCom: exit
10-26 00:37:48.010   906   953 I RSMC-cfg: rsmc-process:UnLoad smc cfg, func:UnLoadSmcCfg
10-26 00:37:48.010   906   953 D RSMC-cfg: StopQuery: enter 1
10-26 00:37:48.010   906   953 D RSMC-cfg: StopQuery: exit 0
10-26 00:37:48.010   906   953 D RSMC-MAINLOOP: ClosePhy: exit
10-26 00:37:48.010   906   953 D RSMC-CtrlMsg: BdspTest: BdspSwitchCtrlCb end
10-26 00:37:48.010   906   953 D RSMC-MAINLOOP: main poll next wait 1496 ms
10-26 00:37:48.010   906   953 D RSMC-MAINLOOP: process cb idx:0,cb:0x7831d24cf4,fd:6
10-26 00:37:48.010   906   953 D RSMC-timer: DeleteTimerProcess enter, len:120
10-26 00:37:48.010   906   953 D RSMC-timer: DeleteTimerProcess enter, len:120
10-26 00:37:48.010   906   953 D RSMC-MAINLOOP: main poll next wait 12557 ms
10-26 00:37:48.443 13013 13013 I RSMC-SERVICE-Service: stopThreadHandler false
10-26 00:37:48.469 13013 13031 I RSMC-SERVICE-Service: current:1079642571,lastSend:1079614236,lastRece:1078761249
10-26 00:37:49.060 13013 13031 I RSMC-SERVICE-Service: in queryProductCapability: Bundle[{rcvMsgSupport=1, supportOperator=7, searchMode=0, batteryUnavailableValue=0, foldTips=0, ackSupport=1, batteryWarningValue=5, isSupport=true}]
10-26 00:37:49.469 13013 13031 I RSMC-SERVICE-Service: current:1079643571,lastSend:1079614236,lastRece:1078761249
10-26 00:37:50.407 13013 13031 I RSMC-SERVICE-Service: current:1079644509,lastSend:1079614236,lastRece:1078761249
10-26 00:37:50.469 13013 13031 I RSMC-SERVICE-Service: current:1079644571,lastSend:1079614236,lastRece:1078761249
10-26 00:37:51.502 13013 13031 I RSMC-SERVICE-Service: current:1079645604,lastSend:1079614236,lastRece:1078761249
10-26 00:37:52.503 13013 13031 I RSMC-SERVICE-Service: current:1079646605,lastSend:1079614236,lastRece:1078761249
10-26 00:37:53.505 13013 13031 I RSMC-SERVICE-Service: current:1079647608,lastSend:1079614236,lastRece:1078761249
10-26 00:37:54.506 13013 16887 I RSMC-SERVICE-Service: current:1079648608,lastSend:1079614236,lastRece:1078761249
10-26 00:37:55.507 13013 16887 I RSMC-SERVICE-Service: current:1079649610,lastSend:1079614236,lastRece:1078761249
10-26 00:37:56.509 13013 16887 I RSMC-SERVICE-Service: current:1079650611,lastSend:1079614236,lastRece:1078761249
10-26 00:37:57.510 13013 13031 I RSMC-SERVICE-Service: current:1079651612,lastSend:1079614236,lastRece:1078761249
10-26 00:37:58.512 13013 13031 I RSMC-SERVICE-Service: current:1079652615,lastSend:1079614236,lastRece:1078761249
10-26 00:37:59.087  1853  1853 I HwSmcManager: sendRsmcSignalStatusBroadcast isCurrScreenOn true
10-26 00:37:59.089  1853  1853 I HwSmcManager: sendRsmcSignalStatusBroadcast true, 0, 4
10-26 00:37:59.514 13013 13028 I RSMC-SERVICE-Service: current:1079653617,lastSend:1079614236,lastRece:1078761249
10-26 00:38:00.518 13013 13028 I RSMC-SERVICE-Service: current:1079654620,lastSend:1079614236,lastRece:1078761249
10-26 00:38:00.570   906   953 I RSMC-CtrlMsg: rsmc-process:Func:BdspStatusSyncTimeOutCb, Period status Sync stop, because init stat!
10-26 00:38:00.570   906   953 D RSMC-MAINLOOP: main poll next wait -1 ms
10-26 00:38:01.520 13013 13028 I RSMC-SERVICE-Service: current:1079655623,lastSend:1079614236,lastRece:1078761249
10-26 00:38:02.523 13013 13028 I RSMC-SERVICE-Service: current:1079656625,lastSend:1079614236,lastRece:1078761249
10-26 00:38:03.097 13013 13028 I RSMC-SERVICE-Service: current:1079657199,lastSend:1079614236,lastRece:1078761249
10-26 00:38:03.525 13013 13028 I RSMC-SERVICE-Service: current:1079657627,lastSend:1079614236,lastRece:1078761249
10-26 00:38:04.527 13013 13028 I RSMC-SERVICE-Service: current:1079658629,lastSend:1079614236,lastRece:1078761249
10-26 00:38:05.529 13013 13028 I RSMC-SERVICE-Service: current:1079659632,lastSend:1079614236,lastRece:1078761249
10-26 00:38:06.531 13013 13028 I RSMC-SERVICE-Service: current:1079660633,lastSend:1079614236,lastRece:1078761249
10-26 00:38:07.532 13013 13028 I RSMC-SERVICE-Service: current:1079661634,lastSend:1079614236,lastRece:1078761249
10-26 00:38:08.534 13013 13028 I RSMC-SERVICE-Service: current:1079662636,lastSend:1079614236,lastRece:1078761249
10-26 00:38:09.537 13013 13028 I RSMC-SERVICE-Service: current:1079663639,lastSend:1079614236,lastRece:1078761249
10-26 00:38:10.539 13013 13028 I RSMC-SERVICE-Service: current:1079664641,lastSend:1079614236,lastRece:1078761249
10-26 00:38:11.543 13013 13028 I RSMC-SERVICE-Service: current:1079665645,lastSend:1079614236,lastRece:1078761249
10-26 00:38:12.544 13013 13028 I RSMC-SERVICE-Service: current:1079666646,lastSend:1079614236,lastRece:1078761249
10-26 00:38:13.545 13013 13028 I RSMC-SERVICE-Service: current:1079667647,lastSend:1079614236,lastRece:1078761249
10-26 00:38:13.760 13013 13028 I RSMC-SERVICE-Service: current:1079667863,lastSend:1079614236,lastRece:1078761249
10-26 00:38:14.547 13013 16887 I RSMC-SERVICE-Service: current:1079668650,lastSend:1079614236,lastRece:1078761249
10-26 00:38:15.551 13013 16887 I RSMC-SERVICE-Service: current:1079669653,lastSend:1079614236,lastRece:1078761249
10-26 00:38:16.555 13013 16887 I RSMC-SERVICE-Service: current:1079670657,lastSend:1079614236,lastRece:1078761249
10-26 00:38:17.556 13013 16887 I RSMC-SERVICE-Service: current:1079671658,lastSend:1079614236,lastRece:1078761249
10-26 00:38:18.558 13013 16887 I RSMC-SERVICE-Service: current:1079672660,lastSend:1079614236,lastRece:1078761249
10-26 00:38:18.914 13013 16887 I RSMC-SERVICE-Service: current:1079673017,lastSend:1079614236,lastRece:1078761249
10-26 00:38:19.561 13013 16887 I RSMC-SERVICE-Service: current:1079673663,lastSend:1079614236,lastRece:1078761249
10-26 00:38:20.562 13013 16887 I RSMC-SERVICE-Service: current:1079674665,lastSend:1079614236,lastRece:1078761249
10-26 00:38:23.580 13013 16887 I RSMC-SERVICE-Service: current:1079677682,lastSend:1079614236,lastRece:1078761249
10-26 00:38:23.632 13013 16887 I RSMC-SERVICE-Service: in startSmcService PkgName = com.huawei.meetime
10-26 00:38:23.633 13013 13013 I RSMC-SERVICE-Service: handleAppStartSmcService:0, 45, 2, 1, 2
10-26 00:38:23.633 13013 13013 I RSMC-SERVICE-Service: handleAppStartSmcService set STATUS_ENABLING
10-26 00:38:23.633 13013 13013 I RSMC-SERVICE-Service: initThreadHandler true
10-26 00:38:23.633 13013 13013 I RSMC-SERVICE-Service: stopThreadHandler true
10-26 00:38:23.633 13013 13013 I RSMC-SERVICE-Service: initThreadHandler start
10-26 00:38:23.634 13013 13013 I RSMC-SERVICE-Service: init registerBroadcastReceiver
10-26 00:38:23.635 13013 13013 I RSMC-SERVICE-Service: setScreenState: true
10-26 00:38:23.639 13013 13013 I RSMC-SERVICE-ServiceUtil: SmcService SetGnssSatus requestLocationUpdates
10-26 00:38:23.640 13013 13013 I RSMC-SERVICE-Service: rsmc-process: startCycleScreenTimer
10-26 00:38:23.641 13013 13013 I RSMC-SERVICE-Service: setSmcEnable: 1
10-26 00:38:23.641 13013 13013 I RSMC-SERVICE-NativeAdaptor: in setSmcEnable: 1
10-26 00:38:23.641  1853  2455 I HwSmcManager: setRsmcMsgToFwk intent type: 0
10-26 00:38:23.641  1853  2455 I HwSmcManager: setRsmcMsgToFwk obtainMessage to Handler
10-26 00:38:23.641  1853  2455 I HwSmcManager: setRsmcMsgToFwk intent type: 11
10-26 00:38:23.641  1853  2455 I HwSmcManager: setRsmcMsgToFwk obtainMessage to Handler
10-26 00:38:23.641 13013 13013 I RSMC-SERVICE-SatAliMgr: notifyFreqRes 0, false
10-26 00:38:23.642   906   949 I RSMC-msg-native: rsmc-process: process hidl msg, msgLen is 16, Func:NativeRecvHidlData
10-26 00:38:23.642   906   953 D RSMC-MAINLOOP: process cb idx:0,cb:0x7831d24cf4,fd:6
10-26 00:38:23.642   906   953 D RSMC-msg-native: ProcessFrkMsg enter, type:7
10-26 00:38:23.642   906   953 I RSMC-context: rsmc-process: start or stop smc!status = 1,enbSource = 1! Func:SetSmcEnable
10-26 00:38:23.642   906   953 I RSMC-MAINLOOP: OpenPhy: readPath(/data/vendor/gnss/rsmc/hw_smc_rd)writePath(/data/vendor/gnss/rsmc/hw_smc_wr)
10-26 00:38:23.642   906   953 I RSMC-cfg: rsmc-process:Load smc cfg, func:LoadSmcCfg
10-26 00:38:23.642   906   953 I RSMC-cfg: rsmc-process: read dts config success, config-default,func:QueryCapbilityCfgPath
10-26 00:38:23.642   906   953 D RSMC-cfg: LoadJsonCfg: len = 651
10-26 00:38:23.642   906   953 I RSMC-cfg: GetTestCfg,searchMode(0),supportAuth(0),txFreqOffset(0),encrypIndication(0)
10-26 00:38:23.642   906   953 D RSMC-cfg: UpdateSmcBdsCfgFile: willuse file null, dont need to update
10-26 00:38:23.642   906   953 D RSMC-cfg: LoadJsonCfg: len = 1286
10-26 00:38:23.642   906   953 E RSMC-cfg: LoadJsonCfg: fopen fail
10-26 00:38:23.642   906   953 E RSMC-cfg: load json fail,path(/data/vendor/gnss/rsmc/system_config/using/product.json), errno(2:No such file or directory), func:GetReleaseTimeCfg
10-26 00:38:23.642   906   953 I RSMC-cfg: rsmc-process:no cloud ProductCfg,use prefer ProductCfg, func:QueryProductCfgPath
10-26 00:38:23.642   906   953 D RSMC-cfg: LoadJsonCfg: len = 1286
10-26 00:38:23.643   906   953 I RSMC-cfg: GetProtocolParm,maxRetransNum(1),mulFrameInter(2000),blindRetransNum(3),ackDelayMax(7000)
10-26 00:38:23.643   906   953 I RSMC-cfg: GetOperatorParam: carrierSupp = 7
10-26 00:38:23.643   906   953 I RSMC-cfg: GetApplicationParam: sendInterval = 60
10-26 00:38:23.643   906   953 I RSMC-cfg: GetApplicationParam: receInterval = 60
10-26 00:38:23.643   906   953 I RSMC-cfg: GetApplicationParam: recvAckDuration = 15
10-26 00:38:23.643   906   953 I RSMC-cfg: GetCenterStationInfo: svid(59), lon(116.233370), lat(40.086304), hgt(47.476913)
10-26 00:38:23.643   906   953 I RSMC-cfg: GetCenterStationInfo: svid(60), lon(116.233370), lat(40.086304), hgt(47.476913)
10-26 00:38:23.643   906   953 I RSMC-cfg: GetCenterStationInfo: svid(61), lon(116.233370), lat(40.086304), hgt(47.476913)
10-26 00:38:23.643   906   953 I RSMC-cfg: GetCenterStationInfo: centerStationNum = 3
10-26 00:38:23.643   906   953 I RSMC-cfg: GetSatelliteInfo: svid(59), lon(140.000000), lat(0.000000), hgt(35786000.000000)
10-26 00:38:23.643   906   953 I RSMC-cfg: GetSatelliteInfo: svid(60), lon(80.000000), lat(0.000000), hgt(35786000.000000)
10-26 00:38:23.643   906   953 I RSMC-cfg: GetSatelliteInfo: svid(61), lon(110.000000), lat(0.000000), hgt(35786000.000000)
10-26 00:38:23.643   906   953 I RSMC-cfg: GetSatelliteInfo: satelliteInfoNum = 3
10-26 00:38:23.643   906   953 E RSMC-cfg: QueryRfCfgPath: no dts config
10-26 00:38:23.643   906   953 D RSMC-cfg: LoadJsonCfg: len = 52995
10-26 00:38:23.643  1853  1853 I RSMC-HwSmcUtils: init registerBroadcastReceiver
10-26 00:38:23.644   906   953 E RSMC-cfg: LoadJsonCfg: fopen fail
10-26 00:38:23.644   906   953 E RSMC-cfg: load json fail,path(/data/vendor/gnss/rsmc/system_config/using/bds.json), errno(2:No such file or directory), func:GetReleaseTimeCfg
10-26 00:38:23.644   906   953 I RSMC-cfg: rsmc-process:no cloud BdsSysCfg,use prefer BdsSysCfg, func:QueryBdsSysCfgPath
10-26 00:38:23.644  1853  1853 I RSMC-HwSmcUtils: initValue maxScreenValue 255, default value 178
10-26 00:38:23.644   906   953 D RSMC-cfg: LoadJsonCfg: len = 52995
10-26 00:38:23.644  1853  1853 I RSMC-HwSmcUtils: initCloseAudio isCloseAudio:false,flag:false
10-26 00:38:23.645   906   953 D RSMC-cfg: ParseBdsSysCfg: version(v1), releaseTime(1650507040), effectiveTime(1650507040)
10-26 00:38:23.645   906   953 I RSMC-cfg: GetInChanCommInfo: inFeqTypeSupp(2), inPilotRatio(3), inPilotSeq(e519), inSyncSymbol(FFFFFFFFFF)
10-26 00:38:23.645   906   953 I RSMC-cfg: GetInSpreadSpecSeq: inSpreadSpecSeqNum = 2
10-26 00:38:23.645   906   953 I RSMC-cfg: GetInSpreadSpecSeq: freqType(1), syncSeq(d0da73), dataSeq(401230)
10-26 00:38:23.645   906   953 I RSMC-cfg: GetInSpreadSpecSeq: freqType(2), syncSeq(d0da73), dataSeq(401230)
10-26 00:38:23.645   906   953 D RSMC-cfg: GetOutChanCommInfo: outCodeMode(1)
10-26 00:38:23.645   906   953 D RSMC-cfg: GetBeamChanInfo: beamChanInfoNum = 18
10-26 00:38:23.645   906   953 I RSMC-cfg: svid(59),prn(1),fixDelayOffset(52018.849000)
10-26 00:38:23.645   906   953 I RSMC-cfg: svid(59),prn(2),fixDelayOffset(52018.840000)
10-26 00:38:23.645   906   953 I RSMC-cfg: svid(59),prn(3),fixDelayOffset(26017.013000)
10-26 00:38:23.645   906   953 I RSMC-cfg: svid(59),prn(4),fixDelayOffset(26017.000000)
10-26 00:38:23.645   906   953 I RSMC-cfg: svid(59),prn(5),fixDelayOffset(15.367000)
10-26 00:38:23.645   906   953 I RSMC-cfg: svid(59),prn(6),fixDelayOffset(15.354000)
10-26 00:38:23.645   906   953 I RSMC-cfg: svid(60),prn(8),fixDelayOffset(52018.408000)
10-26 00:38:23.645   906   953 I RSMC-cfg: svid(60),prn(9),fixDelayOffset(52018.405000)
10-26 00:38:23.645   906   953 I RSMC-cfg: svid(60),prn(10),fixDelayOffset(26016.000000)
10-26 00:38:23.645   906   953 I RSMC-cfg: svid(60),prn(11),fixDelayOffset(26016.000000)
10-26 00:38:23.645   906   953 I RSMC-cfg: svid(60),prn(12),fixDelayOffset(14.000000)
10-26 00:38:23.645   906   953 I RSMC-cfg: svid(60),prn(13),fixDelayOffset(14.000000)
10-26 00:38:23.645   906   953 I RSMC-cfg: svid(61),prn(15),fixDelayOffset(52018.650000)
10-26 00:38:23.645   906   953 I RSMC-cfg: svid(61),prn(16),fixDelayOffset(52018.657000)
10-26 00:38:23.645   906   953 I RSMC-cfg: svid(61),prn(17),fixDelayOffset(26016.000000)
10-26 00:38:23.645   906   953 I RSMC-cfg: svid(61),prn(18),fixDelayOffset(26016.000000)
10-26 00:38:23.645   906   953 I RSMC-cfg: svid(61),prn(19),fixDelayOffset(15.166000)
10-26 00:38:23.645   906   953 I RSMC-cfg: svid(61),prn(20),fixDelayOffset(15.166000)
10-26 00:38:23.645   906   953 D RSMC-cfg: GetBdsBeamCoverInfo: beamCnt = 18
10-26 00:38:23.645   906   953 D RSMC-cfg: GetBdsCityCoverInfo: distanceThreshold:100000.000000
10-26 00:38:23.645   906   953 E RSMC-cfg: LoadJsonCfg: fopen fail
10-26 00:38:23.645   906   953 D RSMC-cfg: GetSatelliteParamCfg: content null
10-26 00:38:23.645   906   953 I RSMC-cfg: rsmc-process: load smc cfg complete, func:LoadSmcCfg
10-26 00:38:23.645   906   953 I RSMC-ATCMD: InitReadAtCmdCom: enter readPath(/data/vendor/gnss/rsmc/hw_smc_rd)
10-26 00:38:23.646   906   953 D RSMC-ATCMD: InitReadAtCmdCom: mkfifo succ
10-26 00:38:23.646   906   953 D RSMC-ATCMD: InitReadAtCmdCom: fid(78) exit
10-26 00:38:23.646   906   953 I RSMC-MAINLOOP: GetPhyVendorPath: step1
10-26 00:38:23.646   906   953 I RSMC-MAINLOOP: GetPhyVendorPath: step2:loadType=2
10-26 00:38:23.646   906   953 I RSMC-MAINLOOP: GetPhyVendorPath: step3:110x
10-26 00:38:23.646   906   953 D RSMC-context: PhyTypeRptCb enter, type = 2
10-26 00:38:23.646   906   953 D RSMC-msg-native: send data to framework
10-26 00:38:23.646   906   953 D RSMC-msg-native: send to framework msg succ
10-26 00:38:23.646   906   953 D RSMC-context: PhyTypeRptCb end
10-26 00:38:23.646   906   953 I RSMC-MAINLOOP: LoadVendorLib vendorPath(/odm/lib64/libphy-110x.so)readPath(/data/vendor/gnss/rsmc/hw_smc_wr)writePath(/data/vendor/gnss/rsmc/hw_smc_rd)
10-26 00:38:23.646 13013 13013 I RSMC-SERVICE-NativeAdaptor: handleRecvMsg msg len:4, type:17
10-26 00:38:23.646 13013 13013 I RSMC-SERVICE-NativeAdaptor: recvMsg processCb type: 17
10-26 00:38:23.646 13013 13013 I RSMC-SERVICE-Service: set platform type:2
10-26 00:38:23.646  1853  1853 I RSMC-HwSmcUtils: notifyWifiChanged wifiState: 3
10-26 00:38:23.647   906   953 I RSMC-PHY-COM-MSGLOOP: PhyInit: readPath(/data/vendor/gnss/rsmc/hw_smc_wr)writePath(/data/vendor/gnss/rsmc/hw_smc_rd)mode(1)
10-26 00:38:23.647   906   953 D RSMC-PHY-CMD: InitAtCmdCom: enter readPath=/data/vendor/gnss/rsmc/hw_smc_wr, writePath=/data/vendor/gnss/rsmc/hw_smc_rd
10-26 00:38:23.647   906   953 D RSMC-PHY-CMD: InitWriteFifo: enter (/data/vendor/gnss/rsmc/hw_smc_rd)
10-26 00:38:23.647   906   953 D RSMC-PHY-CMD: InitWriteFifo: open succ fid(79)
10-26 00:38:23.647   906   953 E RSMC-PHY-CMD: InitReadFifo: enter (/data/vendor/gnss/rsmc/hw_smc_wr)
10-26 00:38:23.647   906   953 D RSMC-PHY-CMD: InitReadFifo: mkfifo succ
10-26 00:38:23.647   906   953 I RSMC-PHY-CMD: InitReadFifo: open succ fid(80)
10-26 00:38:23.647   906   953 E RSMC-PHY-CMD: InitAtCmdCom: init exit
10-26 00:38:23.647   906   953 I RSMC-PHY-TIMER: InitTimer enter. 
10-26 00:38:23.647   906   953 D RSMC-PHY-TIMER: Timer fd init succ, cb:0x782a713b8c,read fd:91,write fd:92
10-26 00:38:23.647   906   953 I RSMC-PHY-TIMER: Timer init succ.
10-26 00:38:23.647   906   953 D RSMC-PHY-NETLINK: InitNetlink: start
10-26 00:38:23.647   906   953 D RSMC-PHY-COM-MSGLOOP: AddFd: invalid readFd
10-26 00:38:23.647   906   953 D RSMC-110X-PHY-MODULE-MANAGER: InitAllModule: enter
10-26 00:38:23.647   906   953 I RSMC-110X-PHY: PhyAInit enter
10-26 00:38:23.647   906   953 I RSMC-110X-PHY: PHY_STATE: 0 -> 0
10-26 00:38:23.647   906   953 D RSMC-PHY-CMD: PHY_DATA << $SMSTA,2,0
10-26 00:38:23.647   906   953 I RSMC-110X-PHY: PhyAInit exit
10-26 00:38:23.647   906   953 D RSMC-110XPHY-ADAPTOR: GnssAdaptorInit: enter
10-26 00:38:23.647   906   953 D RSMC-110XPHY-ADAPTOR: InitGnssClient: enter
10-26 00:38:23.647   906   953 D RSMC-110XPHY-ADAPTOR: InitHignssFd: enter
10-26 00:38:23.647   906   953 D RSMC-110XPHY-ADAPTOR: InitHignssFd: fdHignss=93
10-26 00:38:23.647   906   953 D RSMC-110XPHY-ADAPTOR: InitHigeoFd: fdHigeo=94
10-26 00:38:23.647   906   953 D RSMC-110XPHY-ADAPTOR: GnssAdaptorInit: call InitGnssLoop
10-26 00:38:23.647   906   953 I RSMC-TX-CTRL: TxInit: pilotSeq0(e5), pilotSeq1(19)
10-26 00:38:23.647   906   953 I RSMC-TX-CTRL: TxInit: txFreqOffset(0), freqPoint(2)
10-26 00:38:23.647   906   953 D RSMC-110X-PHY-MODULE-MANAGER: InitAllModule: exit
10-26 00:38:23.647   906   953 D RSMC-PHY-COM-MSGLOOP: PhyInit: exit tid=515893525760
10-26 00:38:23.647   906   953 I RSMC-ATCMD: InitWriteAtCmdCom: writePath(/data/vendor/gnss/rsmc/hw_smc_wr)
10-26 00:38:23.647   906   953 D RSMC-ATCMD: InitWriteAtCmdCom: fid(95) exit
10-26 00:38:23.647   906   953 D RSMC-MAINLOOP: AddPollEvent: enter
10-26 00:38:23.647   906   953 D RSMC-MAINLOOP: AddPollEvent: exit
10-26 00:38:23.647   906   953 D RSMC-cfg: StartQuery: enter 0
10-26 00:38:23.647   906 24206 D RSMC-110XPHY-ADAPTOR: GnssProcessThread: enter
10-26 00:38:23.647   906 24206 D RSMC-110XPHY-ADAPTOR: CreateEpoll: epollFd=96
10-26 00:38:23.647   906   953 D RSMC-cfg: StartQuery: exit 1
10-26 00:38:23.648   906 24207 D RSMC-PHY-COM-MSGLOOP: PhyThread: enter
10-26 00:38:23.648   906   953 I RSMC-context: rsmc-process: wait phy report idle status! Func:SetSmcEnable
10-26 00:38:23.648   906   953 D RSMC-MAINLOOP: main poll next wait 5000 ms
10-26 00:38:23.648   906   953 D RSMC-MAINLOOP: process cb idx:1,cb:0x7831d21f28,fd:78
10-26 00:38:23.648   906   953 I RSMC-ATCMD: UnsoliBdSmcMsgPhyStatusRpt:staus=2,cause=0
10-26 00:38:23.648   906   953 I RSMC-CtrlMsg: rsmc-process: phy status is 2! Func:BdspPhyStatusRptProcess
10-26 00:38:23.648   906   953 I RSMC-CtrlMsg: rsmc-process: phy report idle status, enable phy smc! Func:BdspPhyStatusRptProcess
10-26 00:38:23.648   906   953 I RSMC-CtrlMsg: rsmc-process: enable process! Func:BdspSwitchProcess
10-26 00:38:23.648   906   953 D RSMC-ATCMD: BdSmcEnble enter
10-26 00:38:23.648   906   953 I RSMC-ATCMD: BdSmcEnble,len:12 cmd:$SMENB,1,1
10-26 00:38:23.648   906   953 I RSMC-ATCMD: CmdSend: fid(95) $SMENB,1,1
10-26 00:38:23.648   906   953 D RSMC-MAINLOOP: main poll next wait 5000 ms
10-26 00:38:23.648   906   953 D RSMC-MAINLOOP: process cb idx:0,cb:0x7831d24cf4,fd:6
10-26 00:38:23.648   906   953 D RSMC-MAINLOOP: main poll next wait 5000 ms
10-26 00:38:23.648   906 24208 D RSMC-cfg: QueryThread: enter
10-26 00:38:23.648   906 24208 D RSMC-cfg: QueryThread: exit
10-26 00:38:23.648   906 24206 D RSMC-110XPHY-ADAPTOR: CreateEpoll: Add fdHignss:93
10-26 00:38:23.648   906 24206 D RSMC-110XPHY-ADAPTOR: CreateEpoll: Add fdHigeo:94
10-26 00:38:24.650   906 24207 D RSMC-PHY-COM-MSGLOOP: PhyMsgLoop: enter
10-26 00:38:24.650   906 24207 D RSMC-PHY-COM-MSGLOOP: CreateEpoll: enter
10-26 00:38:24.650   906 24207 D RSMC-PHY-COM-MSGLOOP: CreateEpoll: exit
10-26 00:38:24.650   906 24207 D RSMC-PHY-CMD: CmdReadProcess: PHY_DATA >> len 12 cmd $SMENB,1,1
10-26 00:38:24.650   906 24207 E RSMC-110X-PHY: RsmcEnable self cmd trigger disable, need 110x do unload selfly
10-26 00:38:24.650   906 24207 I RSMC-110X-PHY: PhyProcess: msg type = 1, status=0
10-26 00:38:24.650   906 24207 I RSMC-PHY-ENB: EnableReqEventProc: mode=1,steady=1
10-26 00:38:24.650   906 24207 D RSMC-110XPHY-ADAPTOR: SendEnableCmd
10-26 00:38:24.650   906 24207 I RSMC-110XPHY-ADAPTOR: 110X_DATA >> $SMRENB=1,1
10-26 00:38:24.650   906 24207 I RSMC-PHY-ENB: StartEnableTimer
10-26 00:38:24.652  2240 24241 W HIGNSS  : PE_RSMC:[RSMC] thread 24241 running...
10-26 00:38:24.652   906 24206 I RSMC-110XPHY-ADAPTOR: 110X_DATA << $SMRENB,0,1,0
10-26 00:38:24.652   906 24206 D RSMC-110XPHY-ADAPTOR: HiSmcENB: $SMRENB,0,1,0
10-26 00:38:24.652   906 24206 I RSMC-110X-PHY: PhyProcess: msg type = 3, status=0
10-26 00:38:24.652   906 24206 I RSMC-PHY-ENB: EnableCnfEventProc
10-26 00:38:24.653   906 24206 I RSMC-PHY-ENB: ReportEnableStatus
10-26 00:38:24.653   906 24206 I RSMC-110X-PHY: PHY_STATE: 0 -> 1
10-26 00:38:24.653   906 24206 I RSMC-PHY-ENB: StopEnableTimer
10-26 00:38:24.653   906 24206 D RSMC-PHY-CMD: UnsoliRsmcEnable:enter result 1
10-26 00:38:24.653   906 24206 D RSMC-PHY-CMD: PHY_DATA << $SMENB,OK
10-26 00:38:24.653   906   953 D RSMC-MAINLOOP: process cb idx:1,cb:0x7831d21f28,fd:78
10-26 00:38:24.653   906   953 I RSMC-ATCMD: UnsoliBdSmcEnble:1
10-26 00:38:24.653   906   953 D RSMC-CtrlMsg: BdspTest: BdspSwitchCtrlCb enter
10-26 00:38:24.653   906   953 I RSMC-CtrlMsg: rsmc-process: enable success! Func:BdspSwitchResponse
10-26 00:38:24.653   906   953 I RSMC-CtrlMsg: rsmc-process: status from 0 to 1!
10-26 00:38:24.653   906   953 I RSMC-CtrlMsg: rsmc-process:Func:BdspStatusSyncToFwk,start status sync
10-26 00:38:24.653   906   953 I RSMC-context: rsmc-process: SysStatus report! status = 5, cause = 0! FUNC:NotifySmcSysStatusCb
10-26 00:38:24.653   906   953 D RSMC-msg-native: send data to framework
10-26 00:38:24.654   906   953 D RSMC-msg-native: send to framework msg succ
10-26 00:38:24.654   906   953 D RSMC-RxTx_resourceManager: GetMeasParams: measSetCount = 0
10-26 00:38:24.654   906   953 I RSMC-CtrlMsg: rsmc-process: set meas para! Func:BdspSwitchResponse
10-26 00:38:24.654   906   953 I RSMC-ATCMD: CmdSend: fid(95) $SMMMS,59,6,1,0000023B,2,000013B7,3,00001106,4,000011E1,5,00000400,6,00001DB5,1000
10-26 00:38:24.654   906   953 D RSMC-CtrlMsg: BdspTest: BdspSwitchCtrlCb end
10-26 00:38:24.654   906   953 D RSMC-MAINLOOP: main poll next wait 3994 ms
10-26 00:38:24.654   906   953 D RSMC-MAINLOOP: process cb idx:0,cb:0x7831d24cf4,fd:6
10-26 00:38:24.654   906 24207 D RSMC-PHY-CMD: CmdReadProcess: PHY_DATA >> len 84 cmd $SMMMS,59,6,1,0000023B,2,000013B7,3,00001106,4,000011E1,5,00000400,6,00001DB5,1000
10-26 00:38:24.654   906 24207 I RSMC-110X-PHY: RsmcMeasSet: enter
10-26 00:38:24.654   906   953 D RSMC-timer: DeleteTimerProcess enter, len:120
10-26 00:38:24.654   906 24207 D RSMC-PHY-110X-CHANNEL-MANAGER: BeamMeasureSet: enter interval 1000
10-26 00:38:24.654   906 24207 I RSMC-PHY-CMD: UnsoliRsmcMeasSet:enter 1
10-26 00:38:24.654   906 24207 D RSMC-PHY-CMD: PHY_DATA << $SMMMS,OK
10-26 00:38:24.654   906   953 D RSMC-MAINLOOP: main poll next wait 3994 ms
10-26 00:38:24.654   906   953 D RSMC-MAINLOOP: process cb idx:1,cb:0x7831d21f28,fd:78
10-26 00:38:24.654 13013 13013 I RSMC-SERVICE-NativeAdaptor: handleRecvMsg msg len:8, type:1
10-26 00:38:24.654   906   953 I RSMC-ATCMD: UnsoliBdSmcMsgMeasSet:1
10-26 00:38:24.654   906   953 D RSMC-CtrlMsg: BdspMeasSetCb enter, status = 1
10-26 00:38:24.654   906   953 D RSMC-CtrlMsg: BdspCfgMeasParamResponse enter 
10-26 00:38:24.654   906   953 I RSMC-CtrlMsg: rsmc-process: set meas param succ! Func:BdspCfgMeasParamResponse
10-26 00:38:24.654   906   953 I RSMC-CtrlMsg: rsmc-process: set Meas Para! Func:BdspCfgMeasParamResponse
10-26 00:38:24.654 13013 13013 I RSMC-SERVICE-NativeAdaptor: recvMsg processCb type: 1
10-26 00:38:24.654   906   953 D RSMC-RxTx_resourceManager: GetMeasParams: measSetCount = 1
10-26 00:38:24.654   906   953 I RSMC-ATCMD: CmdSend: fid(95) $SMMMS,60,6,8,00001119,9,00000794,10,00001B36,11,000018F0,12,00000615,13,00001486,1000
10-26 00:38:24.654   906 24207 D RSMC-PHY-CMD: CmdReadProcess: PHY_DATA >> len 88 cmd $SMMMS,60,6,8,00001119,9,00000794,10,00001B36,11,000018F0,12,00000615,13,00001486,1000
10-26 00:38:24.654   906   953 D RSMC-MAINLOOP: main poll next wait 3994 ms
10-26 00:38:24.654   906 24207 I RSMC-110X-PHY: RsmcMeasSet: enter
10-26 00:38:24.654   906 24207 D RSMC-PHY-110X-CHANNEL-MANAGER: BeamMeasureSet: enter interval 1000
10-26 00:38:24.654   906 24207 I RSMC-PHY-CMD: UnsoliRsmcMeasSet:enter 1
10-26 00:38:24.654   906 24207 D RSMC-PHY-CMD: PHY_DATA << $SMMMS,OK
10-26 00:38:24.654 13013 13013 I RSMC-SERVICE-Service: notifySysStatus: ENABLE_STATUS
10-26 00:38:24.654   906   953 D RSMC-MAINLOOP: process cb idx:1,cb:0x7831d21f28,fd:78
10-26 00:38:24.654   906   953 I RSMC-ATCMD: UnsoliBdSmcMsgMeasSet:1
10-26 00:38:24.654   906   953 D RSMC-CtrlMsg: BdspMeasSetCb enter, status = 1
10-26 00:38:24.654   906   953 D RSMC-CtrlMsg: BdspCfgMeasParamResponse enter 
10-26 00:38:24.654   906   953 I RSMC-CtrlMsg: rsmc-process: set meas param succ! Func:BdspCfgMeasParamResponse
10-26 00:38:24.654   906   953 I RSMC-CtrlMsg: rsmc-process: set Meas Para! Func:BdspCfgMeasParamResponse
10-26 00:38:24.654   906   953 D RSMC-RxTx_resourceManager: GetMeasParams: measSetCount = 2
10-26 00:38:24.654   906   953 I RSMC-ATCMD: CmdSend: fid(95) $SMMMS,61,6,15,000002F9,16,00000D1A,17,000016B5,18,00001412,19,00000ADD,20,000009FD,1000
10-26 00:38:24.654   906 24207 D RSMC-PHY-CMD: CmdReadProcess: PHY_DATA >> len 90 cmd $SMMMS,61,6,15,000002F9,16,00000D1A,17,000016B5,18,00001412,19,00000ADD,20,000009FD,1000
10-26 00:38:24.654   906 24207 I RSMC-110X-PHY: RsmcMeasSet: enter
10-26 00:38:24.654   906   953 D RSMC-MAINLOOP: main poll next wait 3994 ms
10-26 00:38:24.654   906 24207 D RSMC-PHY-110X-CHANNEL-MANAGER: BeamMeasureSet: enter interval 1000
10-26 00:38:24.654   906 24207 I RSMC-PHY-CMD: UnsoliRsmcMeasSet:enter 1
10-26 00:38:24.654   906 24207 D RSMC-PHY-CMD: PHY_DATA << $SMMMS,OK
10-26 00:38:24.654 13013 13013 I RSMC-SERVICE-NativeAdaptor: in beamPriorityQuery
10-26 00:38:24.655   906   953 D RSMC-MAINLOOP: process cb idx:1,cb:0x7831d21f28,fd:78
10-26 00:38:24.655   906   953 I RSMC-ATCMD: UnsoliBdSmcMsgMeasSet:1
10-26 00:38:24.655   906   953 D RSMC-CtrlMsg: BdspMeasSetCb enter, status = 1
10-26 00:38:24.655   906   953 D RSMC-CtrlMsg: BdspCfgMeasParamResponse enter 
10-26 00:38:24.655   906   953 I RSMC-CtrlMsg: rsmc-process: set meas param succ! Func:BdspCfgMeasParamResponse
10-26 00:38:24.655   906   953 I RSMC-CtrlMsg: rsmc-process: set demodulation param! Func:BdspCfgMeasParamResponse
10-26 00:38:24.655   906   953 I RSMC-ATCMD: CmdSend: fid(95) $SMRXS,0000023B,000002C2,1,0000023B,000002C2,2,1,1000,1000
10-26 00:38:24.655   906   953 D RSMC-MAINLOOP: main poll next wait 3993 ms
10-26 00:38:24.655   906 24207 D RSMC-PHY-CMD: CmdReadProcess: PHY_DATA >> len 60 cmd $SMRXS,0000023B,000002C2,1,0000023B,000002C2,2,1,1000,1000
10-26 00:38:24.655   906 24207 I RSMC-110X-PHY: RsmcRxSet: in
10-26 00:38:24.655   906 24207 I RSMC-PHY-CMD: UnsoliRsmcRxSet:enter 1
10-26 00:38:24.655   906 24207 D RSMC-PHY-CMD: PHY_DATA << $SMRXS,OK
10-26 00:38:24.655   906   953 D RSMC-MAINLOOP: process cb idx:1,cb:0x7831d21f28,fd:78
10-26 00:38:24.655   906   953 I RSMC-ATCMD: UnsoliBdSmcMsgRxSet:1
10-26 00:38:24.655 13013 13051 I RSMC-SERVICE-StateMachine: IdleState processMessage 0
10-26 00:38:24.655   906   953 D RSMC-CtrlMsg: BdspRxSetCb enter, status = 1
10-26 00:38:24.655   906   953 D RSMC-CtrlMsg: BdspCfgRxParamResponse enter 
10-26 00:38:24.655   906   953 I RSMC-CtrlMsg: rsmc-process: set demoudlation param succ! Func:BdspCfgRxParamResponse
10-26 00:38:24.655   906   953 I RSMC-CtrlMsg: rsmc-process: set track mode to phy! Func:BdspCfgRxParamResponse
10-26 00:38:24.655   906   953 D RSMC-CtrlMsg: BdspSetTrackMode: the last set track mode not rec return of phy
10-26 00:38:24.655   906   953 D RSMC-MAINLOOP: main poll next wait 3993 ms
10-26 00:38:24.655 13013 13051 I RSMC-SERVICE-StateMachine: IdleState processMessage MSG_IDLE_TO_ENABLED
10-26 00:38:24.655 13013 13013 I RSMC-SERVICE-NativeAdaptor: sendMsg enter
10-26 00:38:24.655 13013 13051 I RSMC-SERVICE-StateMachine: IdleState exit()
10-26 00:38:24.655 13013 13051 I RSMC-SERVICE-StateMachine: rsmc-process: rsmc service EnabledState enter:com.huawei.rsmc.SmcStateMachine$EnabledState@88f7fa7
10-26 00:38:24.656 13013 13051 I RSMC-SERVICE-StateMachine: EnabledState processMessage  1
10-26 00:38:24.656 13013 13051 I RSMC-SERVICE-StateMachine: EnabledState transfer to ResourceState
10-26 00:38:24.656 13013 13051 I RSMC-SERVICE-StateMachine: EnabledState exit()
10-26 00:38:24.656 13013 13051 I RSMC-SERVICE-StateMachine: rsmc-process: rsmc service ResourceState enter:com.huawei.rsmc.SmcStateMachine$ResourceState@286c54
10-26 00:38:24.656  1853 17247 I HwSmcManager: setRsmcMsgToFwk intent type: 0
10-26 00:38:24.656 13013 13051 I RSMC-SERVICE-SatAliMgr: init enter
10-26 00:38:24.656 13013 13051 I RSMC-SERVICE-SatAliMgr: stopThreadHandler
10-26 00:38:24.656 13013 13051 I RSMC-SERVICE-SatAliMgr: init stop thread finish
10-26 00:38:24.656 13013 13013 I RSMC-SERVICE-NativeAdaptor: sendMsg msg send succ, type: 0
10-26 00:38:24.657   906   949 I RSMC-msg-native: rsmc-process: process hidl msg, msgLen is 12, Func:NativeRecvHidlData
10-26 00:38:24.657   906   953 D RSMC-MAINLOOP: process cb idx:0,cb:0x7831d24cf4,fd:6
10-26 00:38:24.657 13013 13013 I RSMC-SERVICE-Service: rsmc-process: whether is mail query services status:1type:-1
10-26 00:38:24.657   906   953 D RSMC-msg-native: ProcessFrkMsg enter, type:11
10-26 00:38:24.657   906   953 I RSMC-ATCMD: CmdSend: fid(95) $SMBPQ
10-26 00:38:24.657   906   953 D RSMC-MAINLOOP: main poll next wait 3991 ms
10-26 00:38:24.657   906 24207 D RSMC-PHY-CMD: CmdReadProcess: PHY_DATA >> len 8 cmd $SMBPQ
10-26 00:38:24.657   906 24207 I RSMC-PHY-CMD: UnsoliRsmcBeamPriorityQuery:enter 1
10-26 00:38:24.657   906 24207 D RSMC-PHY-CMD: PHY_DATA << $SMBPQ,OK
10-26 00:38:24.657   906 24207 I RSMC-PHY-110X-CHANNEL-MANAGER: enter:UpdateBeamInfo: 
10-26 00:38:24.657   906 24207 D RSMC-110XPHY-ADAPTOR: GetLocValid:hignssData.locValid = 0
10-26 00:38:24.657   906 24207 I RSMC-PHY-110X-CHANNEL-MANAGER: UpdateBeamPriority: locValid=0
10-26 00:38:24.657   906 24207 I RSMC-PHY-110X-CHANNEL-MANAGER: UpdateBeamPriority: locValid=0
10-26 00:38:24.657   906   953 D RSMC-MAINLOOP: process cb idx:1,cb:0x7831d21f28,fd:78
10-26 00:38:24.657   906   953 I RSMC-ATCMD: UnsoliBdSmcMsgBeamPriorityQuery: result=1
10-26 00:38:24.657   906   953 D RSMC-MAINLOOP: main poll next wait 3991 ms
10-26 00:38:24.657 13013 13013 I RSMC-SERVICE-Service: rsmc-process: whether is mail query services status:7type:-1
10-26 00:38:24.657 13013 24201 I RSMC-SERVICE-Service: handleSysStatusToApk Bundle[{status=1, cause=0}]
10-26 00:38:24.657 13013 24201 I RSMC-SERVICE-Service: handleSysStatusToApk Bundle[{status=7, cause=0}]
10-26 00:38:24.658 13013 13051 I RSMC-SERVICE-SatAliMgr: init create thread finish
10-26 00:38:24.658 13013 24242 I RSMC-SERVICE-SatAliMgr: handlerInit
10-26 00:38:24.661 13013 13051 I RSMC-SERVICE-SatAliMgr: init finish
10-26 00:38:24.661 13013 13051 I RSMC-SERVICE-StateMachine: rsmc-process: rsmc service ResourceState finish
10-26 00:38:24.664  1853 17247 I SensorService: enableSensor handle:0, packageName:com.huawei.rsmc.SatAliMgr, rate=66667000
10-26 00:38:24.666  1853 17247 I SensorService: enableSensor handle:1, packageName:com.huawei.rsmc.SatAliMgr, rate=66667000
10-26 00:38:24.668  1853 17247 I SensorService: enableSensor handle:8, packageName:com.huawei.rsmc.SatAliMgr, rate=20000000
10-26 00:38:24.670 13013 13013 I RSMC-SERVICE-SatAliMgr: in tryToStartSearchSate, 0,false,true,true, false,true
10-26 00:38:24.670 13013 13013 I RSMC-SERVICE-SatAliMgr: rsmc-process ready to search 110X satellite
10-26 00:38:24.670 13013 13013 I RSMC-SERVICE-SatAliMgr: startSearchSateInner:0, false, false, 0, true
10-26 00:38:24.679 13013 24242 I RSMC-SERVICE-SatAliMgr: requestLocationUpdates done
10-26 00:38:24.679 13013 24242 I RSMC-SERVICE-SatAliMgr: in tryToStartSearchSate, 0,false,true,true, false,true
10-26 00:38:24.680 13013 24242 I RSMC-SERVICE-SatAliMgr: rsmc-process ready to search 110X satellite
10-26 00:38:24.680 13013 24242 I RSMC-SERVICE-SatAliMgr: startSearchSateInner:0, false, false, 0, true
10-26 00:38:24.696   906 24206 I RSMC-110XPHY-ADAPTOR: 110X_DATA << $SMRSTA,0,0
10-26 00:38:24.696   906 24206 I RSMC-PHY-ENB: SmcPhase1ReadyCb: res(0)
10-26 00:38:24.696   906 24206 I RSMC-PHY-CMD: UnsoliRsmcPhrase1Rst:enter result:1, cause: 0
10-26 00:38:24.696   906 24206 D RSMC-PHY-CMD: PHY_DATA << $SMPAS,OK,0
10-26 00:38:24.696   906   953 D RSMC-MAINLOOP: process cb idx:1,cb:0x7831d21f28,fd:78
10-26 00:38:24.696   906   953 D RSMC-ATCMD: UnsoliBdSmcMsgPhrase1Rst:result = 1, cause = 0
10-26 00:38:24.696   906   953 D RSMC-context: NotifyPhase1Cb enter
10-26 00:38:24.696   906   953 D RSMC-msg-native: send data to framework
10-26 00:38:24.697   906   953 D RSMC-msg-native: send to framework msg succ
10-26 00:38:24.697   906   953 D RSMC-MAINLOOP: main poll next wait 3951 ms
10-26 00:38:24.697 13013 13013 I RSMC-SERVICE-NativeAdaptor: handleRecvMsg msg len:8, type:18
10-26 00:38:24.697 13013 13013 I RSMC-SERVICE-NativeAdaptor: recvMsg processCb type: 18
10-26 00:38:24.697 13013 13013 I RSMC-SERVICE-Service: phase1 result:1,cause:0
10-26 00:38:24.724 13013 24242 I RSMC-SERVICE-SatAliMgr: first time get location
10-26 00:38:24.872 13013 13031 I RSMC-SERVICE-Service: rsmc-process: smc service in sendSmcMessage, type = 3
10-26 00:38:24.872 13013 13031 I RSMC-SERVICE-Service: current:1079678975,lastSend:1079614236,lastRece:1078761249
10-26 00:38:24.872 13013 13031 I RSMC-SERVICE-Service: checkReceSeriveCapability type = 3
10-26 00:38:24.873 13013 13031 I RSMC-SERVICE-StateMachine: isReadyToSendStatus currentState: ResourceState,ptr:name=RSMC-SERVICE-StateMachine state=ResourceState
10-26 00:38:24.873 13013 13013 I RSMC-SERVICE-Service: in startSearchSat: true
10-26 00:38:24.873 13013 13013 I RSMC-SERVICE-SatAliMgr: in startSearchSate: 0, -1
10-26 00:38:24.873 13013 13013 I RSMC-SERVICE-SatAliMgr: startSearchSateInner:0, true, false, 0, true
10-26 00:38:24.873 13013 13013 I RSMC-SERVICE-ServiceUtil: rsmc-process: setCommunicationModuleDisable set:true,record:false, 0
10-26 00:38:24.875 13013 13013 I RSMC-SERVICE-ServiceUtil: recordWirelessState ap:0,wifi:1,bt:0
10-26 00:38:24.875 13013 13013 I RSMC-SERVICE-NativeAdaptor: in sendServiceStatusToNative 1
10-26 00:38:24.876  1853  9632 I HwSmcManager: setRsmcMsgToFwk intent type: 0
10-26 00:38:24.876 13013 13013 I RSMC-SERVICE-NativeAdaptor: sendServiceStatusToNative send succ
10-26 00:38:24.876 13013 13013 I RSMC-SERVICE-SatAliMgr: getIsCommSystemOff false,true,false, false
10-26 00:38:24.876 13013 13013 I RSMC-SERVICE-NativeAdaptor: in setCommSysToFwk 0
10-26 00:38:24.877  1853  9632 I HwSmcManager: setRsmcMsgToFwk intent type: 12
10-26 00:38:24.877   906   949 I RSMC-msg-native: rsmc-process: process hidl msg, msgLen is 16, Func:NativeRecvHidlData
10-26 00:38:24.877 13013 13013 I RSMC-SERVICE-NativeAdaptor: setCommSysToFwk send succ
10-26 00:38:24.877 13013 13013 I RSMC-SERVICE-SatAliMgr: in getBeam, isSearchListMode: false, mBeamId: 16, mSatelliteId: 61
10-26 00:38:24.877   906   953 D RSMC-MAINLOOP: process cb idx:0,cb:0x7831d24cf4,fd:6
10-26 00:38:24.877 13013 13013 I RSMC-SERVICE-ServiceUtil: checkWirelessState start , isDelayMsgSend =false
10-26 00:38:24.877   906   953 D RSMC-msg-native: ProcessFrkMsg enter, type:27
10-26 00:38:24.877   906   953 I RSMC-context: rsmc-process:Func:ServiceStatusProcess, start freq increase
10-26 00:38:24.877   906   953 I RSMC-ATCMD: CmdSend: fid(95) $SMUPF
10-26 00:38:24.877   906 24207 D RSMC-PHY-CMD: CmdReadProcess: PHY_DATA >> len 8 cmd $SMUPF
10-26 00:38:24.877   906   953 D RSMC-MAINLOOP: main poll next wait 3771 ms
10-26 00:38:24.877   906 24207 D RSMC-PHY-CMD: PHY_DATA << $SMERR,0
10-26 00:38:24.877   906   953 D RSMC-MAINLOOP: process cb idx:1,cb:0x7831d21f28,fd:78
10-26 00:38:24.878 13013 13013 I RSMC-SERVICE-ServiceUtil: checkWirelessState send 4s msg, false, true, false
10-26 00:38:24.878   906   953 I RSMC-ATCMD: UnsoliBdSmcMsgErr:0
10-26 00:38:24.878   906   953 D RSMC-MAINLOOP: main poll next wait 3770 ms
10-26 00:38:24.878  1853  1853 I RSMC-HwSmcUtils: set communication system disable
10-26 00:38:24.878  1853  1853 I RSMC-HwSmcUtils: setRsmcStatusToBooster true
10-26 00:38:24.878 13013 13051 I RSMC-SERVICE-StateMachine: ResourceState processMessage  4
10-26 00:38:24.878 13013 13051 I RSMC-SERVICE-StateMachine: ResourceState MSG_USER_CLICK_SEND
10-26 00:38:24.879  1853  1853 I RSMC-HwSmcUtils: sendRsmcToBle 1
10-26 00:38:24.879  1853  1853 W ContextImpl: Calling a method in the system process without a qualified user: android.app.ContextImpl.sendBroadcast:1313 com.android.server.HwSmcUtils.setRsmcStatusToBle:460 com.android.server.HwSmcUtils.setCommModuleStatusDisable:356 com.android.server.HwSmcManager$2.handleMessage:286 android.os.Handler.dispatchMessage:117 
10-26 00:38:24.880  1853  1853 W ActivityManager: Sending non-protected broadcast ACTION_RSMC_STATE from system 1853:system/1000 pkg android
10-26 00:38:24.880  1853  1853 W ActivityManager: Sending non-protected broadcast ACTION_RSMC_STATE from system 1853:system/1000 pkg android
10-26 00:38:24.881  1853  1853 I WifiActiveModeWarden: send BeiDou Rsmc Mode Timeout Message
10-26 00:38:24.881  1853  1853 I WifiController: WifiControllersend BeiDou Rsmc Mode Timeout Message
10-26 00:38:24.882  1853  1853 I RSMC-HwSmcUtils: setRsmcStatusToGle:1, isOriGleOn:3
10-26 00:38:24.882  1853  1853 I Bluetooth_framework: BluetoothManagerService:receive broadcast from rsmc and send broadcast to rsmc
10-26 00:38:24.882  1853  1853 W ActivityManager: Sending non-protected broadcast ACTION_BT_RSMC_STATE from system 1853:system/1000 pkg android
10-26 00:38:24.882  1853  1853 W ActivityManager: Sending non-protected broadcast ACTION_BT_RSMC_STATE from system 1853:system/1000 pkg android
10-26 00:38:24.882  1853  1853 I Bluetooth_framework: BluetoothManagerService:Rsmc state is change to 1 from 0
10-26 00:38:24.882  1853  1853 I RSMC-HwSmcUtils: checkWirelessStatus: ble:false, wifi:true, gle:false
10-26 00:38:24.882  1853  1853 I RSMC-HwSmcUtils: handleRecvBleRsmcState
10-26 00:38:24.882  1853  1853 I RSMC-HwSmcUtils: handleRecvBleRsmcState: 1
10-26 00:38:24.882  1853  1853 I RSMC-HwSmcUtils: checkWirelessStatus: ble:true, wifi:true, gle:false
10-26 00:38:24.883  1853  1853 I RSMC-HwSmcUtils: saveCommModuleCurrentStatus ap:false,wifi:true,bt:falsegle,3
10-26 00:38:24.883  1853  1853 I RSMC-HwSmcUtils: saveOriCommModuleStatus ap:0, wifi:1, bt:0, gle:3
10-26 00:38:24.883  1853  1853 I RSMC-HwSmcUtils: startCheckCommSysTask
10-26 00:38:24.883  1853  1853 I RSMC-HwSmcUtils: setAirPlaneMode mode 1, mOriApMoode 0
10-26 00:38:24.883  1853  1853 I RSMC-HwSmcUtils: setAirPlaneMode on current apMode 0
10-26 00:38:24.883  1853  1853 I RSMC-HwSmcUtils: setAirPlaneMode on set
10-26 00:38:24.884  1853  1853 I RSMC-HwSmcUtils: setAirPlaneMode sendEmptyMessageDelayed HANDLE_CHECK_AIRPLANE_MODE
10-26 00:38:24.884  1853  1853 I RSMC-HwSmcUtils: setAirPlaneMode on LbsSetApMoode 0
10-26 00:38:24.884  1853  1853 I RSMC-HwSmcUtils: closeFlashlight
10-26 00:38:24.886  1853  1853 I RSMC-HwSmcUtils: closeFlashlight available:true,lensFacing:1,id:0
10-26 00:38:24.886  1853  1853 I RSMC-HwSmcUtils: closeFlashlight setTorchMode false
10-26 00:38:24.887  1853  1853 I RSMC-HwSmcUtils: closeVibrateMode current status -1
10-26 00:38:24.887  1853  1853 I RSMC-HwSmcUtils: closeNfc
10-26 00:38:24.887  1853  1853 I RSMC-HwSmcUtils: closeScreenBrightness
10-26 00:38:24.887  1853  1853 I RSMC-HwSmcUtils: closeScreenBrightness mScreenMode 1
10-26 00:38:24.887  1853  1853 I RSMC-HwSmcUtils: closeScreenBrightness from 1 to MANUAL
10-26 00:38:24.888  1853  1853 I RSMC-HwSmcUtils: closeScreenBrightness screen value from 19 to 19
10-26 00:38:24.895  1853  1853 I RSMC-HwSmcUtils: handleApModeChanged isNeedCheckApMode = true, isApOn = true
10-26 00:38:24.900 13013 13031 I RSMC-SERVICE-Service: in queryProductCapability: Bundle[{rcvMsgSupport=1, supportOperator=7, searchMode=0, batteryUnavailableValue=0, foldTips=0, ackSupport=1, batteryWarningValue=5, isSupport=true}]
10-26 00:38:25.650   906 24207 D RSMC-110XPHY-ADAPTOR: SendCpvCmd
