10-26 00:38:47.730   906 24206 I RSMC-PHY-ACQ: StopAcqTimer
10-26 00:38:47.730   906 24206 I RSMC-PHY-CMD: UnsoliRsmcAcq:enter 1
10-26 00:38:47.730   906 24206 D RSMC-PHY-CMD: PHY_DATA << $SMACQ,OK
10-26 00:38:47.730   906   953 D RSMC-MAINLOOP: process cb idx:1,cb:0x7831d21f28,fd:78
10-26 00:38:47.730   906   953 I RSMC-ATCMD: rsmc-process: S-M-A-C-Q OK! Func:UnsoliBdSmcMsgAcq
10-26 00:38:47.730   906   953 D RSMC-MAINLOOP: main poll next wait 925 ms
10-26 00:38:48.100 13013 24242 I RSMC-SERVICE-SatAliMgr: bundle:Bundle[{targetPitch=30.775606537745922, mobilePitch=68.3, mobileAzimuth=221.9, trueNorthAzimuth=266.9, cnr=0, pitchAngleDelta=-37, eventValue0=0.5732370018959045, eventValue1=0.46546998620033264, eventValue2=0.5564159750938416, eventValue3=0.38096898794174194, azimuthDelta=0, targetAzimuth=222.23404972866706, sateIdx=60, trueNorthPitch=-108.34276}]
10-26 00:38:48.456  2240  2240 W HIGNSS  : PE_RSMC:[CalCurAveClkDrift]curClkDriftCnt: 0
10-26 00:38:48.463   906 24206 I RSMC-110XPHY-ADAPTOR: 110X_DATA << $SMRFER,22,-243,40,991
10-26 00:38:48.463   906 24206 I RSMC-110XPHY-ADAPTOR: 110X_DATA << $SMRINT,58
10-26 00:38:48.659   906   953 D RSMC-MAINLOOP: main poll next wait 35994 ms
10-26 00:38:48.659   906   953 D RSMC-MAINLOOP: process cb idx:0,cb:0x7831d24cf4,fd:6
10-26 00:38:48.659   906 24307 D RSMC-cfg: QueryThread: enter
10-26 00:38:48.659   906 24307 D RSMC-cfg: QueryThread: exit
10-26 00:38:48.659   906   953 D RSMC-timer: DeleteTimerProcess enter, len:120
10-26 00:38:48.659   906   953 D RSMC-MAINLOOP: main poll next wait 5000 ms
10-26 00:38:48.777   906 24206 I RSMC-110XPHY-ADAPTOR: 110X_DATA << $SMRRDR,1,11,15
10-26 00:38:48.777   906 24206 I RSMC-PHY-ACQ: StopRdrTimer
10-26 00:38:48.777   906 24206 I RSMC-PHY-ACQ: RdssAcqRdrHandle: rst:1
10-26 00:38:48.777   906 24206 E RSMC-PHY-ACQ: RdssAcqRdrHandle: rst err!
10-26 00:38:48.777   906 24206 D RSMC-PHY-CMD: PHY_DATA << $SMSTA,6,0
10-26 00:38:48.777   906 24206 I RSMC-110X-PHY: PHY_STATE: 2 -> 2
10-26 00:38:48.778   906   953 D RSMC-MAINLOOP: process cb idx:1,cb:0x7831d21f28,fd:78
10-26 00:38:48.778   906   953 I RSMC-ATCMD: UnsoliBdSmcMsgPhyStatusRpt:staus=6,cause=0
10-26 00:38:48.778   906   953 I RSMC-CtrlMsg: rsmc-process: phy status is 6! Func:BdspPhyStatusRptProcess
10-26 00:38:48.778   906   953 I RSMC-CtrlMsg: BdspGetTxToRxPolicy: txToRxPolicy = 2
10-26 00:38:48.778   906   953 I RSMC-context: rsmc-process: SysStatus report! status = 2, cause = 0! FUNC:NotifySmcSysStatusCb
10-26 00:38:48.778   906   953 D RSMC-msg-native: send data to framework
10-26 00:38:48.780 13013 13013 I RSMC-SERVICE-NativeAdaptor: handleRecvMsg msg len:8, type:1
10-26 00:38:48.780 13013 13013 I RSMC-SERVICE-NativeAdaptor: recvMsg processCb type: 1
10-26 00:38:48.780 13013 13013 I RSMC-SERVICE-Service: notifySysStatus CAP_FAIL_STATUS 0,true
10-26 00:38:48.780 13013 13013 I RSMC-SERVICE-SatAliMgr: in notifyAcqStatus 0
10-26 00:38:48.780 13013 13013 I RSMC-SERVICE-SatAliMgr: handleAcqFail:false,false,0,false
10-26 00:38:48.780   906   953 D RSMC-msg-native: send to framework msg succ
10-26 00:38:48.780 13013 13013 I RSMC-SERVICE-SatAliMgr: handle110XAcqFail: isSafeMode=false, isFirstSatAcq=false, m110xAcqTimeOut=0
10-26 00:38:48.780   906   953 I RSMC-CtrlMsg: rsmc-process: status from 1 to 1!
10-26 00:38:48.780   906   953 D RSMC-MAINLOOP: main poll next wait 4879 ms
10-26 00:38:48.780 13013 13013 I RSMC-SERVICE-SatAliMgr: handle110XAcqFail4Rev: isSafeMode=false, isFirstSatAcq=false, m110xAcqTimeOut=0
10-26 00:38:48.780 13013 13013 I RSMC-SERVICE-Service: rsmc-process: smc service set acq status: 1,11,11,0,0,true,-1,false
10-26 00:38:48.780 13013 13013 I RSMC-SERVICE-NativeAdaptor: in SetAcqEnable status:0,prn:11
10-26 00:38:48.781 13013 13013 I RSMC-SERVICE-NativeAdaptor: sendMsg enter
10-26 00:38:48.781  1853  2099 I HwSmcManager: setRsmcMsgToFwk intent type: 0
10-26 00:38:48.782 13013 13013 I RSMC-SERVICE-NativeAdaptor: sendMsg msg send succ, type: 0
10-26 00:38:48.782   906   949 I RSMC-msg-native: rsmc-process: process hidl msg, msgLen is 20, Func:NativeRecvHidlData
10-26 00:38:48.783   906   953 D RSMC-MAINLOOP: process cb idx:0,cb:0x7831d24cf4,fd:6
10-26 00:38:48.783   906   953 D RSMC-msg-native: ProcessFrkMsg enter, type:12
10-26 00:38:48.783   906   953 I RSMC-CtrlMsg: rsmc-process: SetSmoothCnt is 255!
10-26 00:38:48.783   906   953 I RSMC-CtrlMsg: rsmc-process:  InitMeasReportCnt!
10-26 00:38:48.783   906   953 I RSMC-ATCMD: CmdSend: fid(95) $SMACQ,0,11,0
10-26 00:38:48.783   906   953 I RSMC-ATCMD: rsmc-process: S-M-A-C-Q,0,11,0! Func:BdSmcAcq
10-26 00:38:48.783   906   953 D RSMC-MAINLOOP: main poll next wait 4876 ms
10-26 00:38:48.783   906 24207 D RSMC-PHY-CMD: CmdReadProcess: PHY_DATA >> len 15 cmd $SMACQ,0,11,0
10-26 00:38:48.783   906 24207 D RSMC-110X-PHY: RsmcAcq: enable=0,prn=11,crazy=0
10-26 00:38:48.783   906 24207 I RSMC-110X-PHY: PhyProcess: msg type = 405, status=2
10-26 00:38:48.783   906 24207 I RSMC-PHY-ACQ: RdssAcqStopReqEventProc: enter
10-26 00:38:48.783   906 24207 I RSMC-PHY-ACQ: StopRdrTimer
10-26 00:38:48.784   906 24207 D RSMC-110XPHY-ADAPTOR: SendAcqCmd
10-26 00:38:48.784   906 24207 I RSMC-110XPHY-ADAPTOR: 110X_DATA >> $SMRACQ=0
10-26 00:38:48.784   906 24207 I RSMC-110X-PHY: PHY_STATE: 2 -> 2
10-26 00:38:48.787   906 24206 I RSMC-110XPHY-ADAPTOR: 110X_DATA << $SMRACQ,0,0,0,0
10-26 00:38:48.787   906 24206 I RSMC-PHY-ACQ: UnsolidAcqProc: 1
10-26 00:38:48.787   906 24206 I RSMC-PHY-ACQ: StopAcqTimer
10-26 00:38:48.787   906 24206 I RSMC-PHY-CMD: UnsoliRsmcAcq:enter 1
10-26 00:38:48.787   906 24206 D RSMC-PHY-CMD: PHY_DATA << $SMACQ,OK
10-26 00:38:48.787   906   953 D RSMC-MAINLOOP: process cb idx:1,cb:0x7831d21f28,fd:78
10-26 00:38:48.788   906   953 I RSMC-ATCMD: rsmc-process: S-M-A-C-Q OK! Func:UnsoliBdSmcMsgAcq
10-26 00:38:48.788   906   953 I RSMC-context: rsmc-process: SysStatus report! status = 7, cause = 0! FUNC:NotifySmcSysStatusCb
10-26 00:38:48.788   906   953 D RSMC-msg-native: send data to framework
10-26 00:38:48.789 13013 13013 I RSMC-SERVICE-NativeAdaptor: handleRecvMsg msg len:8, type:1
10-26 00:38:48.789 13013 13013 I RSMC-SERVICE-NativeAdaptor: recvMsg processCb type: 1
10-26 00:38:48.789 13013 13013 I RSMC-SERVICE-Service: notifySysStatus: STOP_CAP_SUCC,-2,11
10-26 00:38:48.789 13013 13013 I RSMC-SERVICE-Service: rsmc-process: smc service set acq status: 1,11,11,0,-2,true,-1,false
10-26 00:38:48.790 13013 13013 I RSMC-SERVICE-NativeAdaptor: in SetAcqEnable status:1,prn:11
10-26 00:38:48.790 13013 13013 I RSMC-SERVICE-NativeAdaptor: sendMsg enter
10-26 00:38:48.790   906   953 D RSMC-msg-native: send to framework msg succ
10-26 00:38:48.790   906   953 I RSMC-CtrlMsg: rsmc-process: status from 1 to 1!
10-26 00:38:48.790   906   953 D RSMC-MAINLOOP: main poll next wait 4869 ms
10-26 00:38:48.790  1853  2099 I HwSmcManager: setRsmcMsgToFwk intent type: 0
10-26 00:38:48.791 13013 13013 I RSMC-SERVICE-NativeAdaptor: sendMsg msg send succ, type: 0
10-26 00:38:48.791   906   949 I RSMC-msg-native: rsmc-process: process hidl msg, msgLen is 20, Func:NativeRecvHidlData
10-26 00:38:48.792   906   953 D RSMC-MAINLOOP: process cb idx:0,cb:0x7831d24cf4,fd:6
10-26 00:38:48.792   906   953 D RSMC-msg-native: ProcessFrkMsg enter, type:12
10-26 00:38:48.792   906   953 I RSMC-CtrlMsg: rsmc-process: SetSmoothCnt is 255!
10-26 00:38:48.792   906   953 I RSMC-CtrlMsg: rsmc-process:  InitMeasReportCnt!
10-26 00:38:48.792   906   953 I RSMC-ATCMD: CmdSend: fid(95) $SMACQ,1,11,0
10-26 00:38:48.792   906   953 I RSMC-ATCMD: rsmc-process: S-M-A-C-Q,1,11,0! Func:BdSmcAcq
10-26 00:38:48.792   906   953 D RSMC-MAINLOOP: main poll next wait 4867 ms
10-26 00:38:48.793   906 24207 D RSMC-PHY-CMD: CmdReadProcess: PHY_DATA >> len 15 cmd $SMACQ,1,11,0
10-26 00:38:48.793   906 24207 D RSMC-110X-PHY: RsmcAcq: enable=1,prn=11,crazy=0
10-26 00:38:48.793   906 24207 I RSMC-110X-PHY: PhyProcess: msg type = 401, status=2
10-26 00:38:48.793   906 24207 I RSMC-PHY-ACQ: StartAcqTimer: 1000
10-26 00:38:48.793   906 24207 I RSMC-PHY-ACQ: StopAcqTimer
10-26 00:38:48.793   906 24207 I RSMC-PHY-110X-CHANNEL-MANAGER: BeamGetTimeOffset: prn=11,timeoffset=26016.000000
10-26 00:38:48.793   906 24207 D RSMC-110XPHY-ADAPTOR: SendAcqCmd
10-26 00:38:48.793   906 24207 I RSMC-110XPHY-ADAPTOR: 110X_DATA >> $SMRACQ=1,11,18F0,E7,26016000,0,1,0,500
10-26 00:38:48.793   906 24207 I RSMC-PHY-ACQ: StartRdrTimer: 8000
10-26 00:38:48.794   906 24207 I RSMC-PHY-ACQ: StopRdrTimer
10-26 00:38:48.796   906 24206 I RSMC-110XPHY-ADAPTOR: 110X_DATA << $SMRACQ,0,1,11,0
10-26 00:38:48.797   906 24206 I RSMC-PHY-ACQ: UnsolidAcqProc: 1
10-26 00:38:48.797   906 24206 I RSMC-PHY-ACQ: StopAcqTimer
10-26 00:38:48.797   906 24206 I RSMC-PHY-CMD: UnsoliRsmcAcq:enter 1
10-26 00:38:48.797   906 24206 D RSMC-PHY-CMD: PHY_DATA << $SMACQ,OK
10-26 00:38:48.797   906   953 D RSMC-MAINLOOP: process cb idx:1,cb:0x7831d21f28,fd:78
10-26 00:38:48.797   906   953 I RSMC-ATCMD: rsmc-process: S-M-A-C-Q OK! Func:UnsoliBdSmcMsgAcq
10-26 00:38:48.797   906   953 D RSMC-MAINLOOP: main poll next wait 4862 ms
10-26 00:38:49.142 13013 24242 I RSMC-SERVICE-SatAliMgr: bundle:Bundle[{targetPitch=30.775606537745922, mobilePitch=40.2, mobileAzimuth=224.1, trueNorthAzimuth=269.1, cnr=0, pitchAngleDelta=-9, eventValue0=0.5490580201148987, eventValue1=0.43393298983573914, eventValue2=0.5648130178451538, eventValue3=0.4372900128364563, azimuthDelta=-1, targetAzimuth=222.23404972866706, sateIdx=60, trueNorthPitch=-80.1613}]
10-26 00:38:49.142 13013 24242 I RSMC-SERVICE-SatAliMgr: in checkDeltaAngle to start acq
10-26 00:38:49.142 13013 24242 I RSMC-SERVICE-SatAliMgr: handleSafeMode mCurrentAcqRes = 0, true
10-26 00:38:49.142 13013 24242 I RSMC-SERVICE-SatAliMgr: stopTimer
10-26 00:38:49.142 13013 24242 I RSMC-SERVICE-SatAliMgr: startAcqCycle:false,true,0
10-26 00:38:49.142 13013 13013 I RSMC-SERVICE-Service: rsmc-process: whether is mail query services status:4type:3
10-26 00:38:49.142 13013 24242 I RSMC-SERVICE-Service: rsmc-process: smc service set acq status: 1,11,11,0,0,true,-1,false
10-26 00:38:49.143 13013 24242 I RSMC-SERVICE-NativeAdaptor: in SetAcqEnable status:0,prn:11
10-26 00:38:49.143 13013 13013 I RSMC-SERVICE-NativeAdaptor: sendMsg enter
10-26 00:38:49.143  1853 17247 I HwSmcManager: setRsmcMsgToFwk intent type: 0
10-26 00:38:49.143 13013 13013 I RSMC-SERVICE-NativeAdaptor: sendMsg msg send succ, type: 0
10-26 00:38:49.144   906   949 I RSMC-msg-native: rsmc-process: process hidl msg, msgLen is 20, Func:NativeRecvHidlData
10-26 00:38:49.144   906   953 D RSMC-MAINLOOP: process cb idx:0,cb:0x7831d24cf4,fd:6
10-26 00:38:49.144   906   953 D RSMC-msg-native: ProcessFrkMsg enter, type:12
10-26 00:38:49.144   906   953 I RSMC-CtrlMsg: rsmc-process: SetSmoothCnt is 255!
10-26 00:38:49.144   906   953 I RSMC-CtrlMsg: rsmc-process:  InitMeasReportCnt!
10-26 00:38:49.144   906   953 I RSMC-ATCMD: CmdSend: fid(95) $SMACQ,0,11,0
10-26 00:38:49.145   906   953 I RSMC-ATCMD: rsmc-process: S-M-A-C-Q,0,11,0! Func:BdSmcAcq
10-26 00:38:49.145   906   953 D RSMC-MAINLOOP: main poll next wait 4514 ms
10-26 00:38:49.145   906 24207 D RSMC-PHY-CMD: CmdReadProcess: PHY_DATA >> len 15 cmd $SMACQ,0,11,0
10-26 00:38:49.145   906 24207 D RSMC-110X-PHY: RsmcAcq: enable=0,prn=11,crazy=0
10-26 00:38:49.145   906 24207 I RSMC-110X-PHY: PhyProcess: msg type = 405, status=2
10-26 00:38:49.145   906 24207 I RSMC-PHY-ACQ: RdssAcqStopReqEventProc: enter
10-26 00:38:49.145   906 24207 I RSMC-PHY-ACQ: StopRdrTimer
10-26 00:38:49.145 13013 24201 I RSMC-SERVICE-Service: handleSysStatusToApk Bundle[{status=4, cause=7}]
10-26 00:38:49.145   906 24207 D RSMC-110XPHY-ADAPTOR: SendAcqCmd
10-26 00:38:49.145   906 24207 I RSMC-110XPHY-ADAPTOR: 110X_DATA >> $SMRACQ=0
10-26 00:38:49.145   906 24207 I RSMC-110X-PHY: PHY_STATE: 2 -> 2
10-26 00:38:49.147   906 24206 I RSMC-110XPHY-ADAPTOR: 110X_DATA << $SMRACQ,0,0,0,0
10-26 00:38:49.147   906 24206 I RSMC-PHY-ACQ: UnsolidAcqProc: 1
10-26 00:38:49.147   906 24206 I RSMC-PHY-ACQ: StopAcqTimer
10-26 00:38:49.147   906 24206 I RSMC-PHY-CMD: UnsoliRsmcAcq:enter 1
10-26 00:38:49.147   906 24206 D RSMC-PHY-CMD: PHY_DATA << $SMACQ,OK
10-26 00:38:49.147   906   953 D RSMC-MAINLOOP: process cb idx:1,cb:0x7831d21f28,fd:78
10-26 00:38:49.147   906   953 I RSMC-ATCMD: rsmc-process: S-M-A-C-Q OK! Func:UnsoliBdSmcMsgAcq
10-26 00:38:49.147   906   953 I RSMC-context: rsmc-process: SysStatus report! status = 7, cause = 0! FUNC:NotifySmcSysStatusCb
10-26 00:38:49.147   906   953 D RSMC-msg-native: send data to framework
10-26 00:38:49.148   906   953 D RSMC-msg-native: send to framework msg succ
10-26 00:38:49.148   906   953 I RSMC-CtrlMsg: rsmc-process: status from 1 to 1!
10-26 00:38:49.148   906   953 D RSMC-MAINLOOP: main poll next wait 4510 ms
10-26 00:38:49.149 13013 13013 I RSMC-SERVICE-NativeAdaptor: handleRecvMsg msg len:8, type:1
10-26 00:38:49.149 13013 13013 I RSMC-SERVICE-NativeAdaptor: recvMsg processCb type: 1
10-26 00:38:49.149 13013 13013 I RSMC-SERVICE-Service: notifySysStatus: STOP_CAP_SUCC,-2,11
10-26 00:38:49.149 13013 13013 I RSMC-SERVICE-Service: rsmc-process: smc service set acq status: 1,11,11,0,-2,true,-1,false
10-26 00:38:49.149 13013 13013 I RSMC-SERVICE-NativeAdaptor: in SetAcqEnable status:1,prn:11
10-26 00:38:49.149 13013 13013 I RSMC-SERVICE-NativeAdaptor: sendMsg enter
10-26 00:38:49.149  1853 17247 I HwSmcManager: setRsmcMsgToFwk intent type: 0
10-26 00:38:49.150 13013 13013 I RSMC-SERVICE-NativeAdaptor: sendMsg msg send succ, type: 0
10-26 00:38:49.150   906   949 I RSMC-msg-native: rsmc-process: process hidl msg, msgLen is 20, Func:NativeRecvHidlData
10-26 00:38:49.150   906   953 D RSMC-MAINLOOP: process cb idx:0,cb:0x7831d24cf4,fd:6
10-26 00:38:49.150   906   953 D RSMC-msg-native: ProcessFrkMsg enter, type:12
10-26 00:38:49.150   906   953 I RSMC-CtrlMsg: rsmc-process: SetSmoothCnt is 255!
10-26 00:38:49.150   906   953 I RSMC-CtrlMsg: rsmc-process:  InitMeasReportCnt!
10-26 00:38:49.150   906   953 I RSMC-ATCMD: CmdSend: fid(95) $SMACQ,1,11,0
10-26 00:38:49.150   906   953 I RSMC-ATCMD: rsmc-process: S-M-A-C-Q,1,11,0! Func:BdSmcAcq
10-26 00:38:49.150   906   953 D RSMC-MAINLOOP: main poll next wait 4508 ms
10-26 00:38:49.150   906 24207 D RSMC-PHY-CMD: CmdReadProcess: PHY_DATA >> len 15 cmd $SMACQ,1,11,0
10-26 00:38:49.151   906 24207 D RSMC-110X-PHY: RsmcAcq: enable=1,prn=11,crazy=0
10-26 00:38:49.151   906 24207 I RSMC-110X-PHY: PhyProcess: msg type = 401, status=2
10-26 00:38:49.151   906 24207 I RSMC-PHY-ACQ: StartAcqTimer: 1000
10-26 00:38:49.151   906 24207 I RSMC-PHY-ACQ: StopAcqTimer
10-26 00:38:49.151   906 24207 I RSMC-PHY-110X-CHANNEL-MANAGER: BeamGetTimeOffset: prn=11,timeoffset=26016.000000
10-26 00:38:49.151   906 24207 D RSMC-110XPHY-ADAPTOR: SendAcqCmd
10-26 00:38:49.151   906 24207 I RSMC-110XPHY-ADAPTOR: 110X_DATA >> $SMRACQ=1,11,18F0,E7,26016000,0,1,0,500
10-26 00:38:49.151   906 24207 I RSMC-PHY-ACQ: StartRdrTimer: 8000
10-26 00:38:49.151   906 24207 I RSMC-PHY-ACQ: StopRdrTimer
10-26 00:38:49.152   906 24206 I RSMC-110XPHY-ADAPTOR: 110X_DATA << $SMRACQ,0,1,11,0
10-26 00:38:49.152   906 24206 I RSMC-PHY-ACQ: UnsolidAcqProc: 1
10-26 00:38:49.152   906 24206 I RSMC-PHY-ACQ: StopAcqTimer
10-26 00:38:49.152   906 24206 I RSMC-PHY-CMD: UnsoliRsmcAcq:enter 1
10-26 00:38:49.152   906 24206 D RSMC-PHY-CMD: PHY_DATA << $SMACQ,OK
10-26 00:38:49.153   906   953 D RSMC-MAINLOOP: process cb idx:1,cb:0x7831d21f28,fd:78
10-26 00:38:49.153   906   953 I RSMC-ATCMD: rsmc-process: S-M-A-C-Q OK! Func:UnsoliBdSmcMsgAcq
10-26 00:38:49.153   906   953 D RSMC-MAINLOOP: main poll next wait 4506 ms
10-26 00:38:49.456  2240  2240 W HIGNSS  : PE_RSMC:[CalCurAveClkDrift]curClkDriftCnt: 0
10-26 00:38:49.467   906 24206 I RSMC-110XPHY-ADAPTOR: 110X_DATA << $SMRFER,22,-243,40,991
10-26 00:38:49.467   906 24206 I RSMC-110XPHY-ADAPTOR: 110X_DATA << $SMRINT,60
10-26 00:38:50.198 13013 24242 I RSMC-SERVICE-SatAliMgr: bundle:Bundle[{targetPitch=30.775606537745922, mobilePitch=35.9, mobileAzimuth=223.7, trueNorthAzimuth=268.7, cnr=0, pitchAngleDelta=-5, eventValue0=0.550940990447998, eventValue1=0.4379979968070984, eventValue2=0.5651429891586304, eventValue3=0.4303880035877228, azimuthDelta=-1, targetAzimuth=222.23404972866706, sateIdx=60, trueNorthPitch=-75.8863}]
10-26 00:38:50.199   906 24206 I RSMC-110XPHY-ADAPTOR: 110X_DATA << $SMRRDR,1,11,15
10-26 00:38:50.199   906 24206 I RSMC-PHY-ACQ: StopRdrTimer
10-26 00:38:50.199   906 24206 I RSMC-PHY-ACQ: RdssAcqRdrHandle: rst:1
10-26 00:38:50.199   906 24206 E RSMC-PHY-ACQ: RdssAcqRdrHandle: rst err!
10-26 00:38:50.199   906 24206 D RSMC-PHY-CMD: PHY_DATA << $SMSTA,6,0
10-26 00:38:50.200   906 24206 I RSMC-110X-PHY: PHY_STATE: 2 -> 2
10-26 00:38:50.200   906   953 D RSMC-MAINLOOP: process cb idx:1,cb:0x7831d21f28,fd:78
10-26 00:38:50.200   906   953 I RSMC-ATCMD: UnsoliBdSmcMsgPhyStatusRpt:staus=6,cause=0
10-26 00:38:50.200   906   953 I RSMC-CtrlMsg: rsmc-process: phy status is 6! Func:BdspPhyStatusRptProcess
10-26 00:38:50.200   906   953 I RSMC-CtrlMsg: BdspGetTxToRxPolicy: txToRxPolicy = 2
10-26 00:38:50.200   906   953 I RSMC-context: rsmc-process: SysStatus report! status = 2, cause = 0! FUNC:NotifySmcSysStatusCb
10-26 00:38:50.200   906   953 D RSMC-msg-native: send data to framework
10-26 00:38:50.201 13013 13013 I RSMC-SERVICE-NativeAdaptor: handleRecvMsg msg len:8, type:1
10-26 00:38:50.201 13013 13013 I RSMC-SERVICE-NativeAdaptor: recvMsg processCb type: 1
10-26 00:38:50.201   906   953 D RSMC-msg-native: send to framework msg succ
10-26 00:38:50.201 13013 13013 I RSMC-SERVICE-Service: notifySysStatus CAP_FAIL_STATUS 0,true
10-26 00:38:50.201   906   953 I RSMC-CtrlMsg: rsmc-process: status from 1 to 1!
10-26 00:38:50.201 13013 13013 I RSMC-SERVICE-SatAliMgr: in notifyAcqStatus 0
10-26 00:38:50.201   906   953 D RSMC-MAINLOOP: main poll next wait 3458 ms
10-26 00:38:50.201 13013 13013 I RSMC-SERVICE-SatAliMgr: handleAcqFail:false,true,0,false
10-26 00:38:50.201 13013 13013 I RSMC-SERVICE-SatAliMgr: handle110XAcqFail: isSafeMode=true, isFirstSatAcq=false, m110xAcqTimeOut=0
10-26 00:38:50.201 13013 13013 I RSMC-SERVICE-SatAliMgr: handle110XAcqFail4Rev: isSafeMode=true, isFirstSatAcq=false, m110xAcqTimeOut=0
10-26 00:38:50.201 13013 13013 I RSMC-SERVICE-SatAliMgr: handle110XAcqFail4Rev: getCurrentAcqPrn=11
10-26 00:38:50.201 13013 13013 I RSMC-SERVICE-Service: rsmc-process: smc service set acq status: 1,11,11,0,0,true,-1,false
10-26 00:38:50.201 13013 13013 I RSMC-SERVICE-NativeAdaptor: in SetAcqEnable status:0,prn:11
10-26 00:38:50.201 13013 13013 I RSMC-SERVICE-NativeAdaptor: sendMsg enter
10-26 00:38:50.201  1853 17247 I HwSmcManager: setRsmcMsgToFwk intent type: 0
10-26 00:38:50.202 13013 13013 I RSMC-SERVICE-NativeAdaptor: sendMsg msg send succ, type: 0
10-26 00:38:50.202   906   949 I RSMC-msg-native: rsmc-process: process hidl msg, msgLen is 20, Func:NativeRecvHidlData
10-26 00:38:50.202   906   953 D RSMC-MAINLOOP: process cb idx:0,cb:0x7831d24cf4,fd:6
10-26 00:38:50.202   906   953 D RSMC-msg-native: ProcessFrkMsg enter, type:12
10-26 00:38:50.202   906   953 I RSMC-CtrlMsg: rsmc-process: SetSmoothCnt is 255!
10-26 00:38:50.202   906   953 I RSMC-CtrlMsg: rsmc-process:  InitMeasReportCnt!
10-26 00:38:50.202   906   953 I RSMC-ATCMD: CmdSend: fid(95) $SMACQ,0,11,0
10-26 00:38:50.202   906   953 I RSMC-ATCMD: rsmc-process: S-M-A-C-Q,0,11,0! Func:BdSmcAcq
10-26 00:38:50.202   906   953 D RSMC-MAINLOOP: main poll next wait 3456 ms
10-26 00:38:50.202   906 24207 D RSMC-PHY-CMD: CmdReadProcess: PHY_DATA >> len 15 cmd $SMACQ,0,11,0
10-26 00:38:50.202   906 24207 D RSMC-110X-PHY: RsmcAcq: enable=0,prn=11,crazy=0
10-26 00:38:50.202   906 24207 I RSMC-110X-PHY: PhyProcess: msg type = 405, status=2
10-26 00:38:50.202   906 24207 I RSMC-PHY-ACQ: RdssAcqStopReqEventProc: enter
10-26 00:38:50.202   906 24207 I RSMC-PHY-ACQ: StopRdrTimer
10-26 00:38:50.202   906 24207 D RSMC-110XPHY-ADAPTOR: SendAcqCmd
10-26 00:38:50.202   906 24207 I RSMC-110XPHY-ADAPTOR: 110X_DATA >> $SMRACQ=0
10-26 00:38:50.202   906 24207 I RSMC-110X-PHY: PHY_STATE: 2 -> 2
10-26 00:38:50.204   906 24206 I RSMC-110XPHY-ADAPTOR: 110X_DATA << $SMRACQ,0,0,0,0
10-26 00:38:50.204   906 24206 I RSMC-PHY-ACQ: UnsolidAcqProc: 1
10-26 00:38:50.204   906 24206 I RSMC-PHY-ACQ: StopAcqTimer
10-26 00:38:50.204   906 24206 I RSMC-PHY-CMD: UnsoliRsmcAcq:enter 1
10-26 00:38:50.204   906 24206 D RSMC-PHY-CMD: PHY_DATA << $SMACQ,OK
10-26 00:38:50.204   906   953 D RSMC-MAINLOOP: process cb idx:1,cb:0x7831d21f28,fd:78
10-26 00:38:50.204   906   953 I RSMC-ATCMD: rsmc-process: S-M-A-C-Q OK! Func:UnsoliBdSmcMsgAcq
10-26 00:38:50.204   906   953 I RSMC-context: rsmc-process: SysStatus report! status = 7, cause = 0! FUNC:NotifySmcSysStatusCb
10-26 00:38:50.204   906   953 D RSMC-msg-native: send data to framework
10-26 00:38:50.205 13013 13013 I RSMC-SERVICE-NativeAdaptor: handleRecvMsg msg len:8, type:1
10-26 00:38:50.205 13013 13013 I RSMC-SERVICE-NativeAdaptor: recvMsg processCb type: 1
10-26 00:38:50.205   906   953 D RSMC-msg-native: send to framework msg succ
10-26 00:38:50.205   906   953 I RSMC-CtrlMsg: rsmc-process: status from 1 to 1!
10-26 00:38:50.205   906   953 D RSMC-MAINLOOP: main poll next wait 3453 ms
10-26 00:38:50.205 13013 13013 I RSMC-SERVICE-Service: notifySysStatus: STOP_CAP_SUCC,-2,11
10-26 00:38:50.205 13013 13013 I RSMC-SERVICE-Service: rsmc-process: smc service set acq status: 1,11,11,0,-2,true,-1,false
10-26 00:38:50.205 13013 13013 I RSMC-SERVICE-NativeAdaptor: in SetAcqEnable status:1,prn:11
10-26 00:38:50.205 13013 13013 I RSMC-SERVICE-NativeAdaptor: sendMsg enter
10-26 00:38:50.205  1853 17247 I HwSmcManager: setRsmcMsgToFwk intent type: 0
10-26 00:38:50.205 13013 13013 I RSMC-SERVICE-NativeAdaptor: sendMsg msg send succ, type: 0
10-26 00:38:50.206   906   949 I RSMC-msg-native: rsmc-process: process hidl msg, msgLen is 20, Func:NativeRecvHidlData
10-26 00:38:50.206   906   953 D RSMC-MAINLOOP: process cb idx:0,cb:0x7831d24cf4,fd:6
10-26 00:38:50.206   906   953 D RSMC-msg-native: ProcessFrkMsg enter, type:12
10-26 00:38:50.206   906   953 I RSMC-CtrlMsg: rsmc-process: SetSmoothCnt is 255!
10-26 00:38:50.206   906   953 I RSMC-CtrlMsg: rsmc-process:  InitMeasReportCnt!
10-26 00:38:50.206   906   953 I RSMC-ATCMD: CmdSend: fid(95) $SMACQ,1,11,0
10-26 00:38:50.206   906   953 I RSMC-ATCMD: rsmc-process: S-M-A-C-Q,1,11,0! Func:BdSmcAcq
10-26 00:38:50.206   906   953 D RSMC-MAINLOOP: main poll next wait 3452 ms
10-26 00:38:50.206   906 24207 D RSMC-PHY-CMD: CmdReadProcess: PHY_DATA >> len 15 cmd $SMACQ,1,11,0
10-26 00:38:50.206   906 24207 D RSMC-110X-PHY: RsmcAcq: enable=1,prn=11,crazy=0
10-26 00:38:50.206   906 24207 I RSMC-110X-PHY: PhyProcess: msg type = 401, status=2
10-26 00:38:50.206   906 24207 I RSMC-PHY-ACQ: StartAcqTimer: 1000
10-26 00:38:50.206   906 24207 I RSMC-PHY-ACQ: StopAcqTimer
10-26 00:38:50.206   906 24207 I RSMC-PHY-110X-CHANNEL-MANAGER: BeamGetTimeOffset: prn=11,timeoffset=26016.000000
10-26 00:38:50.206   906 24207 D RSMC-110XPHY-ADAPTOR: SendAcqCmd
10-26 00:38:50.206   906 24207 I RSMC-110XPHY-ADAPTOR: 110X_DATA >> $SMRACQ=1,11,18F0,E7,26016000,0,1,0,500
10-26 00:38:50.206   906 24207 I RSMC-PHY-ACQ: StartRdrTimer: 8000
10-26 00:38:50.206   906 24207 I RSMC-PHY-ACQ: StopRdrTimer
10-26 00:38:50.208   906 24206 I RSMC-110XPHY-ADAPTOR: 110X_DATA << $SMRACQ,0,1,11,0
10-26 00:38:50.208   906 24206 I RSMC-PHY-ACQ: UnsolidAcqProc: 1
10-26 00:38:50.208   906 24206 I RSMC-PHY-ACQ: StopAcqTimer
10-26 00:38:50.208   906 24206 I RSMC-PHY-CMD: UnsoliRsmcAcq:enter 1
10-26 00:38:50.208   906 24206 D RSMC-PHY-CMD: PHY_DATA << $SMACQ,OK
10-26 00:38:50.208   906   953 D RSMC-MAINLOOP: process cb idx:1,cb:0x7831d21f28,fd:78
10-26 00:38:50.208   906   953 I RSMC-ATCMD: rsmc-process: S-M-A-C-Q OK! Func:UnsoliBdSmcMsgAcq
10-26 00:38:50.208   906   953 D RSMC-MAINLOOP: main poll next wait 3450 ms
10-26 00:38:50.456  2240  2240 W HIGNSS  : PE_RSMC:[CalCurAveClkDrift]curClkDriftCnt: 0
10-26 00:38:50.463   906 24206 I RSMC-110XPHY-ADAPTOR: 110X_DATA << $SMRFER,22,-243,40,991
10-26 00:38:50.463   906 24206 I RSMC-110XPHY-ADAPTOR: 110X_DATA << $SMRINT,77
10-26 00:38:51.255   906 24206 I RSMC-110XPHY-ADAPTOR: 110X_DATA << $SMRRDR,1,11,15
10-26 00:38:51.256   906 24206 I RSMC-PHY-ACQ: StopRdrTimer
10-26 00:38:51.256   906 24206 I RSMC-PHY-ACQ: RdssAcqRdrHandle: rst:1
10-26 00:38:51.256   906 24206 E RSMC-PHY-ACQ: RdssAcqRdrHandle: rst err!
10-26 00:38:51.256   906 24206 D RSMC-PHY-CMD: PHY_DATA << $SMSTA,6,0
10-26 00:38:51.257   906 24206 I RSMC-110X-PHY: PHY_STATE: 2 -> 2
10-26 00:38:51.257   906   953 D RSMC-MAINLOOP: process cb idx:1,cb:0x7831d21f28,fd:78
10-26 00:38:51.257   906   953 I RSMC-ATCMD: UnsoliBdSmcMsgPhyStatusRpt:staus=6,cause=0
10-26 00:38:51.257   906   953 I RSMC-CtrlMsg: rsmc-process: phy status is 6! Func:BdspPhyStatusRptProcess
10-26 00:38:51.257   906   953 I RSMC-CtrlMsg: BdspGetTxToRxPolicy: txToRxPolicy = 2
10-26 00:38:51.257   906   953 I RSMC-context: rsmc-process: SysStatus report! status = 2, cause = 0! FUNC:NotifySmcSysStatusCb
10-26 00:38:51.257   906   953 D RSMC-msg-native: send data to framework
10-26 00:38:51.259 13013 13013 I RSMC-SERVICE-NativeAdaptor: handleRecvMsg msg len:8, type:1
10-26 00:38:51.259 13013 13013 I RSMC-SERVICE-NativeAdaptor: recvMsg processCb type: 1
10-26 00:38:51.260   906   953 D RSMC-msg-native: send to framework msg succ
10-26 00:38:51.260 13013 13013 I RSMC-SERVICE-Service: notifySysStatus CAP_FAIL_STATUS 0,true
10-26 00:38:51.260   906   953 I RSMC-CtrlMsg: rsmc-process: status from 1 to 1!
10-26 00:38:51.260 13013 13013 I RSMC-SERVICE-SatAliMgr: in notifyAcqStatus 0
10-26 00:38:51.260   906   953 D RSMC-MAINLOOP: main poll next wait 2399 ms
10-26 00:38:51.260 13013 13013 I RSMC-SERVICE-SatAliMgr: handleAcqFail:false,true,0,false
10-26 00:38:51.260 13013 13013 I RSMC-SERVICE-SatAliMgr: handle110XAcqFail: isSafeMode=true, isFirstSatAcq=false, m110xAcqTimeOut=0
10-26 00:38:51.260 13013 13013 I RSMC-SERVICE-SatAliMgr: handle110XAcqFail4Rev: isSafeMode=true, isFirstSatAcq=false, m110xAcqTimeOut=0
10-26 00:38:51.260 13013 13013 I RSMC-SERVICE-SatAliMgr: handle110XAcqFail4Rev: getCurrentAcqPrn=11
10-26 00:38:51.260 13013 13013 I RSMC-SERVICE-Service: rsmc-process: smc service set acq status: 1,11,11,0,0,true,-1,false
10-26 00:38:51.260 13013 13013 I RSMC-SERVICE-NativeAdaptor: in SetAcqEnable status:0,prn:11
10-26 00:38:51.260 13013 13013 I RSMC-SERVICE-NativeAdaptor: sendMsg enter
10-26 00:38:51.262  1853  2099 I HwSmcManager: setRsmcMsgToFwk intent type: 0
10-26 00:38:51.262 13013 13013 I RSMC-SERVICE-NativeAdaptor: sendMsg msg send succ, type: 0
10-26 00:38:51.263   906   949 I RSMC-msg-native: rsmc-process: process hidl msg, msgLen is 20, Func:NativeRecvHidlData
10-26 00:38:51.263   906   953 D RSMC-MAINLOOP: process cb idx:0,cb:0x7831d24cf4,fd:6
10-26 00:38:51.263   906   953 D RSMC-msg-native: ProcessFrkMsg enter, type:12
10-26 00:38:51.264   906   953 I RSMC-CtrlMsg: rsmc-process: SetSmoothCnt is 255!
10-26 00:38:51.264   906   953 I RSMC-CtrlMsg: rsmc-process:  InitMeasReportCnt!
10-26 00:38:51.264   906   953 I RSMC-ATCMD: CmdSend: fid(95) $SMACQ,0,11,0
10-26 00:38:51.264   906   953 I RSMC-ATCMD: rsmc-process: S-M-A-C-Q,0,11,0! Func:BdSmcAcq
10-26 00:38:51.264   906   953 D RSMC-MAINLOOP: main poll next wait 2395 ms
10-26 00:38:51.264   906 24207 D RSMC-PHY-CMD: CmdReadProcess: PHY_DATA >> len 15 cmd $SMACQ,0,11,0
10-26 00:38:51.264   906 24207 D RSMC-110X-PHY: RsmcAcq: enable=0,prn=11,crazy=0
10-26 00:38:51.264   906 24207 I RSMC-110X-PHY: PhyProcess: msg type = 405, status=2
10-26 00:38:51.264   906 24207 I RSMC-PHY-ACQ: RdssAcqStopReqEventProc: enter
10-26 00:38:51.264   906 24207 I RSMC-PHY-ACQ: StopRdrTimer
10-26 00:38:51.264   906 24207 D RSMC-110XPHY-ADAPTOR: SendAcqCmd
10-26 00:38:51.264   906 24207 I RSMC-110XPHY-ADAPTOR: 110X_DATA >> $SMRACQ=0
10-26 00:38:51.264   906 24207 I RSMC-110X-PHY: PHY_STATE: 2 -> 2
10-26 00:38:51.265 13013 24242 I RSMC-SERVICE-SatAliMgr: bundle:Bundle[{targetPitch=30.775606537745922, mobilePitch=37.0, mobileAzimuth=223.5, trueNorthAzimuth=268.5, cnr=0, pitchAngleDelta=-6, eventValue0=0.5527290105819702, eventValue1=0.43963998556137085, eventValue2=0.5650380253791809, eventValue3=0.4265410006046295, azimuthDelta=-1, targetAzimuth=222.23404972866706, sateIdx=60, trueNorthPitch=-77.04671}]
10-26 00:38:51.268   906 24206 I RSMC-110XPHY-ADAPTOR: 110X_DATA << $SMRACQ,0,0,0,0
10-26 00:38:51.269   906 24206 I RSMC-PHY-ACQ: UnsolidAcqProc: 1
10-26 00:38:51.269   906 24206 I RSMC-PHY-ACQ: StopAcqTimer
10-26 00:38:51.269   906 24206 I RSMC-PHY-CMD: UnsoliRsmcAcq:enter 1
10-26 00:38:51.269   906 24206 D RSMC-PHY-CMD: PHY_DATA << $SMACQ,OK
10-26 00:38:51.269   906   953 D RSMC-MAINLOOP: process cb idx:1,cb:0x7831d21f28,fd:78
10-26 00:38:51.269   906   953 I RSMC-ATCMD: rsmc-process: S-M-A-C-Q OK! Func:UnsoliBdSmcMsgAcq
10-26 00:38:51.269   906   953 I RSMC-context: rsmc-process: SysStatus report! status = 7, cause = 0! FUNC:NotifySmcSysStatusCb
10-26 00:38:51.269   906   953 D RSMC-msg-native: send data to framework
10-26 00:38:51.271 13013 13013 I RSMC-SERVICE-NativeAdaptor: handleRecvMsg msg len:8, type:1
10-26 00:38:51.272 13013 13013 I RSMC-SERVICE-NativeAdaptor: recvMsg processCb type: 1
10-26 00:38:51.272 13013 13013 I RSMC-SERVICE-Service: notifySysStatus: STOP_CAP_SUCC,-2,11
10-26 00:38:51.272 13013 13013 I RSMC-SERVICE-Service: rsmc-process: smc service set acq status: 1,11,11,0,-2,true,-1,false
10-26 00:38:51.272 13013 13013 I RSMC-SERVICE-NativeAdaptor: in SetAcqEnable status:1,prn:11
10-26 00:38:51.272 13013 13013 I RSMC-SERVICE-NativeAdaptor: sendMsg enter
10-26 00:38:51.273   906   953 D RSMC-msg-native: send to framework msg succ
10-26 00:38:51.273   906   953 I RSMC-CtrlMsg: rsmc-process: status from 1 to 1!
10-26 00:38:51.273   906   953 D RSMC-MAINLOOP: main poll next wait 2385 ms
10-26 00:38:51.275  1853 17247 I HwSmcManager: setRsmcMsgToFwk intent type: 0
10-26 00:38:51.275 13013 13013 I RSMC-SERVICE-NativeAdaptor: sendMsg msg send succ, type: 0
10-26 00:38:51.276   906   949 I RSMC-msg-native: rsmc-process: process hidl msg, msgLen is 20, Func:NativeRecvHidlData
10-26 00:38:51.276   906   953 D RSMC-MAINLOOP: process cb idx:0,cb:0x7831d24cf4,fd:6
10-26 00:38:51.277   906   953 D RSMC-msg-native: ProcessFrkMsg enter, type:12
10-26 00:38:51.277   906   953 I RSMC-CtrlMsg: rsmc-process: SetSmoothCnt is 255!
10-26 00:38:51.277   906   953 I RSMC-CtrlMsg: rsmc-process:  InitMeasReportCnt!
10-26 00:38:51.277   906   953 I RSMC-ATCMD: CmdSend: fid(95) $SMACQ,1,11,0
10-26 00:38:51.277   906   953 I RSMC-ATCMD: rsmc-process: S-M-A-C-Q,1,11,0! Func:BdSmcAcq
10-26 00:38:51.277   906   953 D RSMC-MAINLOOP: main poll next wait 2381 ms
10-26 00:38:51.277   906 24207 D RSMC-PHY-CMD: CmdReadProcess: PHY_DATA >> len 15 cmd $SMACQ,1,11,0
10-26 00:38:51.277   906 24207 D RSMC-110X-PHY: RsmcAcq: enable=1,prn=11,crazy=0
10-26 00:38:51.277   906 24207 I RSMC-110X-PHY: PhyProcess: msg type = 401, status=2
10-26 00:38:51.277   906 24207 I RSMC-PHY-ACQ: StartAcqTimer: 1000
10-26 00:38:51.278   906 24207 I RSMC-PHY-ACQ: StopAcqTimer
10-26 00:38:51.278   906 24207 I RSMC-PHY-110X-CHANNEL-MANAGER: BeamGetTimeOffset: prn=11,timeoffset=26016.000000
10-26 00:38:51.278   906 24207 D RSMC-110XPHY-ADAPTOR: SendAcqCmd
10-26 00:38:51.278   906 24207 I RSMC-110XPHY-ADAPTOR: 110X_DATA >> $SMRACQ=1,11,18F0,E7,26016000,0,1,0,500
10-26 00:38:51.278   906 24207 I RSMC-PHY-ACQ: StartRdrTimer: 8000
10-26 00:38:51.278   906 24207 I RSMC-PHY-ACQ: StopRdrTimer
10-26 00:38:51.281   906 24206 I RSMC-110XPHY-ADAPTOR: 110X_DATA << $SMRACQ,0,1,11,0
10-26 00:38:51.281   906 24206 I RSMC-PHY-ACQ: UnsolidAcqProc: 1
10-26 00:38:51.281   906 24206 I RSMC-PHY-ACQ: StopAcqTimer
10-26 00:38:51.281   906 24206 I RSMC-PHY-CMD: UnsoliRsmcAcq:enter 1
10-26 00:38:51.281   906 24206 D RSMC-PHY-CMD: PHY_DATA << $SMACQ,OK
10-26 00:38:51.281   906   953 D RSMC-MAINLOOP: process cb idx:1,cb:0x7831d21f28,fd:78
10-26 00:38:51.281   906   953 I RSMC-ATCMD: rsmc-process: S-M-A-C-Q OK! Func:UnsoliBdSmcMsgAcq
10-26 00:38:51.281   906   953 D RSMC-MAINLOOP: main poll next wait 2377 ms
10-26 00:38:51.456  2240  2240 W HIGNSS  : PE_RSMC:[CalCurAveClkDrift]curClkDriftCnt: 0
10-26 00:38:51.463   906 24206 I RSMC-110XPHY-ADAPTOR: 110X_DATA << $SMRFER,22,-243,40,991
10-26 00:38:51.466   906 24206 I RSMC-110XPHY-ADAPTOR: 110X_DATA << $SMRINT,58
10-26 00:38:52.310 13013 24242 I RSMC-SERVICE-SatAliMgr: bundle:Bundle[{targetPitch=30.775606537745922, mobilePitch=41.4, mobileAzimuth=223.3, trueNorthAzimuth=268.3, cnr=0, pitchAngleDelta=-10, eventValue0=0.5509529709815979, eventValue1=0.4415290057659149, eventValue2=0.5655109882354736, eventValue3=0.4262610077857971, azimuthDelta=-1, targetAzimuth=222.23404972866706, sateIdx=60, trueNorthPitch=-81.36653}]
10-26 00:38:52.327   906 24206 I RSMC-110XPHY-ADAPTOR: 110X_DATA << $SMRRDR,1,11,15
10-26 00:38:52.327   906 24206 I RSMC-PHY-ACQ: StopRdrTimer
10-26 00:38:52.327   906 24206 I RSMC-PHY-ACQ: RdssAcqRdrHandle: rst:1
10-26 00:38:52.327   906 24206 E RSMC-PHY-ACQ: RdssAcqRdrHandle: rst err!
10-26 00:38:52.327   906 24206 D RSMC-PHY-CMD: PHY_DATA << $SMSTA,6,0
10-26 00:38:52.327   906 24206 I RSMC-110X-PHY: PHY_STATE: 2 -> 2
10-26 00:38:52.327   906   953 D RSMC-MAINLOOP: process cb idx:1,cb:0x7831d21f28,fd:78
10-26 00:38:52.327   906   953 I RSMC-ATCMD: UnsoliBdSmcMsgPhyStatusRpt:staus=6,cause=0
10-26 00:38:52.327   906   953 I RSMC-CtrlMsg: rsmc-process: phy status is 6! Func:BdspPhyStatusRptProcess
10-26 00:38:52.327   906   953 I RSMC-CtrlMsg: BdspGetTxToRxPolicy: txToRxPolicy = 2
10-26 00:38:52.328   906   953 I RSMC-context: rsmc-process: SysStatus report! status = 2, cause = 0! FUNC:NotifySmcSysStatusCb
10-26 00:38:52.328   906   953 D RSMC-msg-native: send data to framework
10-26 00:38:52.328 13013 13013 I RSMC-SERVICE-NativeAdaptor: handleRecvMsg msg len:8, type:1
10-26 00:38:52.328   906   953 D RSMC-msg-native: send to framework msg succ
10-26 00:38:52.328   906   953 I RSMC-CtrlMsg: rsmc-process: status from 1 to 1!
10-26 00:38:52.329   906   953 D RSMC-MAINLOOP: main poll next wait 1330 ms
10-26 00:38:52.329 13013 13013 I RSMC-SERVICE-NativeAdaptor: recvMsg processCb type: 1
10-26 00:38:52.329 13013 13013 I RSMC-SERVICE-Service: notifySysStatus CAP_FAIL_STATUS 0,true
10-26 00:38:52.329 13013 13013 I RSMC-SERVICE-SatAliMgr: in notifyAcqStatus 0
10-26 00:38:52.329 13013 13013 I RSMC-SERVICE-SatAliMgr: handleAcqFail:false,true,0,false
10-26 00:38:52.329 13013 13013 I RSMC-SERVICE-SatAliMgr: handle110XAcqFail: isSafeMode=true, isFirstSatAcq=false, m110xAcqTimeOut=0
10-26 00:38:52.329 13013 13013 I RSMC-SERVICE-SatAliMgr: handle110XAcqFail4Rev: isSafeMode=true, isFirstSatAcq=false, m110xAcqTimeOut=0
10-26 00:38:52.329 13013 13013 I RSMC-SERVICE-SatAliMgr: handle110XAcqFail4Rev: getCurrentAcqPrn=11
10-26 00:38:52.329 13013 13013 I RSMC-SERVICE-Service: rsmc-process: smc service set acq status: 1,11,11,0,0,true,-1,false
10-26 00:38:52.329 13013 13013 I RSMC-SERVICE-NativeAdaptor: in SetAcqEnable status:0,prn:11
10-26 00:38:52.329 13013 13013 I RSMC-SERVICE-NativeAdaptor: sendMsg enter
10-26 00:38:52.330  1853 17247 I HwSmcManager: setRsmcMsgToFwk intent type: 0
10-26 00:38:52.330 13013 13013 I RSMC-SERVICE-NativeAdaptor: sendMsg msg send succ, type: 0
10-26 00:38:52.330   906   949 I RSMC-msg-native: rsmc-process: process hidl msg, msgLen is 20, Func:NativeRecvHidlData
10-26 00:38:52.330   906   953 D RSMC-MAINLOOP: process cb idx:0,cb:0x7831d24cf4,fd:6
10-26 00:38:52.330   906   953 D RSMC-msg-native: ProcessFrkMsg enter, type:12
10-26 00:38:52.330   906   953 I RSMC-CtrlMsg: rsmc-process: SetSmoothCnt is 255!
10-26 00:38:52.330   906   953 I RSMC-CtrlMsg: rsmc-process:  InitMeasReportCnt!
10-26 00:38:52.331   906   953 I RSMC-ATCMD: CmdSend: fid(95) $SMACQ,0,11,0
10-26 00:38:52.331   906   953 I RSMC-ATCMD: rsmc-process: S-M-A-C-Q,0,11,0! Func:BdSmcAcq
10-26 00:38:52.331   906   953 D RSMC-MAINLOOP: main poll next wait 1328 ms
10-26 00:38:52.331   906 24207 D RSMC-PHY-CMD: CmdReadProcess: PHY_DATA >> len 15 cmd $SMACQ,0,11,0
10-26 00:38:52.331   906 24207 D RSMC-110X-PHY: RsmcAcq: enable=0,prn=11,crazy=0
10-26 00:38:52.331   906 24207 I RSMC-110X-PHY: PhyProcess: msg type = 405, status=2
10-26 00:38:52.331   906 24207 I RSMC-PHY-ACQ: RdssAcqStopReqEventProc: enter
10-26 00:38:52.331   906 24207 I RSMC-PHY-ACQ: StopRdrTimer
10-26 00:38:52.331   906 24207 D RSMC-110XPHY-ADAPTOR: SendAcqCmd
10-26 00:38:52.331   906 24207 I RSMC-110XPHY-ADAPTOR: 110X_DATA >> $SMRACQ=0
10-26 00:38:52.331   906 24207 I RSMC-110X-PHY: PHY_STATE: 2 -> 2
10-26 00:38:52.332   906 24206 I RSMC-110XPHY-ADAPTOR: 110X_DATA << $SMRACQ,0,0,0,0
10-26 00:38:52.332   906 24206 I RSMC-PHY-ACQ: UnsolidAcqProc: 1
10-26 00:38:52.332   906 24206 I RSMC-PHY-ACQ: StopAcqTimer
10-26 00:38:52.332   906 24206 I RSMC-PHY-CMD: UnsoliRsmcAcq:enter 1
10-26 00:38:52.332   906 24206 D RSMC-PHY-CMD: PHY_DATA << $SMACQ,OK
10-26 00:38:52.332   906   953 D RSMC-MAINLOOP: process cb idx:1,cb:0x7831d21f28,fd:78
10-26 00:38:52.332   906   953 I RSMC-ATCMD: rsmc-process: S-M-A-C-Q OK! Func:UnsoliBdSmcMsgAcq
10-26 00:38:52.332   906   953 I RSMC-context: rsmc-process: SysStatus report! status = 7, cause = 0! FUNC:NotifySmcSysStatusCb
10-26 00:38:52.332   906   953 D RSMC-msg-native: send data to framework
10-26 00:38:52.333 13013 13013 I RSMC-SERVICE-NativeAdaptor: handleRecvMsg msg len:8, type:1
10-26 00:38:52.333 13013 13013 I RSMC-SERVICE-NativeAdaptor: recvMsg processCb type: 1
10-26 00:38:52.333   906   953 D RSMC-msg-native: send to framework msg succ
10-26 00:38:52.333 13013 13013 I RSMC-SERVICE-Service: notifySysStatus: STOP_CAP_SUCC,-2,11
10-26 00:38:52.333   906   953 I RSMC-CtrlMsg: rsmc-process: status from 1 to 1!
10-26 00:38:52.333   906   953 D RSMC-MAINLOOP: main poll next wait 1325 ms
10-26 00:38:52.333 13013 13013 I RSMC-SERVICE-Service: rsmc-process: smc service set acq status: 1,11,11,0,-2,true,-1,false
10-26 00:38:52.333 13013 13013 I RSMC-SERVICE-NativeAdaptor: in SetAcqEnable status:1,prn:11
10-26 00:38:52.333 13013 13013 I RSMC-SERVICE-NativeAdaptor: sendMsg enter
10-26 00:38:52.334  1853 17247 I HwSmcManager: setRsmcMsgToFwk intent type: 0
10-26 00:38:52.334 13013 13013 I RSMC-SERVICE-NativeAdaptor: sendMsg msg send succ, type: 0
10-26 00:38:52.334   906   949 I RSMC-msg-native: rsmc-process: process hidl msg, msgLen is 20, Func:NativeRecvHidlData
10-26 00:38:52.334   906   953 D RSMC-MAINLOOP: process cb idx:0,cb:0x7831d24cf4,fd:6
10-26 00:38:52.334   906   953 D RSMC-msg-native: ProcessFrkMsg enter, type:12
10-26 00:38:52.334   906   953 I RSMC-CtrlMsg: rsmc-process: SetSmoothCnt is 255!
10-26 00:38:52.334   906   953 I RSMC-CtrlMsg: rsmc-process:  InitMeasReportCnt!
10-26 00:38:52.334   906   953 I RSMC-ATCMD: CmdSend: fid(95) $SMACQ,1,11,0
10-26 00:38:52.334   906   953 I RSMC-ATCMD: rsmc-process: S-M-A-C-Q,1,11,0! Func:BdSmcAcq
10-26 00:38:52.334   906   953 D RSMC-MAINLOOP: main poll next wait 1324 ms
10-26 00:38:52.334   906 24207 D RSMC-PHY-CMD: CmdReadProcess: PHY_DATA >> len 15 cmd $SMACQ,1,11,0
10-26 00:38:52.334   906 24207 D RSMC-110X-PHY: RsmcAcq: enable=1,prn=11,crazy=0
10-26 00:38:52.334   906 24207 I RSMC-110X-PHY: PhyProcess: msg type = 401, status=2
10-26 00:38:52.334   906 24207 I RSMC-PHY-ACQ: StartAcqTimer: 1000
10-26 00:38:52.334   906 24207 I RSMC-PHY-ACQ: StopAcqTimer
10-26 00:38:52.334   906 24207 I RSMC-PHY-110X-CHANNEL-MANAGER: BeamGetTimeOffset: prn=11,timeoffset=26016.000000
10-26 00:38:52.334   906 24207 D RSMC-110XPHY-ADAPTOR: SendAcqCmd
10-26 00:38:52.334   906 24207 I RSMC-110XPHY-ADAPTOR: 110X_DATA >> $SMRACQ=1,11,18F0,E7,26016000,0,1,0,500
10-26 00:38:52.334   906 24207 I RSMC-PHY-ACQ: StartRdrTimer: 8000
10-26 00:38:52.334   906 24207 I RSMC-PHY-ACQ: StopRdrTimer
10-26 00:38:52.335   906 24206 I RSMC-110XPHY-ADAPTOR: 110X_DATA << $SMRACQ,0,1,11,0
10-26 00:38:52.335   906 24206 I RSMC-PHY-ACQ: UnsolidAcqProc: 1
10-26 00:38:52.335   906 24206 I RSMC-PHY-ACQ: StopAcqTimer
10-26 00:38:52.335   906 24206 I RSMC-PHY-CMD: UnsoliRsmcAcq:enter 1
10-26 00:38:52.335   906 24206 D RSMC-PHY-CMD: PHY_DATA << $SMACQ,OK
10-26 00:38:52.335   906   953 D RSMC-MAINLOOP: process cb idx:1,cb:0x7831d21f28,fd:78
10-26 00:38:52.336   906   953 I RSMC-ATCMD: rsmc-process: S-M-A-C-Q OK! Func:UnsoliBdSmcMsgAcq
10-26 00:38:52.336   906   953 D RSMC-MAINLOOP: main poll next wait 1323 ms
10-26 00:38:52.455  2240  2240 W HIGNSS  : PE_RSMC:[CalCurAveClkDrift]curClkDriftCnt: 0
10-26 00:38:52.459   906 24206 I RSMC-110XPHY-ADAPTOR: 110X_DATA << $SMRFER,22,-243,40,991
10-26 00:38:52.459   906 24206 I RSMC-110XPHY-ADAPTOR: 110X_DATA << $SMRINT,68
10-26 00:38:53.354 13013 24242 I RSMC-SERVICE-SatAliMgr: bundle:Bundle[{targetPitch=30.775606537745922, mobilePitch=37.4, mobileAzimuth=222.9, trueNorthAzimuth=267.9, cnr=0, pitchAngleDelta=-6, eventValue0=0.5487589836120605, eventValue1=0.4440619945526123, eventValue2=0.5659679770469666, eventValue3=0.42585399746894836, azimuthDelta=0, targetAzimuth=222.23404972866706, sateIdx=60, trueNorthPitch=-77.37528}]
10-26 00:38:53.384   906 24206 I RSMC-110XPHY-ADAPTOR: 110X_DATA << $SMRRDR,1,11,15
10-26 00:38:53.384   906 24206 I RSMC-PHY-ACQ: StopRdrTimer
10-26 00:38:53.384   906 24206 I RSMC-PHY-ACQ: RdssAcqRdrHandle: rst:1
10-26 00:38:53.384   906 24206 E RSMC-PHY-ACQ: RdssAcqRdrHandle: rst err!
10-26 00:38:53.384   906 24206 D RSMC-PHY-CMD: PHY_DATA << $SMSTA,6,0
10-26 00:38:53.384   906 24206 I RSMC-110X-PHY: PHY_STATE: 2 -> 2
10-26 00:38:53.384   906   953 D RSMC-MAINLOOP: process cb idx:1,cb:0x7831d21f28,fd:78
10-26 00:38:53.385   906   953 I RSMC-ATCMD: UnsoliBdSmcMsgPhyStatusRpt:staus=6,cause=0
10-26 00:38:53.385   906   953 I RSMC-CtrlMsg: rsmc-process: phy status is 6! Func:BdspPhyStatusRptProcess
10-26 00:38:53.385   906   953 I RSMC-CtrlMsg: BdspGetTxToRxPolicy: txToRxPolicy = 2
10-26 00:38:53.385   906   953 I RSMC-context: rsmc-process: SysStatus report! status = 2, cause = 0! FUNC:NotifySmcSysStatusCb
10-26 00:38:53.385   906   953 D RSMC-msg-native: send data to framework
10-26 00:38:53.386 13013 13013 I RSMC-SERVICE-NativeAdaptor: handleRecvMsg msg len:8, type:1
10-26 00:38:53.387 13013 13013 I RSMC-SERVICE-NativeAdaptor: recvMsg processCb type: 1
10-26 00:38:53.387 13013 13013 I RSMC-SERVICE-Service: notifySysStatus CAP_FAIL_STATUS 0,true
10-26 00:38:53.387 13013 13013 I RSMC-SERVICE-SatAliMgr: in notifyAcqStatus 0
10-26 00:38:53.387   906   953 D RSMC-msg-native: send to framework msg succ
10-26 00:38:53.387   906   953 I RSMC-CtrlMsg: rsmc-process: status from 1 to 1!
10-26 00:38:53.387   906   953 D RSMC-MAINLOOP: main poll next wait 271 ms
10-26 00:38:53.387 13013 13013 I RSMC-SERVICE-SatAliMgr: handleAcqFail:false,true,0,false
10-26 00:38:53.387 13013 13013 I RSMC-SERVICE-SatAliMgr: handle110XAcqFail: isSafeMode=true, isFirstSatAcq=false, m110xAcqTimeOut=0
10-26 00:38:53.387 13013 13013 I RSMC-SERVICE-SatAliMgr: handle110XAcqFail4Rev: isSafeMode=true, isFirstSatAcq=false, m110xAcqTimeOut=0
10-26 00:38:53.387 13013 13013 I RSMC-SERVICE-SatAliMgr: handle110XAcqFail4Rev: getCurrentAcqPrn=11
10-26 00:38:53.387 13013 13013 I RSMC-SERVICE-Service: rsmc-process: smc service set acq status: 1,11,11,0,0,true,-1,false
10-26 00:38:53.387 13013 13013 I RSMC-SERVICE-NativeAdaptor: in SetAcqEnable status:0,prn:11
10-26 00:38:53.388 13013 13013 I RSMC-SERVICE-NativeAdaptor: sendMsg enter
10-26 00:38:53.389  1853  2099 I HwSmcManager: setRsmcMsgToFwk intent type: 0
10-26 00:38:53.390 13013 13013 I RSMC-SERVICE-NativeAdaptor: sendMsg msg send succ, type: 0
10-26 00:38:53.391   906   949 I RSMC-msg-native: rsmc-process: process hidl msg, msgLen is 20, Func:NativeRecvHidlData
10-26 00:38:53.391   906   953 D RSMC-MAINLOOP: process cb idx:0,cb:0x7831d24cf4,fd:6
10-26 00:38:53.392   906   953 D RSMC-msg-native: ProcessFrkMsg enter, type:12
10-26 00:38:53.392   906   953 I RSMC-CtrlMsg: rsmc-process: SetSmoothCnt is 255!
10-26 00:38:53.392   906   953 I RSMC-CtrlMsg: rsmc-process:  InitMeasReportCnt!
10-26 00:38:53.392   906   953 I RSMC-ATCMD: CmdSend: fid(95) $SMACQ,0,11,0
10-26 00:38:53.392   906   953 I RSMC-ATCMD: rsmc-process: S-M-A-C-Q,0,11,0! Func:BdSmcAcq
10-26 00:38:53.392   906 24207 D RSMC-PHY-CMD: CmdReadProcess: PHY_DATA >> len 15 cmd $SMACQ,0,11,0
10-26 00:38:53.392   906   953 D RSMC-MAINLOOP: main poll next wait 266 ms
10-26 00:38:53.392   906 24207 D RSMC-110X-PHY: RsmcAcq: enable=0,prn=11,crazy=0
10-26 00:38:53.392   906 24207 I RSMC-110X-PHY: PhyProcess: msg type = 405, status=2
10-26 00:38:53.392   906 24207 I RSMC-PHY-ACQ: RdssAcqStopReqEventProc: enter
10-26 00:38:53.392   906 24207 I RSMC-PHY-ACQ: StopRdrTimer
10-26 00:38:53.392   906 24207 D RSMC-110XPHY-ADAPTOR: SendAcqCmd
10-26 00:38:53.393   906 24207 I RSMC-110XPHY-ADAPTOR: 110X_DATA >> $SMRACQ=0
10-26 00:38:53.393   906 24207 I RSMC-110X-PHY: PHY_STATE: 2 -> 2
10-26 00:38:53.395   906 24206 I RSMC-110XPHY-ADAPTOR: 110X_DATA << $SMRACQ,0,0,0,0
10-26 00:38:53.395   906 24206 I RSMC-PHY-ACQ: UnsolidAcqProc: 1
10-26 00:38:53.395   906 24206 I RSMC-PHY-ACQ: StopAcqTimer
10-26 00:38:53.396   906 24206 I RSMC-PHY-CMD: UnsoliRsmcAcq:enter 1
10-26 00:38:53.396   906 24206 D RSMC-PHY-CMD: PHY_DATA << $SMACQ,OK
10-26 00:38:53.396   906   953 D RSMC-MAINLOOP: process cb idx:1,cb:0x7831d21f28,fd:78
10-26 00:38:53.396   906   953 I RSMC-ATCMD: rsmc-process: S-M-A-C-Q OK! Func:UnsoliBdSmcMsgAcq
10-26 00:38:53.396   906   953 I RSMC-context: rsmc-process: SysStatus report! status = 7, cause = 0! FUNC:NotifySmcSysStatusCb
10-26 00:38:53.396   906   953 D RSMC-msg-native: send data to framework
10-26 00:38:53.398 13013 13013 I RSMC-SERVICE-NativeAdaptor: handleRecvMsg msg len:8, type:1
10-26 00:38:53.398 13013 13013 I RSMC-SERVICE-NativeAdaptor: recvMsg processCb type: 1
10-26 00:38:53.398 13013 13013 I RSMC-SERVICE-Service: notifySysStatus: STOP_CAP_SUCC,-2,11
10-26 00:38:53.398   906   953 D RSMC-msg-native: send to framework msg succ
10-26 00:38:53.398 13013 13013 I RSMC-SERVICE-Service: rsmc-process: smc service set acq status: 1,11,11,0,-2,true,-1,false
10-26 00:38:53.398   906   953 I RSMC-CtrlMsg: rsmc-process: status from 1 to 1!
10-26 00:38:53.398 13013 13013 I RSMC-SERVICE-NativeAdaptor: in SetAcqEnable status:1,prn:11
10-26 00:38:53.398   906   953 D RSMC-MAINLOOP: main poll next wait 260 ms
10-26 00:38:53.399 13013 13013 I RSMC-SERVICE-NativeAdaptor: sendMsg enter
10-26 00:38:53.399  1853  2099 I HwSmcManager: setRsmcMsgToFwk intent type: 0
10-26 00:38:53.400 13013 13013 I RSMC-SERVICE-NativeAdaptor: sendMsg msg send succ, type: 0
10-26 00:38:53.401   906   949 I RSMC-msg-native: rsmc-process: process hidl msg, msgLen is 20, Func:NativeRecvHidlData
10-26 00:38:53.401   906   953 D RSMC-MAINLOOP: process cb idx:0,cb:0x7831d24cf4,fd:6
10-26 00:38:53.401   906   953 D RSMC-msg-native: ProcessFrkMsg enter, type:12
10-26 00:38:53.401   906   953 I RSMC-CtrlMsg: rsmc-process: SetSmoothCnt is 255!
10-26 00:38:53.401   906   953 I RSMC-CtrlMsg: rsmc-process:  InitMeasReportCnt!
10-26 00:38:53.401   906   953 I RSMC-ATCMD: CmdSend: fid(95) $SMACQ,1,11,0
10-26 00:38:53.401   906   953 I RSMC-ATCMD: rsmc-process: S-M-A-C-Q,1,11,0! Func:BdSmcAcq
10-26 00:38:53.401   906   953 D RSMC-MAINLOOP: main poll next wait 257 ms
10-26 00:38:53.401   906 24207 D RSMC-PHY-CMD: CmdReadProcess: PHY_DATA >> len 15 cmd $SMACQ,1,11,0
10-26 00:38:53.402   906 24207 D RSMC-110X-PHY: RsmcAcq: enable=1,prn=11,crazy=0
10-26 00:38:53.402   906 24207 I RSMC-110X-PHY: PhyProcess: msg type = 401, status=2
10-26 00:38:53.402   906 24207 I RSMC-PHY-ACQ: StartAcqTimer: 1000
10-26 00:38:53.402   906 24207 I RSMC-PHY-ACQ: StopAcqTimer
10-26 00:38:53.402   906 24207 I RSMC-PHY-110X-CHANNEL-MANAGER: BeamGetTimeOffset: prn=11,timeoffset=26016.000000
10-26 00:38:53.402   906 24207 D RSMC-110XPHY-ADAPTOR: SendAcqCmd
10-26 00:38:53.402   906 24207 I RSMC-110XPHY-ADAPTOR: 110X_DATA >> $SMRACQ=1,11,18F0,E7,26016000,0,1,0,500
10-26 00:38:53.402   906 24207 I RSMC-PHY-ACQ: StartRdrTimer: 8000
10-26 00:38:53.402   906 24207 I RSMC-PHY-ACQ: StopRdrTimer
10-26 00:38:53.404   906 24206 I RSMC-110XPHY-ADAPTOR: 110X_DATA << $SMRACQ,0,1,11,0
10-26 00:38:53.404   906 24206 I RSMC-PHY-ACQ: UnsolidAcqProc: 1
10-26 00:38:53.404   906 24206 I RSMC-PHY-ACQ: StopAcqTimer
10-26 00:38:53.404   906 24206 I RSMC-PHY-CMD: UnsoliRsmcAcq:enter 1
10-26 00:38:53.404   906 24206 D RSMC-PHY-CMD: PHY_DATA << $SMACQ,OK
10-26 00:38:53.404   906   953 D RSMC-MAINLOOP: process cb idx:1,cb:0x7831d21f28,fd:78
10-26 00:38:53.404   906   953 I RSMC-ATCMD: rsmc-process: S-M-A-C-Q OK! Func:UnsoliBdSmcMsgAcq
10-26 00:38:53.404   906   953 D RSMC-MAINLOOP: main poll next wait 255 ms
10-26 00:38:53.455  2240  2240 W HIGNSS  : PE_RSMC:[CalCurAveClkDrift]curClkDriftCnt: 0
10-26 00:38:53.458   906 24206 I RSMC-110XPHY-ADAPTOR: 110X_DATA << $SMRFER,22,-243,40,991
10-26 00:38:53.458   906 24206 I RSMC-110XPHY-ADAPTOR: 110X_DATA << $SMRINT,67
10-26 00:38:53.662   906   953 D RSMC-MAINLOOP: main poll next wait 30991 ms
10-26 00:38:53.662   906 24309 D RSMC-cfg: QueryThread: enter
10-26 00:38:53.663   906 24309 D RSMC-cfg: QueryThread: exit
10-26 00:38:53.663   906   953 D RSMC-MAINLOOP: process cb idx:0,cb:0x7831d24cf4,fd:6
10-26 00:38:53.663   906   953 D RSMC-timer: DeleteTimerProcess enter, len:120
10-26 00:38:53.663   906   953 D RSMC-MAINLOOP: main poll next wait 5000 ms
10-26 00:38:54.378 13013 24242 I RSMC-SERVICE-SatAliMgr: bundle:Bundle[{targetPitch=30.775606537745922, mobilePitch=37.3, mobileAzimuth=222.8, trueNorthAzimuth=267.8, cnr=0, pitchAngleDelta=-6, eventValue0=0.5478209853172302, eventValue1=0.4439060091972351, eventValue2=0.5669159889221191, eventValue3=0.42596301436424255, azimuthDelta=0, targetAzimuth=222.23404972866706, sateIdx=60, trueNorthPitch=-77.29573}]
10-26 00:38:54.451   906 24206 I RSMC-110XPHY-ADAPTOR: 110X_DATA << $SMRRDR,1,11,15
10-26 00:38:54.451   906 24206 I RSMC-PHY-ACQ: StopRdrTimer
